Archive member included to satisfy reference by file (symbol)

/usr/bin/../lib/gcc/arm-none-eabi/8.3.1/../../../../arm-none-eabi/lib/thumb/v7-m/nofp/libc_nano.a(lib_a-exit.o)
                              /usr/bin/../lib/gcc/arm-none-eabi/8.3.1/../../../../arm-none-eabi/lib/thumb/v7-m/nofp/crt0.o (exit)
/usr/bin/../lib/gcc/arm-none-eabi/8.3.1/../../../../arm-none-eabi/lib/thumb/v7-m/nofp/libc_nano.a(lib_a-impure.o)
                              /usr/bin/../lib/gcc/arm-none-eabi/8.3.1/../../../../arm-none-eabi/lib/thumb/v7-m/nofp/libc_nano.a(lib_a-exit.o) (_global_impure_ptr)
/usr/bin/../lib/gcc/arm-none-eabi/8.3.1/../../../../arm-none-eabi/lib/thumb/v7-m/nofp/libc_nano.a(lib_a-init.o)
                              /usr/bin/../lib/gcc/arm-none-eabi/8.3.1/../../../../arm-none-eabi/lib/thumb/v7-m/nofp/crt0.o (__libc_init_array)
/usr/bin/../lib/gcc/arm-none-eabi/8.3.1/../../../../arm-none-eabi/lib/thumb/v7-m/nofp/libc_nano.a(lib_a-memset.o)
                              /usr/bin/../lib/gcc/arm-none-eabi/8.3.1/../../../../arm-none-eabi/lib/thumb/v7-m/nofp/crt0.o (memset)
/usr/bin/../lib/gcc/arm-none-eabi/8.3.1/../../../../arm-none-eabi/lib/thumb/v7-m/nofp/libc_nano.a(lib_a-strcmp.o)
                              build/command_line.o (strcmp)
/usr/bin/../lib/gcc/arm-none-eabi/8.3.1/../../../../arm-none-eabi/lib/thumb/v7-m/nofp/libc_nano.a(lib_a-strlen.o)
                              build/main.o (strlen)
/usr/bin/../lib/gcc/arm-none-eabi/8.3.1/../../../../arm-none-eabi/lib/thumb/v7-m/nofp/libnosys.a(_exit.o)
                              /usr/bin/../lib/gcc/arm-none-eabi/8.3.1/../../../../arm-none-eabi/lib/thumb/v7-m/nofp/libc_nano.a(lib_a-exit.o) (_exit)
/usr/bin/../lib/gcc/arm-none-eabi/8.3.1/thumb/v7-m/nofp/libgcc.a(_aeabi_uldivmod.o)
                              build/stm32f2xx_hal_rcc.o (__aeabi_uldivmod)
/usr/bin/../lib/gcc/arm-none-eabi/8.3.1/thumb/v7-m/nofp/libgcc.a(_udivmoddi4.o)
                              /usr/bin/../lib/gcc/arm-none-eabi/8.3.1/thumb/v7-m/nofp/libgcc.a(_aeabi_uldivmod.o) (__udivmoddi4)
/usr/bin/../lib/gcc/arm-none-eabi/8.3.1/thumb/v7-m/nofp/libgcc.a(_dvmd_tls.o)
                              /usr/bin/../lib/gcc/arm-none-eabi/8.3.1/thumb/v7-m/nofp/libgcc.a(_aeabi_uldivmod.o) (__aeabi_ldiv0)

Allocating common symbols
Common symbol       size              file

recvd_data          0x1               build/main.o
command             0x4               build/main.o
uwTick              0x4               build/stm32f2xx_hal.o
pFlash              0x20              build/stm32f2xx_hal_flash.o
htim3               0x48              build/main.o
hdma_usart1_tx      0x60              build/main.o
hdma_usart1_rx      0x60              build/main.o
huart1              0x48              build/main.o
data_buffer         0x64              build/main.o

Discarded input sections

 .text          0x0000000000000000        0x0 /usr/bin/../lib/gcc/arm-none-eabi/8.3.1/thumb/v7-m/nofp/crti.o
 .data          0x0000000000000000        0x0 /usr/bin/../lib/gcc/arm-none-eabi/8.3.1/thumb/v7-m/nofp/crti.o
 .bss           0x0000000000000000        0x0 /usr/bin/../lib/gcc/arm-none-eabi/8.3.1/thumb/v7-m/nofp/crti.o
 .data          0x0000000000000000        0x4 /usr/bin/../lib/gcc/arm-none-eabi/8.3.1/thumb/v7-m/nofp/crtbegin.o
 .text          0x0000000000000000       0x74 /usr/bin/../lib/gcc/arm-none-eabi/8.3.1/../../../../arm-none-eabi/lib/thumb/v7-m/nofp/crt0.o
 .data          0x0000000000000000        0x0 /usr/bin/../lib/gcc/arm-none-eabi/8.3.1/../../../../arm-none-eabi/lib/thumb/v7-m/nofp/crt0.o
 .bss           0x0000000000000000        0x0 /usr/bin/../lib/gcc/arm-none-eabi/8.3.1/../../../../arm-none-eabi/lib/thumb/v7-m/nofp/crt0.o
 .ARM.extab     0x0000000000000000        0x0 /usr/bin/../lib/gcc/arm-none-eabi/8.3.1/../../../../arm-none-eabi/lib/thumb/v7-m/nofp/crt0.o
 .ARM.exidx     0x0000000000000000        0x8 /usr/bin/../lib/gcc/arm-none-eabi/8.3.1/../../../../arm-none-eabi/lib/thumb/v7-m/nofp/crt0.o
 .ARM.attributes
                0x0000000000000000       0x1b /usr/bin/../lib/gcc/arm-none-eabi/8.3.1/../../../../arm-none-eabi/lib/thumb/v7-m/nofp/crt0.o
 .text          0x0000000000000000        0x0 build/main.o
 .data          0x0000000000000000        0x0 build/main.o
 .bss           0x0000000000000000        0x0 build/main.o
 .text          0x0000000000000000        0x0 build/stm32f2xx_it.o
 .data          0x0000000000000000        0x0 build/stm32f2xx_it.o
 .bss           0x0000000000000000        0x0 build/stm32f2xx_it.o
 .text          0x0000000000000000        0x0 build/stm32f2xx_hal_msp.o
 .data          0x0000000000000000        0x0 build/stm32f2xx_hal_msp.o
 .bss           0x0000000000000000        0x0 build/stm32f2xx_hal_msp.o
 .text.HAL_TIM_Base_MspDeInit
                0x0000000000000000       0x20 build/stm32f2xx_hal_msp.o
 .text.HAL_UART_MspDeInit
                0x0000000000000000       0x44 build/stm32f2xx_hal_msp.o
 .text          0x0000000000000000        0x0 build/stm32f2xx_hal_tim.o
[...]
Memory Configuration

Name             Origin             Length             Attributes
RAM              0x0000000020000000 0x0000000000020000 xrw
FLASH            0x0000000008000000 0x0000000000080000 xr
*default*        0x0000000000000000 0xffffffffffffffff

Linker script and memory map

LOAD /usr/bin/../lib/gcc/arm-none-eabi/8.3.1/thumb/v7-m/nofp/crti.o
LOAD /usr/bin/../lib/gcc/arm-none-eabi/8.3.1/thumb/v7-m/nofp/crtbegin.o
LOAD /usr/bin/../lib/gcc/arm-none-eabi/8.3.1/../../../../arm-none-eabi/lib/thumb/v7-m/nofp/crt0.o
LOAD build/main.o
LOAD build/stm32f2xx_it.o
LOAD build/stm32f2xx_hal_msp.o
LOAD build/stm32f2xx_hal_tim.o
LOAD build/stm32f2xx_hal_tim_ex.o
LOAD build/stm32f2xx_hal.o
LOAD build/stm32f2xx_hal_rcc.o
LOAD build/stm32f2xx_hal_rcc_ex.o
LOAD build/stm32f2xx_hal_cortex.o
LOAD build/stm32f2xx_hal_flash.o
LOAD build/stm32f2xx_hal_flash_ex.o
LOAD build/stm32f2xx_hal_pwr.o
LOAD build/stm32f2xx_hal_pwr_ex.o
LOAD build/stm32f2xx_hal_gpio.o
LOAD build/stm32f2xx_hal_dma.o
LOAD build/stm32f2xx_hal_dma_ex.o
LOAD build/stm32f2xx_hal_exti.o
LOAD build/system_stm32f2xx.o
LOAD build/stm32f2xx_hal_uart.o
LOAD build/led_color.o
LOAD build/command_line.o
LOAD build/startup_stm32f205xx.o
LOAD /usr/bin/../lib/gcc/arm-none-eabi/8.3.1/../../../../arm-none-eabi/lib/thumb/v7-m/nofp/libc_nano.a
LOAD /usr/bin/../lib/gcc/arm-none-eabi/8.3.1/../../../../arm-none-eabi/lib/thumb/v7-m/nofp/libm.a
LOAD /usr/bin/../lib/gcc/arm-none-eabi/8.3.1/../../../../arm-none-eabi/lib/thumb/v7-m/nofp/libnosys.a
START GROUP
LOAD /usr/bin/../lib/gcc/arm-none-eabi/8.3.1/thumb/v7-m/nofp/libgcc.a
LOAD /usr/bin/../lib/gcc/arm-none-eabi/8.3.1/../../../../arm-none-eabi/lib/thumb/v7-m/nofp/libc_nano.a
END GROUP
START GROUP
LOAD /usr/bin/../lib/gcc/arm-none-eabi/8.3.1/thumb/v7-m/nofp/libgcc.a
LOAD /usr/bin/../lib/gcc/arm-none-eabi/8.3.1/../../../../arm-none-eabi/lib/thumb/v7-m/nofp/libc_nano.a
END GROUP
LOAD /usr/bin/../lib/gcc/arm-none-eabi/8.3.1/thumb/v7-m/nofp/crtend.o
LOAD /usr/bin/../lib/gcc/arm-none-eabi/8.3.1/thumb/v7-m/nofp/crtn.o
                0x0000000020020000                _estack = 0x20020000
                0x0000000000000200                _Min_Heap_Size = 0x200
                0x0000000000000400                _Min_Stack_Size = 0x400

.isr_vector     0x0000000008000000      0x184
                0x0000000008000000                . = ALIGN (0x4)
 *(.isr_vector)
 .isr_vector    0x0000000008000000      0x184 build/startup_stm32f205xx.o
                0x0000000008000000                g_pfnVectors
                0x0000000008000184                . = ALIGN (0x4)

.text           0x0000000008000184     0x2aac
                0x0000000008000184                . = ALIGN (0x4)
 *(.text)
 .text          0x0000000008000184       0x40 /usr/bin/../lib/gcc/arm-none-eabi/8.3.1/thumb/v7-m/nofp/crtbegin.o
 .text          0x00000000080001c4       0x14 /usr/bin/../lib/gcc/arm-none-eabi/8.3.1/../../../../arm-none-eabi/lib/thumb/v7-m/nofp/libc_nano.a(lib_a-strcmp.o)
                0x00000000080001c4                strcmp
 .text          0x00000000080001d8       0x10 /usr/bin/../lib/gcc/arm-none-eabi/8.3.1/../../../../arm-none-eabi/lib/thumb/v7-m/nofp/libc_nano.a(lib_a-strlen.o)
                0x00000000080001d8                strlen
 .text          0x00000000080001e8       0x30 /usr/bin/../lib/gcc/arm-none-eabi/8.3.1/thumb/v7-m/nofp/libgcc.a(_aeabi_uldivmod.o)
                0x00000000080001e8                __aeabi_uldivmod
 .text          0x0000000008000218      0x2d0 /usr/bin/../lib/gcc/arm-none-eabi/8.3.1/thumb/v7-m/nofp/libgcc.a(_udivmoddi4.o)
                0x0000000008000218                __udivmoddi4
 .text          0x00000000080004e8        0x4 /usr/bin/../lib/gcc/arm-none-eabi/8.3.1/thumb/v7-m/nofp/libgcc.a(_dvmd_tls.o)
                0x00000000080004e8                __aeabi_ldiv0
                0x00000000080004e8                __aeabi_idiv0
 *(.text*)
 .text.MX_GPIO_Init
                0x00000000080004ec       0x7c build/main.o
 .text.MX_DMA_Init
                0x0000000008000568       0x44 build/main.o
 .text.HAL_UART_TxCpltCallback
                0x00000000080005ac       0x1c build/main.o
                0x00000000080005ac                HAL_UART_TxCpltCallback
 .text.HAL_UART_RxCpltCallback
                0x00000000080005c8       0x60 build/main.o
                0x00000000080005c8                HAL_UART_RxCpltCallback
 .text.Error_Handler
                0x0000000008000628        0x4 build/main.o
                0x0000000008000628                Error_Handler
 .text.MX_USART1_UART_Init
                0x000000000800062c       0x34 build/main.o
 .text.MX_TIM3_Init
                0x0000000008000660       0xc8 build/main.o
 .text.SystemClock_Config
                0x0000000008000728       0x6e build/main.o
                0x0000000008000728                SystemClock_Config
 *fill*         0x0000000008000796        0x2 
 .text.main     0x0000000008000798       0xf4 build/main.o
                0x0000000008000798                main
 .text.NMI_Handler
                0x000000000800088c        0x2 build/stm32f2xx_it.o
                0x000000000800088c                NMI_Handler
 .text.HardFault_Handler
                0x000000000800088e        0x2 build/stm32f2xx_it.o
                0x000000000800088e                HardFault_Handler
 .text.MemManage_Handler
                0x0000000008000890        0x2 build/stm32f2xx_it.o
                0x0000000008000890                MemManage_Handler
 .text.BusFault_Handler
                0x0000000008000892        0x2 build/stm32f2xx_it.o
                0x0000000008000892                BusFault_Handler
 .text.UsageFault_Handler
                0x0000000008000894        0x2 build/stm32f2xx_it.o
                0x0000000008000894                UsageFault_Handler
 .text.SVC_Handler
                0x0000000008000896        0x2 build/stm32f2xx_it.o
                0x0000000008000896                SVC_Handler
 .text.DebugMon_Handler
                0x0000000008000898        0x2 build/stm32f2xx_it.o
                0x0000000008000898                DebugMon_Handler
 .text.PendSV_Handler
                0x000000000800089a        0x2 build/stm32f2xx_it.o
                0x000000000800089a                PendSV_Handler
 .text.SysTick_Handler
                0x000000000800089c        0x8 build/stm32f2xx_it.o
                0x000000000800089c                SysTick_Handler
 .text.EXTI9_5_IRQHandler
                0x00000000080008a4        0xc build/stm32f2xx_it.o
                0x00000000080008a4                EXTI9_5_IRQHandler
 .text.USART1_IRQHandler
                0x00000000080008b0       0x10 build/stm32f2xx_it.o
                0x00000000080008b0                USART1_IRQHandler
 .text.DMA2_Stream2_IRQHandler
                0x00000000080008c0       0x10 build/stm32f2xx_it.o
                0x00000000080008c0                DMA2_Stream2_IRQHandler
 .text.DMA2_Stream7_IRQHandler
                0x00000000080008d0       0x10 build/stm32f2xx_it.o
                0x00000000080008d0                DMA2_Stream7_IRQHandler
 .text.HAL_MspInit
                0x00000000080008e0       0x38 build/stm32f2xx_hal_msp.o
                0x00000000080008e0                HAL_MspInit
 .text.HAL_TIM_Base_MspInit
                0x0000000008000918       0x30 build/stm32f2xx_hal_msp.o
                0x0000000008000918                HAL_TIM_Base_MspInit
 .text.HAL_TIM_MspPostInit
                0x0000000008000948       0x58 build/stm32f2xx_hal_msp.o
                0x0000000008000948                HAL_TIM_MspPostInit
 .text.HAL_UART_MspInit
                0x00000000080009a0       0xfc build/stm32f2xx_hal_msp.o
                0x00000000080009a0                HAL_UART_MspInit
 .text.TIM_OC1_SetConfig
                0x0000000008000a9c       0x68 build/stm32f2xx_hal_tim.o
 .text.TIM_OC3_SetConfig
                0x0000000008000b04       0x70 build/stm32f2xx_hal_tim.o
 .text.TIM_OC4_SetConfig
                0x0000000008000b74       0x50 build/stm32f2xx_hal_tim.o
 .text.TIM_TI1_ConfigInputStage
                0x0000000008000bc4       0x24 build/stm32f2xx_hal_tim.o
 .text.TIM_TI2_ConfigInputStage
                0x0000000008000be8       0x26 build/stm32f2xx_hal_tim.o
 .text.TIM_ITRx_SetConfig
                0x0000000008000c0e       0x10 build/stm32f2xx_hal_tim.o
 .text.HAL_TIM_PWM_MspInit
                0x0000000008000c1e        0x2 build/stm32f2xx_hal_tim.o
                0x0000000008000c1e                HAL_TIM_PWM_MspInit
 .text.TIM_Base_SetConfig
                0x0000000008000c20       0xc8 build/stm32f2xx_hal_tim.o
                0x0000000008000c20                TIM_Base_SetConfig
 .text.HAL_TIM_Base_Init
                0x0000000008000ce8       0x58 build/stm32f2xx_hal_tim.o
                0x0000000008000ce8                HAL_TIM_Base_Init
 .text.HAL_TIM_PWM_Init
                0x0000000008000d40       0x58 build/stm32f2xx_hal_tim.o
                0x0000000008000d40                HAL_TIM_PWM_Init
 .text.TIM_OC2_SetConfig
                0x0000000008000d98       0x70 build/stm32f2xx_hal_tim.o
                0x0000000008000d98                TIM_OC2_SetConfig
 .text.HAL_TIM_PWM_ConfigChannel
                0x0000000008000e08       0xdc build/stm32f2xx_hal_tim.o
                0x0000000008000e08                HAL_TIM_PWM_ConfigChannel
 .text.TIM_ETR_SetConfig
                0x0000000008000ee4       0x16 build/stm32f2xx_hal_tim.o
                0x0000000008000ee4                TIM_ETR_SetConfig
 .text.HAL_TIM_ConfigClockSource
                0x0000000008000efa      0x100 build/stm32f2xx_hal_tim.o
                0x0000000008000efa                HAL_TIM_ConfigClockSource
 .text.TIM_CCxChannelCmd
                0x0000000008000ffa       0x20 build/stm32f2xx_hal_tim.o
                0x0000000008000ffa                TIM_CCxChannelCmd
 *fill*         0x000000000800101a        0x2 
 .text.HAL_TIM_PWM_Start
                0x000000000800101c      0x10c build/stm32f2xx_hal_tim.o
                0x000000000800101c                HAL_TIM_PWM_Start
 .text.HAL_TIMEx_MasterConfigSynchronization
                0x0000000008001128       0x88 build/stm32f2xx_hal_tim_ex.o
                0x0000000008001128                HAL_TIMEx_MasterConfigSynchronization
 .text.HAL_InitTick
                0x00000000080011b0       0x4c build/stm32f2xx_hal.o
                0x00000000080011b0                HAL_InitTick
 .text.HAL_Init
                0x00000000080011fc       0x34 build/stm32f2xx_hal.o
                0x00000000080011fc                HAL_Init
 .text.HAL_IncTick
                0x0000000008001230       0x18 build/stm32f2xx_hal.o
                0x0000000008001230                HAL_IncTick
 .text.HAL_GetTick
                0x0000000008001248        0xc build/stm32f2xx_hal.o
                0x0000000008001248                HAL_GetTick
 .text.HAL_Delay
                0x0000000008001254       0x2c build/stm32f2xx_hal.o
                0x0000000008001254                HAL_Delay
 .text.HAL_RCC_OscConfig
                0x0000000008001280      0x3c4 build/stm32f2xx_hal_rcc.o
                0x0000000008001280                HAL_RCC_OscConfig
 .text.HAL_RCC_GetSysClockFreq
                0x0000000008001644       0xd4 build/stm32f2xx_hal_rcc.o
                0x0000000008001644                HAL_RCC_GetSysClockFreq
 .text.HAL_RCC_ClockConfig
                0x0000000008001718      0x16c build/stm32f2xx_hal_rcc.o
                0x0000000008001718                HAL_RCC_ClockConfig
 .text.HAL_RCC_GetHCLKFreq
                0x0000000008001884        0xc build/stm32f2xx_hal_rcc.o
                0x0000000008001884                HAL_RCC_GetHCLKFreq
 .text.HAL_RCC_GetPCLK1Freq
                0x0000000008001890       0x2c build/stm32f2xx_hal_rcc.o
                0x0000000008001890                HAL_RCC_GetPCLK1Freq
 .text.HAL_RCC_GetPCLK2Freq
                0x00000000080018bc       0x2c build/stm32f2xx_hal_rcc.o
                0x00000000080018bc                HAL_RCC_GetPCLK2Freq
 .text.HAL_NVIC_SetPriorityGrouping
                0x00000000080018e8       0x24 build/stm32f2xx_hal_cortex.o
                0x00000000080018e8                HAL_NVIC_SetPriorityGrouping
 .text.HAL_NVIC_SetPriority
                0x000000000800190c       0x68 build/stm32f2xx_hal_cortex.o
                0x000000000800190c                HAL_NVIC_SetPriority
 .text.HAL_NVIC_EnableIRQ
                0x0000000008001974       0x1c build/stm32f2xx_hal_cortex.o
                0x0000000008001974                HAL_NVIC_EnableIRQ
 .text.HAL_SYSTICK_Config
                0x0000000008001990       0x2c build/stm32f2xx_hal_cortex.o
                0x0000000008001990                HAL_SYSTICK_Config
 .text.HAL_GPIO_Init
                0x00000000080019bc      0x1d4 build/stm32f2xx_hal_gpio.o
                0x00000000080019bc                HAL_GPIO_Init
 .text.HAL_GPIO_ReadPin
                0x0000000008001b90        0xe build/stm32f2xx_hal_gpio.o
                0x0000000008001b90                HAL_GPIO_ReadPin
 .text.HAL_GPIO_EXTI_Callback
                0x0000000008001b9e        0x2 build/stm32f2xx_hal_gpio.o
                0x0000000008001b9e                HAL_GPIO_EXTI_Callback
 .text.HAL_GPIO_EXTI_IRQHandler
                0x0000000008001ba0       0x1c build/stm32f2xx_hal_gpio.o
                0x0000000008001ba0                HAL_GPIO_EXTI_IRQHandler
 .text.DMA_CalcBaseAndBitshift
                0x0000000008001bbc       0x40 build/stm32f2xx_hal_dma.o
 .text.DMA_CheckFifoParam
                0x0000000008001bfc       0x8e build/stm32f2xx_hal_dma.o
 *fill*         0x0000000008001c8a        0x2 
 .text.HAL_DMA_Init
                0x0000000008001c8c       0xcc build/stm32f2xx_hal_dma.o
                0x0000000008001c8c                HAL_DMA_Init
 .text.HAL_DMA_Abort
                0x0000000008001d58       0x94 build/stm32f2xx_hal_dma.o
                0x0000000008001d58                HAL_DMA_Abort
 .text.HAL_DMA_Abort_IT
                0x0000000008001dec       0x26 build/stm32f2xx_hal_dma.o
                0x0000000008001dec                HAL_DMA_Abort_IT
 *fill*         0x0000000008001e12        0x2 
 .text.HAL_DMA_IRQHandler
                0x0000000008001e14      0x1dc build/stm32f2xx_hal_dma.o
                0x0000000008001e14                HAL_DMA_IRQHandler
 .text.SystemInit
                0x0000000008001ff0        0x2 build/system_stm32f2xx.o
                0x0000000008001ff0                SystemInit
 .text.UART_EndRxTransfer
                0x0000000008001ff2       0x5c build/stm32f2xx_hal_uart.o
 .text.UART_Transmit_IT
                0x000000000800204e       0x5e build/stm32f2xx_hal_uart.o
 .text.UART_SetConfig
                0x00000000080020ac       0xe4 build/stm32f2xx_hal_uart.o
 .text.UART_WaitOnFlagUntilTimeout
                0x0000000008002190       0x7e build/stm32f2xx_hal_uart.o
 .text.HAL_UART_Init
                0x000000000800220e       0x60 build/stm32f2xx_hal_uart.o
                0x000000000800220e                HAL_UART_Init
 .text.HAL_UART_Transmit
                0x000000000800226e       0xc0 build/stm32f2xx_hal_uart.o
                0x000000000800226e                HAL_UART_Transmit
 .text.HAL_UART_Transmit_IT
                0x000000000800232e       0x38 build/stm32f2xx_hal_uart.o
                0x000000000800232e                HAL_UART_Transmit_IT
 .text.UART_EndTransmit_IT
                0x0000000008002366       0x1a build/stm32f2xx_hal_uart.o
 .text.HAL_UART_ErrorCallback
                0x0000000008002380        0x2 build/stm32f2xx_hal_uart.o
                0x0000000008002380                HAL_UART_ErrorCallback
 .text.UART_DMAAbortOnError
                0x0000000008002382       0x10 build/stm32f2xx_hal_uart.o
 .text.HAL_UARTEx_RxEventCallback
                0x0000000008002392        0x2 build/stm32f2xx_hal_uart.o
                0x0000000008002392                HAL_UARTEx_RxEventCallback
 .text.UART_Receive_IT
                0x0000000008002394       0xe4 build/stm32f2xx_hal_uart.o
 .text.HAL_UART_IRQHandler
                0x0000000008002478      0x284 build/stm32f2xx_hal_uart.o
                0x0000000008002478                HAL_UART_IRQHandler
 .text.UART_Start_Receive_IT
                0x00000000080026fc       0x36 build/stm32f2xx_hal_uart.o
                0x00000000080026fc                UART_Start_Receive_IT
 .text.HAL_UART_Receive_IT
                0x0000000008002732       0x26 build/stm32f2xx_hal_uart.o
                0x0000000008002732                HAL_UART_Receive_IT
 .text.Set_Led_Color
                0x0000000008002758       0x74 build/led_color.o
                0x0000000008002758                Set_Led_Color
 .text.Print_To_Cli
                0x00000000080027cc       0x1c build/command_line.o
                0x00000000080027cc                Print_To_Cli
 .text.Get_Command
                0x00000000080027e8      0x384 build/command_line.o
                0x00000000080027e8                Get_Command
 .text.Reset_Handler
                0x0000000008002b6c       0x50 build/startup_stm32f205xx.o
                0x0000000008002b6c                Reset_Handler
 .text.Default_Handler
                0x0000000008002bbc        0x2 build/startup_stm32f205xx.o
                0x0000000008002bbc                RTC_Alarm_IRQHandler
                0x0000000008002bbc                HASH_RNG_IRQHandler
                0x0000000008002bbc                EXTI2_IRQHandler
                0x0000000008002bbc                TIM8_CC_IRQHandler
                0x0000000008002bbc                TIM1_CC_IRQHandler
                0x0000000008002bbc                DMA2_Stream5_IRQHandler
                0x0000000008002bbc                DMA1_Stream5_IRQHandler
                0x0000000008002bbc                PVD_IRQHandler
                0x0000000008002bbc                SDIO_IRQHandler
                0x0000000008002bbc                TAMP_STAMP_IRQHandler
                0x0000000008002bbc                CAN2_RX1_IRQHandler
                0x0000000008002bbc                EXTI3_IRQHandler
                0x0000000008002bbc                TIM8_TRG_COM_TIM14_IRQHandler
                0x0000000008002bbc                TIM1_UP_TIM10_IRQHandler
                0x0000000008002bbc                TIM8_UP_TIM13_IRQHandler
                0x0000000008002bbc                I2C3_ER_IRQHandler
                0x0000000008002bbc                EXTI0_IRQHandler
                0x0000000008002bbc                I2C2_EV_IRQHandler
                0x0000000008002bbc                DMA1_Stream2_IRQHandler
                0x0000000008002bbc                CAN1_RX0_IRQHandler
                0x0000000008002bbc                OTG_HS_WKUP_IRQHandler
                0x0000000008002bbc                CAN2_SCE_IRQHandler
                0x0000000008002bbc                SPI1_IRQHandler
                0x0000000008002bbc                TIM6_DAC_IRQHandler
                0x0000000008002bbc                TIM1_BRK_TIM9_IRQHandler
                0x0000000008002bbc                CAN2_RX0_IRQHandler
                0x0000000008002bbc                DMA2_Stream3_IRQHandler
                0x0000000008002bbc                USART6_IRQHandler
                0x0000000008002bbc                USART3_IRQHandler
                0x0000000008002bbc                CAN1_RX1_IRQHandler
                0x0000000008002bbc                UART5_IRQHandler
                0x0000000008002bbc                DMA2_Stream0_IRQHandler
                0x0000000008002bbc                TIM4_IRQHandler
                0x0000000008002bbc                I2C1_EV_IRQHandler
                0x0000000008002bbc                DMA1_Stream6_IRQHandler
                0x0000000008002bbc                DMA1_Stream1_IRQHandler
                0x0000000008002bbc                UART4_IRQHandler
                0x0000000008002bbc                TIM3_IRQHandler
                0x0000000008002bbc                RCC_IRQHandler
                0x0000000008002bbc                TIM8_BRK_TIM12_IRQHandler
                0x0000000008002bbc                Default_Handler
                0x0000000008002bbc                EXTI15_10_IRQHandler
                0x0000000008002bbc                ADC_IRQHandler
                0x0000000008002bbc                DMA1_Stream7_IRQHandler
                0x0000000008002bbc                TIM7_IRQHandler
                0x0000000008002bbc                CAN2_TX_IRQHandler
                0x0000000008002bbc                TIM5_IRQHandler
                0x0000000008002bbc                I2C3_EV_IRQHandler
                0x0000000008002bbc                RTC_WKUP_IRQHandler
                0x0000000008002bbc                SPI2_IRQHandler
                0x0000000008002bbc                OTG_HS_EP1_IN_IRQHandler
                0x0000000008002bbc                DMA1_Stream0_IRQHandler
                0x0000000008002bbc                CAN1_TX_IRQHandler
                0x0000000008002bbc                EXTI4_IRQHandler
                0x0000000008002bbc                FSMC_IRQHandler
                0x0000000008002bbc                OTG_HS_EP1_OUT_IRQHandler
                0x0000000008002bbc                WWDG_IRQHandler
                0x0000000008002bbc                TIM2_IRQHandler
                0x0000000008002bbc                OTG_FS_WKUP_IRQHandler
                0x0000000008002bbc                TIM1_TRG_COM_TIM11_IRQHandler
                0x0000000008002bbc                OTG_HS_IRQHandler
                0x0000000008002bbc                EXTI1_IRQHandler
                0x0000000008002bbc                USART2_IRQHandler
                0x0000000008002bbc                I2C2_ER_IRQHandler
                0x0000000008002bbc                DMA2_Stream1_IRQHandler
                0x0000000008002bbc                CAN1_SCE_IRQHandler
                0x0000000008002bbc                FLASH_IRQHandler
                0x0000000008002bbc                DMA2_Stream4_IRQHandler
                0x0000000008002bbc                OTG_FS_IRQHandler
                0x0000000008002bbc                SPI3_IRQHandler
                0x0000000008002bbc                DMA1_Stream4_IRQHandler
                0x0000000008002bbc                I2C1_ER_IRQHandler
                0x0000000008002bbc                DMA2_Stream6_IRQHandler
                0x0000000008002bbc                DMA1_Stream3_IRQHandler
 *fill*         0x0000000008002bbe        0x2 
 .text.__libc_init_array
                0x0000000008002bc0       0x48 /usr/bin/../lib/gcc/arm-none-eabi/8.3.1/../../../../arm-none-eabi/lib/thumb/v7-m/nofp/libc_nano.a(lib_a-init.o)
                0x0000000008002bc0                __libc_init_array
 .text.memset   0x0000000008002c08       0x10 /usr/bin/../lib/gcc/arm-none-eabi/8.3.1/../../../../arm-none-eabi/lib/thumb/v7-m/nofp/libc_nano.a(lib_a-memset.o)
                0x0000000008002c08                memset
 *(.glue_7)
 .glue_7        0x0000000008002c18        0x0 linker stubs
 *(.glue_7t)
 .glue_7t       0x0000000008002c18        0x0 linker stubs
 *(.eh_frame)
 .eh_frame      0x0000000008002c18        0x0 /usr/bin/../lib/gcc/arm-none-eabi/8.3.1/thumb/v7-m/nofp/crtbegin.o
 *(.init)
 .init          0x0000000008002c18        0x4 /usr/bin/../lib/gcc/arm-none-eabi/8.3.1/thumb/v7-m/nofp/crti.o
                0x0000000008002c18                _init
 .init          0x0000000008002c1c        0x8 /usr/bin/../lib/gcc/arm-none-eabi/8.3.1/thumb/v7-m/nofp/crtn.o
 *(.fini)
 .fini          0x0000000008002c24        0x4 /usr/bin/../lib/gcc/arm-none-eabi/8.3.1/thumb/v7-m/nofp/crti.o
                0x0000000008002c24                _fini
 .fini          0x0000000008002c28        0x8 /usr/bin/../lib/gcc/arm-none-eabi/8.3.1/thumb/v7-m/nofp/crtn.o
                0x0000000008002c30                . = ALIGN (0x4)
                0x0000000008002c30                _etext = .

.vfp11_veneer   0x0000000008002c30        0x0
 .vfp11_veneer  0x0000000008002c30        0x0 linker stubs

.v4_bx          0x0000000008002c30        0x0
 .v4_bx         0x0000000008002c30        0x0 linker stubs

.iplt           0x0000000008002c30        0x0
 .iplt          0x0000000008002c30        0x0 /usr/bin/../lib/gcc/arm-none-eabi/8.3.1/thumb/v7-m/nofp/crtbegin.o

.rodata         0x0000000008002c30       0x80
                0x0000000008002c30                . = ALIGN (0x4)
 *(.rodata)
 *(.rodata*)
 .rodata.HAL_UART_RxCpltCallback.str1.4
                0x0000000008002c30        0x0 build/main.o
                                          0x3 (size before relaxing)
 .rodata.main.str1.4
                0x0000000008002c30       0x19 build/main.o
 *fill*         0x0000000008002c49        0x3 
 .rodata.str1.4
                0x0000000008002c4c       0x1d build/main.o
 *fill*         0x0000000008002c69        0x3 
 .rodata.flagBitshiftOffset.6587
                0x0000000008002c6c        0x8 build/stm32f2xx_hal_dma.o
 .rodata.AHBPrescTable
                0x0000000008002c74       0x10 build/system_stm32f2xx.o
                0x0000000008002c74                AHBPrescTable
 .rodata.APBPrescTable
                0x0000000008002c84        0x8 build/system_stm32f2xx.o
                0x0000000008002c84                APBPrescTable
 .rodata.Get_Command.str1.4
                0x0000000008002c8c       0x24 build/command_line.o
                0x0000000008002cb0                . = ALIGN (0x4)

.ARM.extab
 *(.ARM.extab* .gnu.linkonce.armextab.*)

.ARM            0x0000000008002cb0        0x8
                0x0000000008002cb0                __exidx_start = .
 *(.ARM.exidx*)
 .ARM.exidx     0x0000000008002cb0        0x8 /usr/bin/../lib/gcc/arm-none-eabi/8.3.1/thumb/v7-m/nofp/libgcc.a(_udivmoddi4.o)
                0x0000000008002cb8                __exidx_end = .

.rel.dyn        0x0000000008002cb8        0x0
 .rel.iplt      0x0000000008002cb8        0x0 /usr/bin/../lib/gcc/arm-none-eabi/8.3.1/thumb/v7-m/nofp/crtbegin.o

.preinit_array  0x0000000008002cb8        0x0
                0x0000000008002cb8                PROVIDE (__preinit_array_start = .)
 *(.preinit_array*)
                0x0000000008002cb8                PROVIDE (__preinit_array_end = .)

.init_array     0x0000000008002cb8        0x4
                0x0000000008002cb8                PROVIDE (__init_array_start = .)
 *(SORT_BY_NAME(.init_array.*))
 *(.init_array*)
 .init_array    0x0000000008002cb8        0x4 /usr/bin/../lib/gcc/arm-none-eabi/8.3.1/thumb/v7-m/nofp/crtbegin.o
                0x0000000008002cbc                PROVIDE (__init_array_end = .)

.fini_array     0x0000000008002cbc        0x4
                [!provide]                        PROVIDE (__fini_array_start = .)
 *(SORT_BY_NAME(.fini_array.*))
 *(.fini_array*)
 .fini_array    0x0000000008002cbc        0x4 /usr/bin/../lib/gcc/arm-none-eabi/8.3.1/thumb/v7-m/nofp/crtbegin.o
                [!provide]                        PROVIDE (__fini_array_end = .)
                0x0000000008002cc0                _sidata = LOADADDR (.data)

.data           0x0000000020000000       0x60 load address 0x0000000008002cc0
                0x0000000020000000                . = ALIGN (0x4)
                0x0000000020000000                _sdata = .
 *(.data)
 *(.data*)
 .data.LedColor
                0x0000000020000000        0x1 build/main.o
                0x0000000020000000                LedColor
 .data.brightness
                0x0000000020000001        0x1 build/main.o
                0x0000000020000001                brightness
 *fill*         0x0000000020000002        0x2 
 .data.user_data
                0x0000000020000004        0x4 build/main.o
                0x0000000020000004                user_data
 .data.uwTickFreq
                0x0000000020000008        0x1 build/stm32f2xx_hal.o
                0x0000000020000008                uwTickFreq
 *fill*         0x0000000020000009        0x3 
 .data.uwTickPrio
                0x000000002000000c        0x4 build/stm32f2xx_hal.o
                0x000000002000000c                uwTickPrio
 .data.SystemCoreClock
                0x0000000020000010        0x4 build/system_stm32f2xx.o
                0x0000000020000010                SystemCoreClock
 .data.command_aqua
                0x0000000020000014        0x5 build/command_line.o
                0x0000000020000014                command_aqua
 *fill*         0x0000000020000019        0x3 
 .data.command_black
                0x000000002000001c        0x6 build/command_line.o
                0x000000002000001c                command_black
 *fill*         0x0000000020000022        0x2 
 .data.command_blue
                0x0000000020000024        0x5 build/command_line.o
                0x0000000020000024                command_blue
 *fill*         0x0000000020000029        0x3 
 .data.command_br0
                0x000000002000002c        0x4 build/command_line.o
                0x000000002000002c                command_br0
 .data.command_br1
                0x0000000020000030        0x4 build/command_line.o
                0x0000000020000030                command_br1
 .data.command_br2
                0x0000000020000034        0x4 build/command_line.o
                0x0000000020000034                command_br2
 .data.command_br3
                0x0000000020000038        0x4 build/command_line.o
                0x0000000020000038                command_br3
 .data.command_fuchsia
                0x000000002000003c        0x8 build/command_line.o
                0x000000002000003c                command_fuchsia
 .data.command_green
                0x0000000020000044        0x6 build/command_line.o
                0x0000000020000044                command_green
 *fill*         0x000000002000004a        0x2 
 .data.command_red
                0x000000002000004c        0x4 build/command_line.o
                0x000000002000004c                command_red
 .data.command_white
                0x0000000020000050        0x6 build/command_line.o
                0x0000000020000050                command_white
 *fill*         0x0000000020000056        0x2 
 .data.command_yellow
                0x0000000020000058        0x7 build/command_line.o
                0x0000000020000058                command_yellow
                0x0000000020000060                . = ALIGN (0x4)
 *fill*         0x000000002000005f        0x1 
                0x0000000020000060                _edata = .

.igot.plt       0x0000000020000060        0x0 load address 0x0000000008002d20
 .igot.plt      0x0000000020000060        0x0 /usr/bin/../lib/gcc/arm-none-eabi/8.3.1/thumb/v7-m/nofp/crtbegin.o
                0x0000000020000060                . = ALIGN (0x4)

.bss            0x0000000020000060      0x1e4 load address 0x0000000008002d20
                0x0000000020000060                _sbss = .
                0x0000000020000060                __bss_start__ = _sbss
 *(.bss)
 .bss           0x0000000020000060       0x1c /usr/bin/../lib/gcc/arm-none-eabi/8.3.1/thumb/v7-m/nofp/crtbegin.o
 *(.bss*)
 .bss.command_flag
                0x000000002000007c        0x1 build/main.o
                0x000000002000007c                command_flag
 *fill*         0x000000002000007d        0x3 
 .bss.count     0x0000000020000080        0x4 build/main.o
                0x0000000020000080                count
 *(COMMON)
 COMMON         0x0000000020000084      0x1bc build/main.o
                0x0000000020000084                recvd_data
                0x0000000020000088                command
                0x000000002000008c                htim3
                0x00000000200000d4                hdma_usart1_tx
                0x0000000020000134                hdma_usart1_rx
                0x0000000020000194                huart1
                0x00000000200001dc                data_buffer
 COMMON         0x0000000020000240        0x4 build/stm32f2xx_hal.o
                0x0000000020000240                uwTick
                0x0000000020000244                . = ALIGN (0x4)
                0x0000000020000244                _ebss = .
                0x0000000020000244                __bss_end__ = _ebss

._user_heap_stack
                0x0000000020000244      0x604 load address 0x0000000008002d20
                0x0000000020000248                . = ALIGN (0x8)
 *fill*         0x0000000020000244        0x4 
                [!provide]                        PROVIDE (end = .)
                [!provide]                        PROVIDE (_end = .)
                0x0000000020000448                . = (. + _Min_Heap_Size)
 *fill*         0x0000000020000248      0x200 
                0x0000000020000848                . = (. + _Min_Stack_Size)
 *fill*         0x0000000020000448      0x400 
                0x0000000020000848                . = ALIGN (0x8)

/DISCARD/
 libc.a(*)
 libm.a(*)
 libgcc.a(*)

.ARM.attributes
                0x0000000000000000       0x29
 *(.ARM.attributes)
 .ARM.attributes
                0x0000000000000000       0x1d /usr/bin/../lib/gcc/arm-none-eabi/8.3.1/thumb/v7-m/nofp/crti.o
 .ARM.attributes
                0x000000000000001d       0x2d /usr/bin/../lib/gcc/arm-none-eabi/8.3.1/thumb/v7-m/nofp/crtbegin.o
 .ARM.attributes
                0x000000000000004a       0x2d build/main.o
 .ARM.attributes
                0x0000000000000077       0x2d build/stm32f2xx_it.o
 .ARM.attributes
                0x00000000000000a4       0x2d build/stm32f2xx_hal_msp.o
 .ARM.attributes
                0x00000000000000d1       0x2d build/stm32f2xx_hal_tim.o
 .ARM.attributes
                0x00000000000000fe       0x2d build/stm32f2xx_hal_tim_ex.o
 .ARM.attributes
                0x000000000000012b       0x2d build/stm32f2xx_hal.o
 .ARM.attributes
                0x0000000000000158       0x2d build/stm32f2xx_hal_rcc.o
 .ARM.attributes
                0x0000000000000185       0x2d build/stm32f2xx_hal_cortex.o
 .ARM.attributes
                0x00000000000001b2       0x2d build/stm32f2xx_hal_gpio.o
 .ARM.attributes
                0x00000000000001df       0x2d build/stm32f2xx_hal_dma.o
 .ARM.attributes
                0x000000000000020c       0x2d build/system_stm32f2xx.o
 .ARM.attributes
                0x0000000000000239       0x2d build/stm32f2xx_hal_uart.o
 .ARM.attributes
                0x0000000000000266       0x2d build/led_color.o
 .ARM.attributes
                0x0000000000000293       0x2d build/command_line.o
 .ARM.attributes
                0x00000000000002c0       0x21 build/startup_stm32f205xx.o
 .ARM.attributes
                0x00000000000002e1       0x2d /usr/bin/../lib/gcc/arm-none-eabi/8.3.1/../../../../arm-none-eabi/lib/thumb/v7-m/nofp/libc_nano.a(lib_a-init.o)
 .ARM.attributes
                0x000000000000030e       0x2d /usr/bin/../lib/gcc/arm-none-eabi/8.3.1/../../../../arm-none-eabi/lib/thumb/v7-m/nofp/libc_nano.a(lib_a-memset.o)
 .ARM.attributes
                0x000000000000033b       0x1b /usr/bin/../lib/gcc/arm-none-eabi/8.3.1/../../../../arm-none-eabi/lib/thumb/v7-m/nofp/libc_nano.a(lib_a-strcmp.o)
 .ARM.attributes
                0x0000000000000356       0x17 /usr/bin/../lib/gcc/arm-none-eabi/8.3.1/../../../../arm-none-eabi/lib/thumb/v7-m/nofp/libc_nano.a(lib_a-strlen.o)
 .ARM.attributes
                0x000000000000036d       0x1d /usr/bin/../lib/gcc/arm-none-eabi/8.3.1/thumb/v7-m/nofp/libgcc.a(_aeabi_uldivmod.o)
 .ARM.attributes
                0x000000000000038a       0x2d /usr/bin/../lib/gcc/arm-none-eabi/8.3.1/thumb/v7-m/nofp/libgcc.a(_udivmoddi4.o)
 .ARM.attributes
                0x00000000000003b7       0x1d /usr/bin/../lib/gcc/arm-none-eabi/8.3.1/thumb/v7-m/nofp/libgcc.a(_dvmd_tls.o)
 .ARM.attributes
                0x00000000000003d4       0x1d /usr/bin/../lib/gcc/arm-none-eabi/8.3.1/thumb/v7-m/nofp/crtn.o
OUTPUT(build/RR.elf elf32-littlearm)

.debug_info     0x0000000000000000    0x14ada
 .debug_info    0x0000000000000000     0x2509 build/main.o
 .debug_info    0x0000000000002509      0x8d1 build/stm32f2xx_it.o
 .debug_info    0x0000000000002dda     0x1317 build/stm32f2xx_hal_msp.o
 .debug_info    0x00000000000040f1     0x4150 build/stm32f2xx_hal_tim.o
 .debug_info    0x0000000000008241     0x1d2a build/stm32f2xx_hal_tim_ex.o
 .debug_info    0x0000000000009f6b      0xbea build/stm32f2xx_hal.o
 .debug_info    0x000000000000ab55      0xf29 build/stm32f2xx_hal_rcc.o
 .debug_info    0x000000000000ba7e     0x123e build/stm32f2xx_hal_cortex.o
 .debug_info    0x000000000000ccbc      0x8e6 build/stm32f2xx_hal_gpio.o
 .debug_info    0x000000000000d5a2      0xc86 build/stm32f2xx_hal_dma.o
 .debug_info    0x000000000000e228      0x456 build/system_stm32f2xx.o
 .debug_info    0x000000000000e67e     0x49ab build/stm32f2xx_hal_uart.o
 .debug_info    0x0000000000013029      0x311 build/led_color.o
 .debug_info    0x000000000001333a     0x177e build/command_line.o
 .debug_info    0x0000000000014ab8       0x22 build/startup_stm32f205xx.o

.debug_abbrev   0x0000000000000000     0x249a
 .debug_abbrev  0x0000000000000000      0x3aa build/main.o
 .debug_abbrev  0x00000000000003aa      0x1ae build/stm32f2xx_it.o
 .debug_abbrev  0x0000000000000558      0x234 build/stm32f2xx_hal_msp.o
 .debug_abbrev  0x000000000000078c      0x2d4 build/stm32f2xx_hal_tim.o
 .debug_abbrev  0x0000000000000a60      0x2bc build/stm32f2xx_hal_tim_ex.o
 .debug_abbrev  0x0000000000000d1c      0x2a2 build/stm32f2xx_hal.o
 .debug_abbrev  0x0000000000000fbe      0x31f build/stm32f2xx_hal_rcc.o
 .debug_abbrev  0x00000000000012dd      0x3b3 build/stm32f2xx_hal_cortex.o
 .debug_abbrev  0x0000000000001690      0x24f build/stm32f2xx_hal_gpio.o
 .debug_abbrev  0x00000000000018df      0x312 build/stm32f2xx_hal_dma.o
 .debug_abbrev  0x0000000000001bf1      0x14a build/system_stm32f2xx.o
 .debug_abbrev  0x0000000000001d3b      0x380 build/stm32f2xx_hal_uart.o
 .debug_abbrev  0x00000000000020bb      0x124 build/led_color.o
 .debug_abbrev  0x00000000000021df      0x2a9 build/command_line.o
 .debug_abbrev  0x0000000000002488       0x12 build/startup_stm32f205xx.o

.debug_loc      0x0000000000000000    0x103ac
 .debug_loc     0x0000000000000000      0x23b build/main.o
 .debug_loc     0x000000000000023b       0xa0 build/stm32f2xx_it.o
 .debug_loc     0x00000000000002db      0x1b3 build/stm32f2xx_hal_msp.o
 .debug_loc     0x000000000000048e     0x642c build/stm32f2xx_hal_tim.o
 .debug_loc     0x00000000000068ba     0x244e build/stm32f2xx_hal_tim_ex.o
 .debug_loc     0x0000000000008d08      0x24e build/stm32f2xx_hal.o
 .debug_loc     0x0000000000008f56      0x8f7 build/stm32f2xx_hal_rcc.o
 .debug_loc     0x000000000000984d      0x790 build/stm32f2xx_hal_cortex.o
 .debug_loc     0x0000000000009fdd      0x489 build/stm32f2xx_hal_gpio.o
 .debug_loc     0x000000000000a466      0xe23 build/stm32f2xx_hal_dma.o
 .debug_loc     0x000000000000b289      0x16c build/system_stm32f2xx.o
 .debug_loc     0x000000000000b3f5     0x4ddc build/stm32f2xx_hal_uart.o
 .debug_loc     0x00000000000101d1      0x1db build/command_line.o

.debug_aranges  0x0000000000000000      0xc08
 .debug_aranges
                0x0000000000000000       0x60 build/main.o
 .debug_aranges
                0x0000000000000060       0x80 build/stm32f2xx_it.o
 .debug_aranges
                0x00000000000000e0       0x48 build/stm32f2xx_hal_msp.o
 .debug_aranges
                0x0000000000000128      0x3d0 build/stm32f2xx_hal_tim.o
 .debug_aranges
                0x00000000000004f8      0x168 build/stm32f2xx_hal_tim_ex.o
 .debug_aranges
                0x0000000000000660       0xf0 build/stm32f2xx_hal.o
 .debug_aranges
                0x0000000000000750       0x88 build/stm32f2xx_hal_rcc.o
 .debug_aranges
                0x00000000000007d8       0xa8 build/stm32f2xx_hal_cortex.o
 .debug_aranges
                0x0000000000000880       0x58 build/stm32f2xx_hal_gpio.o
 .debug_aranges
                0x00000000000008d8       0x90 build/stm32f2xx_hal_dma.o
 .debug_aranges
                0x0000000000000968       0x28 build/system_stm32f2xx.o
 .debug_aranges
                0x0000000000000990      0x208 build/stm32f2xx_hal_uart.o
 .debug_aranges
                0x0000000000000b98       0x20 build/led_color.o
 .debug_aranges
                0x0000000000000bb8       0x28 build/command_line.o
 .debug_aranges
                0x0000000000000be0       0x28 build/startup_stm32f205xx.o

.debug_ranges   0x0000000000000000      0xbc8
 .debug_ranges  0x0000000000000000       0x68 build/main.o
 .debug_ranges  0x0000000000000068       0x70 build/stm32f2xx_it.o
 .debug_ranges  0x00000000000000d8       0x38 build/stm32f2xx_hal_msp.o
 .debug_ranges  0x0000000000000110      0x3c0 build/stm32f2xx_hal_tim.o
 .debug_ranges  0x00000000000004d0      0x158 build/stm32f2xx_hal_tim_ex.o
 .debug_ranges  0x0000000000000628       0xe0 build/stm32f2xx_hal.o
 .debug_ranges  0x0000000000000708       0xa8 build/stm32f2xx_hal_rcc.o
 .debug_ranges  0x00000000000007b0       0xe0 build/stm32f2xx_hal_cortex.o
 .debug_ranges  0x0000000000000890       0x48 build/stm32f2xx_hal_gpio.o
 .debug_ranges  0x00000000000008d8       0x80 build/stm32f2xx_hal_dma.o
 .debug_ranges  0x0000000000000958       0x18 build/system_stm32f2xx.o
 .debug_ranges  0x0000000000000970      0x210 build/stm32f2xx_hal_uart.o
 .debug_ranges  0x0000000000000b80       0x10 build/led_color.o
 .debug_ranges  0x0000000000000b90       0x18 build/command_line.o
 .debug_ranges  0x0000000000000ba8       0x20 build/startup_stm32f205xx.o

.debug_line     0x0000000000000000     0xe488
 .debug_line    0x0000000000000000      0x647 build/main.o
 .debug_line    0x0000000000000647      0x2ee build/stm32f2xx_it.o
 .debug_line    0x0000000000000935      0x415 build/stm32f2xx_hal_msp.o
 .debug_line    0x0000000000000d4a     0x4757 build/stm32f2xx_hal_tim.o
 .debug_line    0x00000000000054a1     0x1ba9 build/stm32f2xx_hal_tim_ex.o
 .debug_line    0x000000000000704a      0x552 build/stm32f2xx_hal.o
 .debug_line    0x000000000000759c      0xc5a build/stm32f2xx_hal_rcc.o
 .debug_line    0x00000000000081f6      0x73b build/stm32f2xx_hal_cortex.o
 .debug_line    0x0000000000008931      0x68e build/stm32f2xx_hal_gpio.o
 .debug_line    0x0000000000008fbf      0xda9 build/stm32f2xx_hal_dma.o
 .debug_line    0x0000000000009d68      0x221 build/system_stm32f2xx.o
 .debug_line    0x0000000000009f89     0x3e19 build/stm32f2xx_hal_uart.o
 .debug_line    0x000000000000dda2      0x207 build/led_color.o
 .debug_line    0x000000000000dfa9      0x469 build/command_line.o
 .debug_line    0x000000000000e412       0x76 build/startup_stm32f205xx.o

.debug_str      0x0000000000000000     0x4095
 .debug_str     0x0000000000000000     0x1798 build/main.o
                                       0x18f4 (size before relaxing)
 .debug_str     0x0000000000001798      0x149 build/stm32f2xx_it.o
                                        0x811 (size before relaxing)
 .debug_str     0x00000000000018e1       0xc8 build/stm32f2xx_hal_msp.o
                                       0x1120 (size before relaxing)
 .debug_str     0x00000000000019a9      0xe08 build/stm32f2xx_hal_tim.o
                                       0x1770 (size before relaxing)
 .debug_str     0x00000000000027b1      0x521 build/stm32f2xx_hal_tim_ex.o
                                        0xf71 (size before relaxing)
 .debug_str     0x0000000000002cd2      0x2b2 build/stm32f2xx_hal.o
                                        0xb72 (size before relaxing)
 .debug_str     0x0000000000002f84      0x1aa build/stm32f2xx_hal_rcc.o
                                        0x76d (size before relaxing)
 .debug_str     0x000000000000312e      0x47e build/stm32f2xx_hal_cortex.o
                                        0xca4 (size before relaxing)
 .debug_str     0x00000000000035ac      0x127 build/stm32f2xx_hal_gpio.o
                                        0x574 (size before relaxing)
 .debug_str     0x00000000000036d3      0x2af build/stm32f2xx_hal_dma.o
                                        0x80b (size before relaxing)
 .debug_str     0x0000000000003982       0x47 build/system_stm32f2xx.o
                                        0x39a (size before relaxing)
 .debug_str     0x00000000000039c9      0x58e build/stm32f2xx_hal_uart.o
                                        0xe1b (size before relaxing)
 .debug_str     0x0000000000003f57       0x28 build/led_color.o
                                        0x260 (size before relaxing)
 .debug_str     0x0000000000003f7f       0xf2 build/command_line.o
                                        0xc25 (size before relaxing)
 .debug_str     0x0000000000004071       0x24 build/startup_stm32f205xx.o
                                         0x3b (size before relaxing)

.comment        0x0000000000000000       0x76
 .comment       0x0000000000000000       0x76 build/main.o
                                         0x77 (size before relaxing)
 .comment       0x0000000000000076       0x77 build/stm32f2xx_it.o
 .comment       0x0000000000000076       0x77 build/stm32f2xx_hal_msp.o
 .comment       0x0000000000000076       0x77 build/stm32f2xx_hal_tim.o
 .comment       0x0000000000000076       0x77 build/stm32f2xx_hal_tim_ex.o
 .comment       0x0000000000000076       0x77 build/stm32f2xx_hal.o
 .comment       0x0000000000000076       0x77 build/stm32f2xx_hal_rcc.o
 .comment       0x0000000000000076       0x77 build/stm32f2xx_hal_cortex.o
 .comment       0x0000000000000076       0x77 build/stm32f2xx_hal_gpio.o
 .comment       0x0000000000000076       0x77 build/stm32f2xx_hal_dma.o
 .comment       0x0000000000000076       0x77 build/system_stm32f2xx.o
 .comment       0x0000000000000076       0x77 build/stm32f2xx_hal_uart.o
 .comment       0x0000000000000076       0x77 build/led_color.o
 .comment       0x0000000000000076       0x77 build/command_line.o

.debug_frame    0x0000000000000000     0x2504
 .debug_frame   0x0000000000000000      0x118 build/main.o
 .debug_frame   0x0000000000000118      0x11c build/stm32f2xx_it.o
 .debug_frame   0x0000000000000234       0xb4 build/stm32f2xx_hal_msp.o
 .debug_frame   0x00000000000002e8      0xd38 build/stm32f2xx_hal_tim.o
 .debug_frame   0x0000000000001020      0x528 build/stm32f2xx_hal_tim_ex.o
 .debug_frame   0x0000000000001548      0x204 build/stm32f2xx_hal.o
 .debug_frame   0x000000000000174c      0x1c0 build/stm32f2xx_hal_rcc.o
 .debug_frame   0x000000000000190c      0x16c build/stm32f2xx_hal_cortex.o
 .debug_frame   0x0000000000001a78       0xec build/stm32f2xx_hal_gpio.o
 .debug_frame   0x0000000000001b64      0x1cc build/stm32f2xx_hal_dma.o
 .debug_frame   0x0000000000001d30       0x30 build/system_stm32f2xx.o
 .debug_frame   0x0000000000001d60      0x670 build/stm32f2xx_hal_uart.o
 .debug_frame   0x00000000000023d0       0x20 build/led_color.o
 .debug_frame   0x00000000000023f0       0x48 build/command_line.o
 .debug_frame   0x0000000000002438       0x2c /usr/bin/../lib/gcc/arm-none-eabi/8.3.1/../../../../arm-none-eabi/lib/thumb/v7-m/nofp/libc_nano.a(lib_a-init.o)
 .debug_frame   0x0000000000002464       0x20 /usr/bin/../lib/gcc/arm-none-eabi/8.3.1/../../../../arm-none-eabi/lib/thumb/v7-m/nofp/libc_nano.a(lib_a-memset.o)
 .debug_frame   0x0000000000002484       0x20 /usr/bin/../lib/gcc/arm-none-eabi/8.3.1/../../../../arm-none-eabi/lib/thumb/v7-m/nofp/libc_nano.a(lib_a-strcmp.o)
 .debug_frame   0x00000000000024a4       0x2c /usr/bin/../lib/gcc/arm-none-eabi/8.3.1/thumb/v7-m/nofp/libgcc.a(_aeabi_uldivmod.o)
 .debug_frame   0x00000000000024d0       0x34 /usr/bin/../lib/gcc/arm-none-eabi/8.3.1/thumb/v7-m/nofp/libgcc.a(_udivmoddi4.o)

Cross Reference Table

Symbol                                            File
ADC_IRQHandler                                    build/startup_stm32f205xx.o
AHBPrescTable                                     build/system_stm32f2xx.o
                                                  build/stm32f2xx_hal_rcc.o
APBPrescTable                                     build/system_stm32f2xx.o
                                                  build/stm32f2xx_hal_rcc.o
BusFault_Handler                                  build/stm32f2xx_it.o
CAN1_RX0_IRQHandler                               build/startup_stm32f205xx.o
CAN1_RX1_IRQHandler                               build/startup_stm32f205xx.o
CAN1_SCE_IRQHandler                               build/startup_stm32f205xx.o
CAN1_TX_IRQHandler                                build/startup_stm32f205xx.o
CAN2_RX0_IRQHandler                               build/startup_stm32f205xx.o
CAN2_RX1_IRQHandler                               build/startup_stm32f205xx.o
CAN2_SCE_IRQHandler                               build/startup_stm32f205xx.o
CAN2_TX_IRQHandler                                build/startup_stm32f205xx.o
DMA1_Stream0_IRQHandler                           build/startup_stm32f205xx.o
DMA1_Stream1_IRQHandler                           build/startup_stm32f205xx.o
DMA1_Stream2_IRQHandler                           build/startup_stm32f205xx.o
DMA1_Stream3_IRQHandler                           build/startup_stm32f205xx.o
DMA1_Stream4_IRQHandler                           build/startup_stm32f205xx.o
DMA1_Stream5_IRQHandler                           build/startup_stm32f205xx.o
DMA1_Stream6_IRQHandler                           build/startup_stm32f205xx.o
DMA1_Stream7_IRQHandler                           build/startup_stm32f205xx.o
DMA2_Stream0_IRQHandler                           build/startup_stm32f205xx.o
DMA2_Stream1_IRQHandler                           build/startup_stm32f205xx.o
DMA2_Stream2_IRQHandler                           build/stm32f2xx_it.o
DMA2_Stream3_IRQHandler                           build/startup_stm32f205xx.o
DMA2_Stream4_IRQHandler                           build/startup_stm32f205xx.o
DMA2_Stream5_IRQHandler                           build/startup_stm32f205xx.o
DMA2_Stream6_IRQHandler                           build/startup_stm32f205xx.o
DMA2_Stream7_IRQHandler                           build/stm32f2xx_it.o
DebugMon_Handler                                  build/stm32f2xx_it.o
Default_Handler                                   build/startup_stm32f205xx.o
EXTI0_IRQHandler                                  build/startup_stm32f205xx.o
EXTI15_10_IRQHandler                              build/startup_stm32f205xx.o
EXTI1_IRQHandler                                  build/startup_stm32f205xx.o
EXTI2_IRQHandler                                  build/startup_stm32f205xx.o
EXTI3_IRQHandler                                  build/startup_stm32f205xx.o
EXTI4_IRQHandler                                  build/startup_stm32f205xx.o
EXTI9_5_IRQHandler                                build/stm32f2xx_it.o
Error_Handler                                     build/main.o
                                                  build/stm32f2xx_hal_msp.o
FLASH_Erase_Sector                                build/stm32f2xx_hal_flash_ex.o
                                                  build/stm32f2xx_hal_flash.o
FLASH_FlushCaches                                 build/stm32f2xx_hal_flash_ex.o
                                                  build/stm32f2xx_hal_flash.o
FLASH_IRQHandler                                  build/startup_stm32f205xx.o
FLASH_WaitForLastOperation                        build/stm32f2xx_hal_flash.o
                                                  build/stm32f2xx_hal_flash_ex.o
FSMC_IRQHandler                                   build/startup_stm32f205xx.o
Get_Command                                       build/command_line.o
                                                  build/main.o
HAL_DBGMCU_DisableDBGSleepMode                    build/stm32f2xx_hal.o
HAL_DBGMCU_DisableDBGStandbyMode                  build/stm32f2xx_hal.o
HAL_DBGMCU_DisableDBGStopMode                     build/stm32f2xx_hal.o
HAL_DBGMCU_EnableDBGSleepMode                     build/stm32f2xx_hal.o
HAL_DBGMCU_EnableDBGStandbyMode                   build/stm32f2xx_hal.o
HAL_DBGMCU_EnableDBGStopMode                      build/stm32f2xx_hal.o
HAL_DMAEx_ChangeMemory                            build/stm32f2xx_hal_dma_ex.o
HAL_DMAEx_MultiBufferStart                        build/stm32f2xx_hal_dma_ex.o
HAL_DMAEx_MultiBufferStart_IT                     build/stm32f2xx_hal_dma_ex.o
HAL_DMA_Abort                                     build/stm32f2xx_hal_dma.o
                                                  build/stm32f2xx_hal_uart.o
HAL_DMA_Abort_IT                                  build/stm32f2xx_hal_dma.o
                                                  build/stm32f2xx_hal_uart.o
                                                  build/stm32f2xx_hal_tim_ex.o
                                                  build/stm32f2xx_hal_tim.o
HAL_DMA_DeInit                                    build/stm32f2xx_hal_dma.o
                                                  build/stm32f2xx_hal_msp.o
HAL_DMA_GetError                                  build/stm32f2xx_hal_dma.o
                                                  build/stm32f2xx_hal_uart.o
HAL_DMA_GetState                                  build/stm32f2xx_hal_dma.o
HAL_DMA_IRQHandler                                build/stm32f2xx_hal_dma.o
                                                  build/stm32f2xx_it.o
HAL_DMA_Init                                      build/stm32f2xx_hal_dma.o
                                                  build/stm32f2xx_hal_msp.o
HAL_DMA_PollForTransfer                           build/stm32f2xx_hal_dma.o
HAL_DMA_RegisterCallback                          build/stm32f2xx_hal_dma.o
HAL_DMA_Start                                     build/stm32f2xx_hal_dma.o
HAL_DMA_Start_IT                                  build/stm32f2xx_hal_dma.o
                                                  build/stm32f2xx_hal_uart.o
                                                  build/stm32f2xx_hal_tim_ex.o
                                                  build/stm32f2xx_hal_tim.o
HAL_DMA_UnRegisterCallback                        build/stm32f2xx_hal_dma.o
HAL_DeInit                                        build/stm32f2xx_hal.o
HAL_Delay                                         build/stm32f2xx_hal.o
                                                  build/main.o
HAL_DisableCompensationCell                       build/stm32f2xx_hal.o
HAL_EXTI_ClearConfigLine                          build/stm32f2xx_hal_exti.o
HAL_EXTI_ClearPending                             build/stm32f2xx_hal_exti.o
HAL_EXTI_GenerateSWI                              build/stm32f2xx_hal_exti.o
HAL_EXTI_GetConfigLine                            build/stm32f2xx_hal_exti.o
HAL_EXTI_GetHandle                                build/stm32f2xx_hal_exti.o
HAL_EXTI_GetPending                               build/stm32f2xx_hal_exti.o
HAL_EXTI_IRQHandler                               build/stm32f2xx_hal_exti.o
HAL_EXTI_RegisterCallback                         build/stm32f2xx_hal_exti.o
HAL_EXTI_SetConfigLine                            build/stm32f2xx_hal_exti.o
HAL_EnableCompensationCell                        build/stm32f2xx_hal.o
HAL_FLASHEx_Erase                                 build/stm32f2xx_hal_flash_ex.o
HAL_FLASHEx_Erase_IT                              build/stm32f2xx_hal_flash_ex.o
HAL_FLASHEx_OBGetConfig                           build/stm32f2xx_hal_flash_ex.o
HAL_FLASHEx_OBProgram                             build/stm32f2xx_hal_flash_ex.o
HAL_FLASH_EndOfOperationCallback                  build/stm32f2xx_hal_flash.o
HAL_FLASH_GetError                                build/stm32f2xx_hal_flash.o
HAL_FLASH_IRQHandler                              build/stm32f2xx_hal_flash.o
HAL_FLASH_Lock                                    build/stm32f2xx_hal_flash.o
HAL_FLASH_OB_Launch                               build/stm32f2xx_hal_flash.o
HAL_FLASH_OB_Lock                                 build/stm32f2xx_hal_flash.o
HAL_FLASH_OB_Unlock                               build/stm32f2xx_hal_flash.o
HAL_FLASH_OperationErrorCallback                  build/stm32f2xx_hal_flash.o
HAL_FLASH_Program                                 build/stm32f2xx_hal_flash.o
HAL_FLASH_Program_IT                              build/stm32f2xx_hal_flash.o
HAL_FLASH_Unlock                                  build/stm32f2xx_hal_flash.o
HAL_GPIO_DeInit                                   build/stm32f2xx_hal_gpio.o
                                                  build/stm32f2xx_hal_msp.o
HAL_GPIO_EXTI_Callback                            build/stm32f2xx_hal_gpio.o
HAL_GPIO_EXTI_IRQHandler                          build/stm32f2xx_hal_gpio.o
                                                  build/stm32f2xx_it.o
HAL_GPIO_Init                                     build/stm32f2xx_hal_gpio.o
                                                  build/stm32f2xx_hal_rcc.o
                                                  build/stm32f2xx_hal_msp.o
                                                  build/main.o
HAL_GPIO_LockPin                                  build/stm32f2xx_hal_gpio.o
HAL_GPIO_ReadPin                                  build/stm32f2xx_hal_gpio.o
                                                  build/main.o
HAL_GPIO_TogglePin                                build/stm32f2xx_hal_gpio.o
HAL_GPIO_WritePin                                 build/stm32f2xx_hal_gpio.o
HAL_GetDEVID                                      build/stm32f2xx_hal.o
HAL_GetHalVersion                                 build/stm32f2xx_hal.o
HAL_GetREVID                                      build/stm32f2xx_hal.o
HAL_GetTick                                       build/stm32f2xx_hal.o
                                                  build/stm32f2xx_hal_uart.o
                                                  build/stm32f2xx_hal_dma.o
                                                  build/stm32f2xx_hal_pwr_ex.o
                                                  build/stm32f2xx_hal_flash.o
                                                  build/stm32f2xx_hal_rcc_ex.o
                                                  build/stm32f2xx_hal_rcc.o
HAL_GetTickFreq                                   build/stm32f2xx_hal.o
HAL_GetTickPrio                                   build/stm32f2xx_hal.o
HAL_GetUIDw0                                      build/stm32f2xx_hal.o
HAL_GetUIDw1                                      build/stm32f2xx_hal.o
HAL_GetUIDw2                                      build/stm32f2xx_hal.o
HAL_HalfDuplex_EnableReceiver                     build/stm32f2xx_hal_uart.o
HAL_HalfDuplex_EnableTransmitter                  build/stm32f2xx_hal_uart.o
HAL_HalfDuplex_Init                               build/stm32f2xx_hal_uart.o
HAL_IncTick                                       build/stm32f2xx_hal.o
                                                  build/stm32f2xx_it.o
HAL_Init                                          build/stm32f2xx_hal.o
                                                  build/main.o
HAL_InitTick                                      build/stm32f2xx_hal.o
                                                  build/stm32f2xx_hal_rcc.o
HAL_LIN_Init                                      build/stm32f2xx_hal_uart.o
HAL_LIN_SendBreak                                 build/stm32f2xx_hal_uart.o
HAL_MPU_ConfigRegion                              build/stm32f2xx_hal_cortex.o
HAL_MPU_Disable                                   build/stm32f2xx_hal_cortex.o
HAL_MPU_Enable                                    build/stm32f2xx_hal_cortex.o
HAL_MspDeInit                                     build/stm32f2xx_hal.o
HAL_MspInit                                       build/stm32f2xx_hal_msp.o
HAL_MultiProcessor_EnterMuteMode                  build/stm32f2xx_hal_uart.o
HAL_MultiProcessor_ExitMuteMode                   build/stm32f2xx_hal_uart.o
HAL_MultiProcessor_Init                           build/stm32f2xx_hal_uart.o
HAL_NVIC_ClearPendingIRQ                          build/stm32f2xx_hal_cortex.o
HAL_NVIC_DisableIRQ                               build/stm32f2xx_hal_cortex.o
                                                  build/stm32f2xx_hal_msp.o
HAL_NVIC_EnableIRQ                                build/stm32f2xx_hal_cortex.o
                                                  build/stm32f2xx_hal_msp.o
                                                  build/main.o
HAL_NVIC_GetActive                                build/stm32f2xx_hal_cortex.o
HAL_NVIC_GetPendingIRQ                            build/stm32f2xx_hal_cortex.o
HAL_NVIC_GetPriority                              build/stm32f2xx_hal_cortex.o
HAL_NVIC_GetPriorityGrouping                      build/stm32f2xx_hal_cortex.o
HAL_NVIC_SetPendingIRQ                            build/stm32f2xx_hal_cortex.o
HAL_NVIC_SetPriority                              build/stm32f2xx_hal_cortex.o
                                                  build/stm32f2xx_hal.o
                                                  build/stm32f2xx_hal_msp.o
                                                  build/main.o
HAL_NVIC_SetPriorityGrouping                      build/stm32f2xx_hal_cortex.o
                                                  build/stm32f2xx_hal.o
HAL_NVIC_SystemReset                              build/stm32f2xx_hal_cortex.o
HAL_PWREx_DisableBkUpReg                          build/stm32f2xx_hal_pwr_ex.o
HAL_PWREx_DisableFlashPowerDown                   build/stm32f2xx_hal_pwr_ex.o
HAL_PWREx_EnableBkUpReg                           build/stm32f2xx_hal_pwr_ex.o
HAL_PWREx_EnableFlashPowerDown                    build/stm32f2xx_hal_pwr_ex.o
HAL_PWR_ConfigPVD                                 build/stm32f2xx_hal_pwr.o
HAL_PWR_DeInit                                    build/stm32f2xx_hal_pwr.o
HAL_PWR_DisableBkUpAccess                         build/stm32f2xx_hal_pwr.o
HAL_PWR_DisablePVD                                build/stm32f2xx_hal_pwr.o
HAL_PWR_DisableSEVOnPend                          build/stm32f2xx_hal_pwr.o
HAL_PWR_DisableSleepOnExit                        build/stm32f2xx_hal_pwr.o
HAL_PWR_DisableWakeUpPin                          build/stm32f2xx_hal_pwr.o
HAL_PWR_EnableBkUpAccess                          build/stm32f2xx_hal_pwr.o
HAL_PWR_EnablePVD                                 build/stm32f2xx_hal_pwr.o
HAL_PWR_EnableSEVOnPend                           build/stm32f2xx_hal_pwr.o
HAL_PWR_EnableSleepOnExit                         build/stm32f2xx_hal_pwr.o
HAL_PWR_EnableWakeUpPin                           build/stm32f2xx_hal_pwr.o
HAL_PWR_EnterSLEEPMode                            build/stm32f2xx_hal_pwr.o
HAL_PWR_EnterSTANDBYMode                          build/stm32f2xx_hal_pwr.o
HAL_PWR_EnterSTOPMode                             build/stm32f2xx_hal_pwr.o
HAL_PWR_PVDCallback                               build/stm32f2xx_hal_pwr.o
HAL_PWR_PVD_IRQHandler                            build/stm32f2xx_hal_pwr.o
HAL_RCCEx_DisablePLLI2S                           build/stm32f2xx_hal_rcc_ex.o
HAL_RCCEx_EnablePLLI2S                            build/stm32f2xx_hal_rcc_ex.o
HAL_RCCEx_GetPeriphCLKConfig                      build/stm32f2xx_hal_rcc_ex.o
HAL_RCCEx_PeriphCLKConfig                         build/stm32f2xx_hal_rcc_ex.o
HAL_RCC_CSSCallback                               build/stm32f2xx_hal_rcc.o
HAL_RCC_ClockConfig                               build/stm32f2xx_hal_rcc.o
                                                  build/main.o
HAL_RCC_DeInit                                    build/stm32f2xx_hal_rcc.o
HAL_RCC_DisableCSS                                build/stm32f2xx_hal_rcc.o
HAL_RCC_EnableCSS                                 build/stm32f2xx_hal_rcc.o
HAL_RCC_GetClockConfig                            build/stm32f2xx_hal_rcc.o
HAL_RCC_GetHCLKFreq                               build/stm32f2xx_hal_rcc.o
HAL_RCC_GetOscConfig                              build/stm32f2xx_hal_rcc.o
HAL_RCC_GetPCLK1Freq                              build/stm32f2xx_hal_rcc.o
                                                  build/stm32f2xx_hal_uart.o
HAL_RCC_GetPCLK2Freq                              build/stm32f2xx_hal_rcc.o
                                                  build/stm32f2xx_hal_uart.o
HAL_RCC_GetSysClockFreq                           build/stm32f2xx_hal_rcc.o
HAL_RCC_MCOConfig                                 build/stm32f2xx_hal_rcc.o
HAL_RCC_NMI_IRQHandler                            build/stm32f2xx_hal_rcc.o
HAL_RCC_OscConfig                                 build/stm32f2xx_hal_rcc.o
                                                  build/main.o
HAL_ResumeTick                                    build/stm32f2xx_hal.o
HAL_SYSTICK_CLKSourceConfig                       build/stm32f2xx_hal_cortex.o
HAL_SYSTICK_Callback                              build/stm32f2xx_hal_cortex.o
HAL_SYSTICK_Config                                build/stm32f2xx_hal_cortex.o
                                                  build/stm32f2xx_hal.o
HAL_SYSTICK_IRQHandler                            build/stm32f2xx_hal_cortex.o
HAL_SetTickFreq                                   build/stm32f2xx_hal.o
HAL_SuspendTick                                   build/stm32f2xx_hal.o
HAL_TIMEx_BreakCallback                           build/stm32f2xx_hal_tim_ex.o
                                                  build/stm32f2xx_hal_tim.o
HAL_TIMEx_CommutCallback                          build/stm32f2xx_hal_tim_ex.o
                                                  build/stm32f2xx_hal_tim.o
HAL_TIMEx_CommutHalfCpltCallback                  build/stm32f2xx_hal_tim_ex.o
HAL_TIMEx_ConfigBreakDeadTime                     build/stm32f2xx_hal_tim_ex.o
HAL_TIMEx_ConfigCommutEvent                       build/stm32f2xx_hal_tim_ex.o
HAL_TIMEx_ConfigCommutEvent_DMA                   build/stm32f2xx_hal_tim_ex.o
HAL_TIMEx_ConfigCommutEvent_IT                    build/stm32f2xx_hal_tim_ex.o
HAL_TIMEx_GetChannelNState                        build/stm32f2xx_hal_tim_ex.o
HAL_TIMEx_HallSensor_DeInit                       build/stm32f2xx_hal_tim_ex.o
HAL_TIMEx_HallSensor_GetState                     build/stm32f2xx_hal_tim_ex.o
HAL_TIMEx_HallSensor_Init                         build/stm32f2xx_hal_tim_ex.o
HAL_TIMEx_HallSensor_MspDeInit                    build/stm32f2xx_hal_tim_ex.o
HAL_TIMEx_HallSensor_MspInit                      build/stm32f2xx_hal_tim_ex.o
HAL_TIMEx_HallSensor_Start                        build/stm32f2xx_hal_tim_ex.o
HAL_TIMEx_HallSensor_Start_DMA                    build/stm32f2xx_hal_tim_ex.o
HAL_TIMEx_HallSensor_Start_IT                     build/stm32f2xx_hal_tim_ex.o
HAL_TIMEx_HallSensor_Stop                         build/stm32f2xx_hal_tim_ex.o
HAL_TIMEx_HallSensor_Stop_DMA                     build/stm32f2xx_hal_tim_ex.o
HAL_TIMEx_HallSensor_Stop_IT                      build/stm32f2xx_hal_tim_ex.o
HAL_TIMEx_MasterConfigSynchronization             build/stm32f2xx_hal_tim_ex.o
                                                  build/main.o
HAL_TIMEx_OCN_Start                               build/stm32f2xx_hal_tim_ex.o
HAL_TIMEx_OCN_Start_DMA                           build/stm32f2xx_hal_tim_ex.o
HAL_TIMEx_OCN_Start_IT                            build/stm32f2xx_hal_tim_ex.o
HAL_TIMEx_OCN_Stop                                build/stm32f2xx_hal_tim_ex.o
HAL_TIMEx_OCN_Stop_DMA                            build/stm32f2xx_hal_tim_ex.o
HAL_TIMEx_OCN_Stop_IT                             build/stm32f2xx_hal_tim_ex.o
HAL_TIMEx_OnePulseN_Start                         build/stm32f2xx_hal_tim_ex.o
HAL_TIMEx_OnePulseN_Start_IT                      build/stm32f2xx_hal_tim_ex.o
HAL_TIMEx_OnePulseN_Stop                          build/stm32f2xx_hal_tim_ex.o
HAL_TIMEx_OnePulseN_Stop_IT                       build/stm32f2xx_hal_tim_ex.o
HAL_TIMEx_PWMN_Start                              build/stm32f2xx_hal_tim_ex.o
HAL_TIMEx_PWMN_Start_DMA                          build/stm32f2xx_hal_tim_ex.o
HAL_TIMEx_PWMN_Start_IT                           build/stm32f2xx_hal_tim_ex.o
HAL_TIMEx_PWMN_Stop                               build/stm32f2xx_hal_tim_ex.o
HAL_TIMEx_PWMN_Stop_DMA                           build/stm32f2xx_hal_tim_ex.o
HAL_TIMEx_PWMN_Stop_IT                            build/stm32f2xx_hal_tim_ex.o
HAL_TIMEx_RemapConfig                             build/stm32f2xx_hal_tim_ex.o
HAL_TIM_Base_DeInit                               build/stm32f2xx_hal_tim.o
HAL_TIM_Base_GetState                             build/stm32f2xx_hal_tim.o
HAL_TIM_Base_Init                                 build/stm32f2xx_hal_tim.o
                                                  build/main.o
HAL_TIM_Base_MspDeInit                            build/stm32f2xx_hal_msp.o
HAL_TIM_Base_MspInit                              build/stm32f2xx_hal_msp.o
HAL_TIM_Base_Start                                build/stm32f2xx_hal_tim.o
HAL_TIM_Base_Start_DMA                            build/stm32f2xx_hal_tim.o
HAL_TIM_Base_Start_IT                             build/stm32f2xx_hal_tim.o
HAL_TIM_Base_Stop                                 build/stm32f2xx_hal_tim.o
HAL_TIM_Base_Stop_DMA                             build/stm32f2xx_hal_tim.o
HAL_TIM_Base_Stop_IT                              build/stm32f2xx_hal_tim.o
HAL_TIM_ConfigClockSource                         build/stm32f2xx_hal_tim.o
                                                  build/main.o
HAL_TIM_ConfigOCrefClear                          build/stm32f2xx_hal_tim.o
HAL_TIM_ConfigTI1Input                            build/stm32f2xx_hal_tim.o
HAL_TIM_DMABurstState                             build/stm32f2xx_hal_tim.o
HAL_TIM_DMABurst_MultiReadStart                   build/stm32f2xx_hal_tim.o
HAL_TIM_DMABurst_MultiWriteStart                  build/stm32f2xx_hal_tim.o
HAL_TIM_DMABurst_ReadStart                        build/stm32f2xx_hal_tim.o
HAL_TIM_DMABurst_ReadStop                         build/stm32f2xx_hal_tim.o
HAL_TIM_DMABurst_WriteStart                       build/stm32f2xx_hal_tim.o
HAL_TIM_DMABurst_WriteStop                        build/stm32f2xx_hal_tim.o
HAL_TIM_Encoder_DeInit                            build/stm32f2xx_hal_tim.o
HAL_TIM_Encoder_GetState                          build/stm32f2xx_hal_tim.o
HAL_TIM_Encoder_Init                              build/stm32f2xx_hal_tim.o
HAL_TIM_Encoder_MspDeInit                         build/stm32f2xx_hal_tim.o
HAL_TIM_Encoder_MspInit                           build/stm32f2xx_hal_tim.o
HAL_TIM_Encoder_Start                             build/stm32f2xx_hal_tim.o
HAL_TIM_Encoder_Start_DMA                         build/stm32f2xx_hal_tim.o
HAL_TIM_Encoder_Start_IT                          build/stm32f2xx_hal_tim.o
HAL_TIM_Encoder_Stop                              build/stm32f2xx_hal_tim.o
HAL_TIM_Encoder_Stop_DMA                          build/stm32f2xx_hal_tim.o
HAL_TIM_Encoder_Stop_IT                           build/stm32f2xx_hal_tim.o
HAL_TIM_ErrorCallback                             build/stm32f2xx_hal_tim.o
                                                  build/stm32f2xx_hal_tim_ex.o
HAL_TIM_GenerateEvent                             build/stm32f2xx_hal_tim.o
HAL_TIM_GetActiveChannel                          build/stm32f2xx_hal_tim.o
HAL_TIM_GetChannelState                           build/stm32f2xx_hal_tim.o
HAL_TIM_IC_CaptureCallback                        build/stm32f2xx_hal_tim.o
HAL_TIM_IC_CaptureHalfCpltCallback                build/stm32f2xx_hal_tim.o
HAL_TIM_IC_ConfigChannel                          build/stm32f2xx_hal_tim.o
HAL_TIM_IC_DeInit                                 build/stm32f2xx_hal_tim.o
HAL_TIM_IC_GetState                               build/stm32f2xx_hal_tim.o
HAL_TIM_IC_Init                                   build/stm32f2xx_hal_tim.o
HAL_TIM_IC_MspDeInit                              build/stm32f2xx_hal_tim.o
HAL_TIM_IC_MspInit                                build/stm32f2xx_hal_tim.o
HAL_TIM_IC_Start                                  build/stm32f2xx_hal_tim.o
HAL_TIM_IC_Start_DMA                              build/stm32f2xx_hal_tim.o
HAL_TIM_IC_Start_IT                               build/stm32f2xx_hal_tim.o
HAL_TIM_IC_Stop                                   build/stm32f2xx_hal_tim.o
HAL_TIM_IC_Stop_DMA                               build/stm32f2xx_hal_tim.o
HAL_TIM_IC_Stop_IT                                build/stm32f2xx_hal_tim.o
HAL_TIM_IRQHandler                                build/stm32f2xx_hal_tim.o
HAL_TIM_MspPostInit                               build/stm32f2xx_hal_msp.o
                                                  build/main.o
HAL_TIM_OC_ConfigChannel                          build/stm32f2xx_hal_tim.o
HAL_TIM_OC_DeInit                                 build/stm32f2xx_hal_tim.o
HAL_TIM_OC_DelayElapsedCallback                   build/stm32f2xx_hal_tim.o
HAL_TIM_OC_GetState                               build/stm32f2xx_hal_tim.o
HAL_TIM_OC_Init                                   build/stm32f2xx_hal_tim.o
HAL_TIM_OC_MspDeInit                              build/stm32f2xx_hal_tim.o
HAL_TIM_OC_MspInit                                build/stm32f2xx_hal_tim.o
HAL_TIM_OC_Start                                  build/stm32f2xx_hal_tim.o
HAL_TIM_OC_Start_DMA                              build/stm32f2xx_hal_tim.o
HAL_TIM_OC_Start_IT                               build/stm32f2xx_hal_tim.o
HAL_TIM_OC_Stop                                   build/stm32f2xx_hal_tim.o
HAL_TIM_OC_Stop_DMA                               build/stm32f2xx_hal_tim.o
HAL_TIM_OC_Stop_IT                                build/stm32f2xx_hal_tim.o
HAL_TIM_OnePulse_ConfigChannel                    build/stm32f2xx_hal_tim.o
HAL_TIM_OnePulse_DeInit                           build/stm32f2xx_hal_tim.o
HAL_TIM_OnePulse_GetState                         build/stm32f2xx_hal_tim.o
HAL_TIM_OnePulse_Init                             build/stm32f2xx_hal_tim.o
HAL_TIM_OnePulse_MspDeInit                        build/stm32f2xx_hal_tim.o
HAL_TIM_OnePulse_MspInit                          build/stm32f2xx_hal_tim.o
HAL_TIM_OnePulse_Start                            build/stm32f2xx_hal_tim.o
HAL_TIM_OnePulse_Start_IT                         build/stm32f2xx_hal_tim.o
HAL_TIM_OnePulse_Stop                             build/stm32f2xx_hal_tim.o
HAL_TIM_OnePulse_Stop_IT                          build/stm32f2xx_hal_tim.o
HAL_TIM_PWM_ConfigChannel                         build/stm32f2xx_hal_tim.o
                                                  build/main.o
HAL_TIM_PWM_DeInit                                build/stm32f2xx_hal_tim.o
HAL_TIM_PWM_GetState                              build/stm32f2xx_hal_tim.o
HAL_TIM_PWM_Init                                  build/stm32f2xx_hal_tim.o
                                                  build/main.o
HAL_TIM_PWM_MspDeInit                             build/stm32f2xx_hal_tim.o
HAL_TIM_PWM_MspInit                               build/stm32f2xx_hal_tim.o
HAL_TIM_PWM_PulseFinishedCallback                 build/stm32f2xx_hal_tim.o
                                                  build/stm32f2xx_hal_tim_ex.o
HAL_TIM_PWM_PulseFinishedHalfCpltCallback         build/stm32f2xx_hal_tim.o
HAL_TIM_PWM_Start                                 build/stm32f2xx_hal_tim.o
                                                  build/main.o
HAL_TIM_PWM_Start_DMA                             build/stm32f2xx_hal_tim.o
HAL_TIM_PWM_Start_IT                              build/stm32f2xx_hal_tim.o
HAL_TIM_PWM_Stop                                  build/stm32f2xx_hal_tim.o
HAL_TIM_PWM_Stop_DMA                              build/stm32f2xx_hal_tim.o
HAL_TIM_PWM_Stop_IT                               build/stm32f2xx_hal_tim.o
HAL_TIM_PeriodElapsedCallback                     build/stm32f2xx_hal_tim.o
HAL_TIM_PeriodElapsedHalfCpltCallback             build/stm32f2xx_hal_tim.o
HAL_TIM_ReadCapturedValue                         build/stm32f2xx_hal_tim.o
HAL_TIM_SlaveConfigSynchro                        build/stm32f2xx_hal_tim.o
HAL_TIM_SlaveConfigSynchro_IT                     build/stm32f2xx_hal_tim.o
HAL_TIM_TriggerCallback                           build/stm32f2xx_hal_tim.o
HAL_TIM_TriggerHalfCpltCallback                   build/stm32f2xx_hal_tim.o
HAL_UARTEx_GetRxEventType                         build/stm32f2xx_hal_uart.o
HAL_UARTEx_ReceiveToIdle                          build/stm32f2xx_hal_uart.o
HAL_UARTEx_ReceiveToIdle_DMA                      build/stm32f2xx_hal_uart.o
HAL_UARTEx_ReceiveToIdle_IT                       build/stm32f2xx_hal_uart.o
HAL_UARTEx_RxEventCallback                        build/stm32f2xx_hal_uart.o
HAL_UART_Abort                                    build/stm32f2xx_hal_uart.o
HAL_UART_AbortCpltCallback                        build/stm32f2xx_hal_uart.o
HAL_UART_AbortReceive                             build/stm32f2xx_hal_uart.o
HAL_UART_AbortReceiveCpltCallback                 build/stm32f2xx_hal_uart.o
HAL_UART_AbortReceive_IT                          build/stm32f2xx_hal_uart.o
HAL_UART_AbortTransmit                            build/stm32f2xx_hal_uart.o
HAL_UART_AbortTransmitCpltCallback                build/stm32f2xx_hal_uart.o
HAL_UART_AbortTransmit_IT                         build/stm32f2xx_hal_uart.o
HAL_UART_Abort_IT                                 build/stm32f2xx_hal_uart.o
HAL_UART_DMAPause                                 build/stm32f2xx_hal_uart.o
HAL_UART_DMAResume                                build/stm32f2xx_hal_uart.o
HAL_UART_DMAStop                                  build/stm32f2xx_hal_uart.o
HAL_UART_DeInit                                   build/stm32f2xx_hal_uart.o
HAL_UART_ErrorCallback                            build/stm32f2xx_hal_uart.o
HAL_UART_GetError                                 build/stm32f2xx_hal_uart.o
HAL_UART_GetState                                 build/stm32f2xx_hal_uart.o
HAL_UART_IRQHandler                               build/stm32f2xx_hal_uart.o
                                                  build/stm32f2xx_it.o
HAL_UART_Init                                     build/stm32f2xx_hal_uart.o
                                                  build/main.o
HAL_UART_MspDeInit                                build/stm32f2xx_hal_msp.o
HAL_UART_MspInit                                  build/stm32f2xx_hal_msp.o
HAL_UART_Receive                                  build/stm32f2xx_hal_uart.o
HAL_UART_Receive_DMA                              build/stm32f2xx_hal_uart.o
HAL_UART_Receive_IT                               build/stm32f2xx_hal_uart.o
                                                  build/main.o
HAL_UART_RxCpltCallback                           build/main.o
HAL_UART_RxHalfCpltCallback                       build/stm32f2xx_hal_uart.o
HAL_UART_Transmit                                 build/stm32f2xx_hal_uart.o
                                                  build/command_line.o
                                                  build/main.o
HAL_UART_Transmit_DMA                             build/stm32f2xx_hal_uart.o
HAL_UART_Transmit_IT                              build/stm32f2xx_hal_uart.o
                                                  build/main.o
HAL_UART_TxCpltCallback                           build/main.o
HAL_UART_TxHalfCpltCallback                       build/stm32f2xx_hal_uart.o
HASH_RNG_IRQHandler                               build/startup_stm32f205xx.o
HardFault_Handler                                 build/stm32f2xx_it.o
I2C1_ER_IRQHandler                                build/startup_stm32f205xx.o
I2C1_EV_IRQHandler                                build/startup_stm32f205xx.o
I2C2_ER_IRQHandler                                build/startup_stm32f205xx.o
I2C2_EV_IRQHandler                                build/startup_stm32f205xx.o
I2C3_ER_IRQHandler                                build/startup_stm32f205xx.o
I2C3_EV_IRQHandler                                build/startup_stm32f205xx.o
LedColor                                          build/main.o
                                                  build/command_line.o
MemManage_Handler                                 build/stm32f2xx_it.o
NMI_Handler                                       build/stm32f2xx_it.o
OTG_FS_IRQHandler                                 build/startup_stm32f205xx.o
OTG_FS_WKUP_IRQHandler                            build/startup_stm32f205xx.o
OTG_HS_EP1_IN_IRQHandler                          build/startup_stm32f205xx.o
OTG_HS_EP1_OUT_IRQHandler                         build/startup_stm32f205xx.o
OTG_HS_IRQHandler                                 build/startup_stm32f205xx.o
OTG_HS_WKUP_IRQHandler                            build/startup_stm32f205xx.o
PVD_IRQHandler                                    build/startup_stm32f205xx.o
PendSV_Handler                                    build/stm32f2xx_it.o
Print_To_Cli                                      build/command_line.o
RCC_IRQHandler                                    build/startup_stm32f205xx.o
RTC_Alarm_IRQHandler                              build/startup_stm32f205xx.o
RTC_WKUP_IRQHandler                               build/startup_stm32f205xx.o
Reset_Handler                                     build/startup_stm32f205xx.o
SDIO_IRQHandler                                   build/startup_stm32f205xx.o
SPI1_IRQHandler                                   build/startup_stm32f205xx.o
SPI2_IRQHandler                                   build/startup_stm32f205xx.o
SPI3_IRQHandler                                   build/startup_stm32f205xx.o
SVC_Handler                                       build/stm32f2xx_it.o
Set_Led_Color                                     build/led_color.o
                                                  build/command_line.o
SysTick_Handler                                   build/stm32f2xx_it.o
SystemClock_Config                                build/main.o
SystemCoreClock                                   build/system_stm32f2xx.o
                                                  build/stm32f2xx_hal_dma.o
                                                  build/stm32f2xx_hal_rcc.o
                                                  build/stm32f2xx_hal.o
SystemCoreClockUpdate                             build/system_stm32f2xx.o
SystemInit                                        build/system_stm32f2xx.o
                                                  build/startup_stm32f205xx.o
TAMP_STAMP_IRQHandler                             build/startup_stm32f205xx.o
TIM1_BRK_TIM9_IRQHandler                          build/startup_stm32f205xx.o
TIM1_CC_IRQHandler                                build/startup_stm32f205xx.o
TIM1_TRG_COM_TIM11_IRQHandler                     build/startup_stm32f205xx.o
TIM1_UP_TIM10_IRQHandler                          build/startup_stm32f205xx.o
TIM2_IRQHandler                                   build/startup_stm32f205xx.o
TIM3_IRQHandler                                   build/startup_stm32f205xx.o
TIM4_IRQHandler                                   build/startup_stm32f205xx.o
TIM5_IRQHandler                                   build/startup_stm32f205xx.o
TIM6_DAC_IRQHandler                               build/startup_stm32f205xx.o
TIM7_IRQHandler                                   build/startup_stm32f205xx.o
TIM8_BRK_TIM12_IRQHandler                         build/startup_stm32f205xx.o
TIM8_CC_IRQHandler                                build/startup_stm32f205xx.o
TIM8_TRG_COM_TIM14_IRQHandler                     build/startup_stm32f205xx.o
TIM8_UP_TIM13_IRQHandler                          build/startup_stm32f205xx.o
TIMEx_DMACommutationCplt                          build/stm32f2xx_hal_tim_ex.o
                                                  build/stm32f2xx_hal_tim.o
TIMEx_DMACommutationHalfCplt                      build/stm32f2xx_hal_tim_ex.o
                                                  build/stm32f2xx_hal_tim.o
TIM_Base_SetConfig                                build/stm32f2xx_hal_tim.o
                                                  build/stm32f2xx_hal_tim_ex.o
TIM_CCxChannelCmd                                 build/stm32f2xx_hal_tim.o
                                                  build/stm32f2xx_hal_tim_ex.o
TIM_DMACaptureCplt                                build/stm32f2xx_hal_tim.o
                                                  build/stm32f2xx_hal_tim_ex.o
TIM_DMACaptureHalfCplt                            build/stm32f2xx_hal_tim.o
                                                  build/stm32f2xx_hal_tim_ex.o
TIM_DMADelayPulseHalfCplt                         build/stm32f2xx_hal_tim.o
                                                  build/stm32f2xx_hal_tim_ex.o
TIM_DMAError                                      build/stm32f2xx_hal_tim.o
                                                  build/stm32f2xx_hal_tim_ex.o
TIM_ETR_SetConfig                                 build/stm32f2xx_hal_tim.o
TIM_OC2_SetConfig                                 build/stm32f2xx_hal_tim.o
                                                  build/stm32f2xx_hal_tim_ex.o
TIM_TI1_SetConfig                                 build/stm32f2xx_hal_tim.o
                                                  build/stm32f2xx_hal_tim_ex.o
UART4_IRQHandler                                  build/startup_stm32f205xx.o
UART5_IRQHandler                                  build/startup_stm32f205xx.o
UART_Start_Receive_DMA                            build/stm32f2xx_hal_uart.o
UART_Start_Receive_IT                             build/stm32f2xx_hal_uart.o
USART1_IRQHandler                                 build/stm32f2xx_it.o
USART2_IRQHandler                                 build/startup_stm32f205xx.o
USART3_IRQHandler                                 build/startup_stm32f205xx.o
USART6_IRQHandler                                 build/startup_stm32f205xx.o
UsageFault_Handler                                build/stm32f2xx_it.o
WWDG_IRQHandler                                   build/startup_stm32f205xx.o
__aeabi_idiv0                                     /usr/bin/../lib/gcc/arm-none-eabi/8.3.1/thumb/v7-m/nofp/libgcc.a(_dvmd_tls.o)
__aeabi_ldiv0                                     /usr/bin/../lib/gcc/arm-none-eabi/8.3.1/thumb/v7-m/nofp/libgcc.a(_dvmd_tls.o)
                                                  /usr/bin/../lib/gcc/arm-none-eabi/8.3.1/thumb/v7-m/nofp/libgcc.a(_aeabi_uldivmod.o)
__aeabi_uldivmod                                  /usr/bin/../lib/gcc/arm-none-eabi/8.3.1/thumb/v7-m/nofp/libgcc.a(_aeabi_uldivmod.o)
                                                  build/stm32f2xx_hal_rcc.o
__bss_end__                                       /usr/bin/../lib/gcc/arm-none-eabi/8.3.1/../../../../arm-none-eabi/lib/thumb/v7-m/nofp/crt0.o
__bss_start__                                     /usr/bin/../lib/gcc/arm-none-eabi/8.3.1/../../../../arm-none-eabi/lib/thumb/v7-m/nofp/crt0.o
__call_exitprocs                                  /usr/bin/../lib/gcc/arm-none-eabi/8.3.1/../../../../arm-none-eabi/lib/thumb/v7-m/nofp/libc_nano.a(lib_a-exit.o)
__deregister_frame_info                           /usr/bin/../lib/gcc/arm-none-eabi/8.3.1/thumb/v7-m/nofp/crtbegin.o
__dso_handle                                      /usr/bin/../lib/gcc/arm-none-eabi/8.3.1/thumb/v7-m/nofp/crtbegin.o
__init_array_end                                  /usr/bin/../lib/gcc/arm-none-eabi/8.3.1/../../../../arm-none-eabi/lib/thumb/v7-m/nofp/libc_nano.a(lib_a-init.o)
__init_array_start                                /usr/bin/../lib/gcc/arm-none-eabi/8.3.1/../../../../arm-none-eabi/lib/thumb/v7-m/nofp/libc_nano.a(lib_a-init.o)
__libc_fini_array                                 /usr/bin/../lib/gcc/arm-none-eabi/8.3.1/../../../../arm-none-eabi/lib/thumb/v7-m/nofp/crt0.o
__libc_init_array                                 /usr/bin/../lib/gcc/arm-none-eabi/8.3.1/../../../../arm-none-eabi/lib/thumb/v7-m/nofp/libc_nano.a(lib_a-init.o)
                                                  build/startup_stm32f205xx.o
                                                  /usr/bin/../lib/gcc/arm-none-eabi/8.3.1/../../../../arm-none-eabi/lib/thumb/v7-m/nofp/crt0.o
__preinit_array_end                               /usr/bin/../lib/gcc/arm-none-eabi/8.3.1/../../../../arm-none-eabi/lib/thumb/v7-m/nofp/libc_nano.a(lib_a-init.o)
__preinit_array_start                             /usr/bin/../lib/gcc/arm-none-eabi/8.3.1/../../../../arm-none-eabi/lib/thumb/v7-m/nofp/libc_nano.a(lib_a-init.o)
__register_frame_info                             /usr/bin/../lib/gcc/arm-none-eabi/8.3.1/thumb/v7-m/nofp/crtbegin.o
__sf_fake_stderr                                  /usr/bin/../lib/gcc/arm-none-eabi/8.3.1/../../../../arm-none-eabi/lib/thumb/v7-m/nofp/libc_nano.a(lib_a-impure.o)
__sf_fake_stdin                                   /usr/bin/../lib/gcc/arm-none-eabi/8.3.1/../../../../arm-none-eabi/lib/thumb/v7-m/nofp/libc_nano.a(lib_a-impure.o)
__sf_fake_stdout                                  /usr/bin/../lib/gcc/arm-none-eabi/8.3.1/../../../../arm-none-eabi/lib/thumb/v7-m/nofp/libc_nano.a(lib_a-impure.o)
__stack                                           /usr/bin/../lib/gcc/arm-none-eabi/8.3.1/../../../../arm-none-eabi/lib/thumb/v7-m/nofp/crt0.o
__udivmoddi4                                      /usr/bin/../lib/gcc/arm-none-eabi/8.3.1/thumb/v7-m/nofp/libgcc.a(_udivmoddi4.o)
                                                  /usr/bin/../lib/gcc/arm-none-eabi/8.3.1/thumb/v7-m/nofp/libgcc.a(_aeabi_uldivmod.o)
_ebss                                             build/startup_stm32f205xx.o
_edata                                            build/startup_stm32f205xx.o
_estack                                           build/startup_stm32f205xx.o
_exit                                             /usr/bin/../lib/gcc/arm-none-eabi/8.3.1/../../../../arm-none-eabi/lib/thumb/v7-m/nofp/libnosys.a(_exit.o)
                                                  /usr/bin/../lib/gcc/arm-none-eabi/8.3.1/../../../../arm-none-eabi/lib/thumb/v7-m/nofp/libc_nano.a(lib_a-exit.o)
_fini                                             /usr/bin/../lib/gcc/arm-none-eabi/8.3.1/thumb/v7-m/nofp/crti.o
_global_impure_ptr                                /usr/bin/../lib/gcc/arm-none-eabi/8.3.1/../../../../arm-none-eabi/lib/thumb/v7-m/nofp/libc_nano.a(lib_a-impure.o)
                                                  /usr/bin/../lib/gcc/arm-none-eabi/8.3.1/../../../../arm-none-eabi/lib/thumb/v7-m/nofp/libc_nano.a(lib_a-exit.o)
_impure_ptr                                       /usr/bin/../lib/gcc/arm-none-eabi/8.3.1/../../../../arm-none-eabi/lib/thumb/v7-m/nofp/libc_nano.a(lib_a-impure.o)
_init                                             /usr/bin/../lib/gcc/arm-none-eabi/8.3.1/thumb/v7-m/nofp/crti.o
                                                  /usr/bin/../lib/gcc/arm-none-eabi/8.3.1/../../../../arm-none-eabi/lib/thumb/v7-m/nofp/libc_nano.a(lib_a-init.o)
_mainCRTStartup                                   /usr/bin/../lib/gcc/arm-none-eabi/8.3.1/../../../../arm-none-eabi/lib/thumb/v7-m/nofp/crt0.o
_sbss                                             build/startup_stm32f205xx.o
_sdata                                            build/startup_stm32f205xx.o
_sidata                                           build/startup_stm32f205xx.o
_start                                            /usr/bin/../lib/gcc/arm-none-eabi/8.3.1/../../../../arm-none-eabi/lib/thumb/v7-m/nofp/crt0.o
atexit                                            /usr/bin/../lib/gcc/arm-none-eabi/8.3.1/../../../../arm-none-eabi/lib/thumb/v7-m/nofp/crt0.o
brightness                                        build/main.o
                                                  build/command_line.o
command                                           build/main.o
command_aqua                                      build/command_line.o
command_black                                     build/command_line.o
command_blue                                      build/command_line.o
command_br0                                       build/command_line.o
command_br1                                       build/command_line.o
command_br2                                       build/command_line.o
command_br3                                       build/command_line.o
command_colors                                    build/command_line.o
command_flag                                      build/main.o
                                                  build/command_line.o
command_fuchsia                                   build/command_line.o
command_green                                     build/command_line.o
command_red                                       build/command_line.o
command_white                                     build/command_line.o
command_yellow                                    build/command_line.o
count                                             build/main.o
                                                  build/command_line.o
data_buffer                                       build/main.o
                                                  build/command_line.o
exit                                              /usr/bin/../lib/gcc/arm-none-eabi/8.3.1/../../../../arm-none-eabi/lib/thumb/v7-m/nofp/libc_nano.a(lib_a-exit.o)
                                                  /usr/bin/../lib/gcc/arm-none-eabi/8.3.1/../../../../arm-none-eabi/lib/thumb/v7-m/nofp/crt0.o
g_pfnVectors                                      build/startup_stm32f205xx.o
hardware_init_hook                                /usr/bin/../lib/gcc/arm-none-eabi/8.3.1/../../../../arm-none-eabi/lib/thumb/v7-m/nofp/crt0.o
hdma_usart1_rx                                    build/main.o
                                                  build/stm32f2xx_hal_msp.o
                                                  build/stm32f2xx_it.o
hdma_usart1_tx                                    build/main.o
                                                  build/stm32f2xx_hal_msp.o
                                                  build/stm32f2xx_it.o
htim3                                             build/main.o
huart1                                            build/main.o
                                                  build/command_line.o
                                                  build/stm32f2xx_it.o
main                                              build/main.o
                                                  build/startup_stm32f205xx.o
                                                  /usr/bin/../lib/gcc/arm-none-eabi/8.3.1/../../../../arm-none-eabi/lib/thumb/v7-m/nofp/crt0.o
memset                                            /usr/bin/../lib/gcc/arm-none-eabi/8.3.1/../../../../arm-none-eabi/lib/thumb/v7-m/nofp/libc_nano.a(lib_a-memset.o)
                                                  build/command_line.o
                                                  build/main.o
                                                  /usr/bin/../lib/gcc/arm-none-eabi/8.3.1/../../../../arm-none-eabi/lib/thumb/v7-m/nofp/crt0.o
pFlash                                            build/stm32f2xx_hal_flash.o
                                                  build/stm32f2xx_hal_flash_ex.o
recvd_data                                        build/main.o