Archive member included to satisfy reference by file (symbol)

/usr/bin/../lib/gcc/arm-none-eabi/8.3.1/../../../../arm-none-eabi/lib/thumb/v7e-m+fp/hard/libc_nano.a(lib_a-errno.o)
                              build/sysmem.o (__errno)
/usr/bin/../lib/gcc/arm-none-eabi/8.3.1/../../../../arm-none-eabi/lib/thumb/v7e-m+fp/hard/libc_nano.a(lib_a-exit.o)
                              /usr/bin/../lib/gcc/arm-none-eabi/8.3.1/../../../../arm-none-eabi/lib/thumb/v7e-m+fp/hard/crt0.o (exit)
/usr/bin/../lib/gcc/arm-none-eabi/8.3.1/../../../../arm-none-eabi/lib/thumb/v7e-m+fp/hard/libc_nano.a(lib_a-impure.o)
                              /usr/bin/../lib/gcc/arm-none-eabi/8.3.1/../../../../arm-none-eabi/lib/thumb/v7e-m+fp/hard/libc_nano.a(lib_a-exit.o) (_global_impure_ptr)
/usr/bin/../lib/gcc/arm-none-eabi/8.3.1/../../../../arm-none-eabi/lib/thumb/v7e-m+fp/hard/libc_nano.a(lib_a-init.o)
                              /usr/bin/../lib/gcc/arm-none-eabi/8.3.1/../../../../arm-none-eabi/lib/thumb/v7e-m+fp/hard/crt0.o (__libc_init_array)
/usr/bin/../lib/gcc/arm-none-eabi/8.3.1/../../../../arm-none-eabi/lib/thumb/v7e-m+fp/hard/libc_nano.a(lib_a-memset.o)
                              /usr/bin/../lib/gcc/arm-none-eabi/8.3.1/../../../../arm-none-eabi/lib/thumb/v7e-m+fp/hard/crt0.o (memset)
/usr/bin/../lib/gcc/arm-none-eabi/8.3.1/../../../../arm-none-eabi/lib/thumb/v7e-m+fp/hard/libc_nano.a(lib_a-strcmp.o)
                              build/command_line.o (strcmp)
/usr/bin/../lib/gcc/arm-none-eabi/8.3.1/../../../../arm-none-eabi/lib/thumb/v7e-m+fp/hard/libc_nano.a(lib_a-strlen.o)
                              build/main.o (strlen)
/usr/bin/../lib/gcc/arm-none-eabi/8.3.1/thumb/v7e-m+fp/hard/libgcc.a(_aeabi_uldivmod.o)
                              build/stm32f4xx_hal_rcc.o (__aeabi_uldivmod)
/usr/bin/../lib/gcc/arm-none-eabi/8.3.1/thumb/v7e-m+fp/hard/libgcc.a(_udivmoddi4.o)
                              /usr/bin/../lib/gcc/arm-none-eabi/8.3.1/thumb/v7e-m+fp/hard/libgcc.a(_aeabi_uldivmod.o) (__udivmoddi4)
/usr/bin/../lib/gcc/arm-none-eabi/8.3.1/thumb/v7e-m+fp/hard/libgcc.a(_dvmd_tls.o)
                              /usr/bin/../lib/gcc/arm-none-eabi/8.3.1/thumb/v7e-m+fp/hard/libgcc.a(_aeabi_uldivmod.o) (__aeabi_ldiv0)

Allocating common symbols
Common symbol       size              file

recvd_data          0x1               build/main.o
command             0x4               build/main.o
uwTick              0x4               build/stm32f4xx_hal.o
pFlash              0x20              build/stm32f4xx_hal_flash.o
htim3               0x48              build/main.o
hdma_usart1_tx      0x60              build/main.o
hdma_usart1_rx      0x60              build/main.o
huart1              0x48              build/main.o
data_buffer         0x64              build/main.o

Discarded input sections

 .text          0x0000000000000000        0x0 /usr/bin/../lib/gcc/arm-none-eabi/8.3.1/thumb/v7e-m+fp/hard/crti.o
 .data          0x0000000000000000        0x0 /usr/bin/../lib/gcc/arm-none-eabi/8.3.1/thumb/v7e-m+fp/hard/crti.o
 .bss           0x0000000000000000        0x0 /usr/bin/../lib/gcc/arm-none-eabi/8.3.1/thumb/v7e-m+fp/hard/crti.o
 .data          0x0000000000000000        0x4 /usr/bin/../lib/gcc/arm-none-eabi/8.3.1/thumb/v7e-m+fp/hard/crtbegin.o
 .text          0x0000000000000000       0x74 /usr/bin/../lib/gcc/arm-none-eabi/8.3.1/../../../../arm-none-eabi/lib/thumb/v7e-m+fp/hard/crt0.o
 .data          0x0000000000000000        0x0 /usr/bin/../lib/gcc/arm-none-eabi/8.3.1/../../../../arm-none-eabi/lib/thumb/v7e-m+fp/hard/crt0.o
 .bss           0x0000000000000000        0x0 /usr/bin/../lib/gcc/arm-none-eabi/8.3.1/../../../../arm-none-eabi/lib/thumb/v7e-m+fp/hard/crt0.o
 .ARM.extab     0x0000000000000000        0x0 /usr/bin/../lib/gcc/arm-none-eabi/8.3.1/../../../../arm-none-eabi/lib/thumb/v7e-m+fp/hard/crt0.o
 .ARM.exidx     0x0000000000000000        0x8 /usr/bin/../lib/gcc/arm-none-eabi/8.3.1/../../../../arm-none-eabi/lib/thumb/v7e-m+fp/hard/crt0.o
 .ARM.attributes
                0x0000000000000000       0x1c /usr/bin/../lib/gcc/arm-none-eabi/8.3.1/../../../../arm-none-eabi/lib/thumb/v7e-m+fp/hard/crt0.o
 .text          0x0000000000000000        0x0 build/main.o
 .data          0x0000000000000000        0x0 build/main.o
 .bss           0x0000000000000000        0x0 build/main.o
 .text          0x0000000000000000        0x0 build/stm32f4xx_it.o
 .data          0x0000000000000000        0x0 build/stm32f4xx_it.o
 .bss           0x0000000000000000        0x0 build/stm32f4xx_it.o
 .text          0x0000000000000000        0x0 build/stm32f4xx_hal_msp.o
 .data          0x0000000000000000        0x0 build/stm32f4xx_hal_msp.o
 .bss           0x0000000000000000        0x0 build/stm32f4xx_hal_msp.o
 .text.HAL_TIM_Base_MspDeInit
                0x0000000000000000       0x20 build/stm32f4xx_hal_msp.o
 .text.HAL_UART_MspDeInit
                0x0000000000000000       0x44 build/stm32f4xx_hal_msp.o
[...]
Memory Configuration

Name             Origin             Length             Attributes
RAM              0x0000000020000000 0x0000000000010000 xrw
FLASH            0x0000000008000000 0x0000000000040000 xr
*default*        0x0000000000000000 0xffffffffffffffff

Linker script and memory map

LOAD /usr/bin/../lib/gcc/arm-none-eabi/8.3.1/thumb/v7e-m+fp/hard/crti.o
LOAD /usr/bin/../lib/gcc/arm-none-eabi/8.3.1/thumb/v7e-m+fp/hard/crtbegin.o
LOAD /usr/bin/../lib/gcc/arm-none-eabi/8.3.1/../../../../arm-none-eabi/lib/thumb/v7e-m+fp/hard/crt0.o
LOAD build/main.o
LOAD build/stm32f4xx_it.o
LOAD build/stm32f4xx_hal_msp.o
LOAD build/stm32f4xx_hal_tim.o
LOAD build/stm32f4xx_hal_tim_ex.o
LOAD build/stm32f4xx_hal_rcc.o
LOAD build/stm32f4xx_hal_rcc_ex.o
LOAD build/stm32f4xx_hal_flash.o
LOAD build/stm32f4xx_hal_flash_ex.o
LOAD build/stm32f4xx_hal_flash_ramfunc.o
LOAD build/stm32f4xx_hal_gpio.o
LOAD build/stm32f4xx_hal_dma_ex.o
LOAD build/stm32f4xx_hal_dma.o
LOAD build/stm32f4xx_hal_pwr.o
LOAD build/stm32f4xx_hal_pwr_ex.o
LOAD build/stm32f4xx_hal_cortex.o
LOAD build/stm32f4xx_hal.o
LOAD build/stm32f4xx_hal_exti.o
LOAD build/system_stm32f4xx.o
LOAD build/sysmem.o
LOAD build/syscalls.o
LOAD build/stm32f4xx_hal_uart.o
LOAD build/command_line.o
LOAD build/motor.o
LOAD build/startup_stm32f401xc.o
LOAD /usr/bin/../lib/gcc/arm-none-eabi/8.3.1/../../../../arm-none-eabi/lib/thumb/v7e-m+fp/hard/libc_nano.a
LOAD /usr/bin/../lib/gcc/arm-none-eabi/8.3.1/../../../../arm-none-eabi/lib/thumb/v7e-m+fp/hard/libm.a
LOAD /usr/bin/../lib/gcc/arm-none-eabi/8.3.1/../../../../arm-none-eabi/lib/thumb/v7e-m+fp/hard/libnosys.a
START GROUP
LOAD /usr/bin/../lib/gcc/arm-none-eabi/8.3.1/thumb/v7e-m+fp/hard/libgcc.a
LOAD /usr/bin/../lib/gcc/arm-none-eabi/8.3.1/../../../../arm-none-eabi/lib/thumb/v7e-m+fp/hard/libc_nano.a
END GROUP
START GROUP
LOAD /usr/bin/../lib/gcc/arm-none-eabi/8.3.1/thumb/v7e-m+fp/hard/libgcc.a
LOAD /usr/bin/../lib/gcc/arm-none-eabi/8.3.1/../../../../arm-none-eabi/lib/thumb/v7e-m+fp/hard/libc_nano.a
END GROUP
LOAD /usr/bin/../lib/gcc/arm-none-eabi/8.3.1/thumb/v7e-m+fp/hard/crtend.o
LOAD /usr/bin/../lib/gcc/arm-none-eabi/8.3.1/thumb/v7e-m+fp/hard/crtn.o
                0x0000000020010000                _estack = (ORIGIN (RAM) + LENGTH (RAM))
                0x0000000000000200                _Min_Heap_Size = 0x200
                0x0000000000000400                _Min_Stack_Size = 0x400

.isr_vector     0x0000000008000000      0x194
                0x0000000008000000                . = ALIGN (0x4)
 *(.isr_vector)
 .isr_vector    0x0000000008000000      0x194 build/startup_stm32f401xc.o
                0x0000000008000000                g_pfnVectors
                0x0000000008000194                . = ALIGN (0x4)

.text           0x0000000008000194     0x2b64
                0x0000000008000194                . = ALIGN (0x4)
 *(.text)
 .text          0x0000000008000194       0x40 /usr/bin/../lib/gcc/arm-none-eabi/8.3.1/thumb/v7e-m+fp/hard/crtbegin.o
 .text          0x00000000080001d4       0x14 /usr/bin/../lib/gcc/arm-none-eabi/8.3.1/../../../../arm-none-eabi/lib/thumb/v7e-m+fp/hard/libc_nano.a(lib_a-strcmp.o)
                0x00000000080001d4                strcmp
 .text          0x00000000080001e8       0x10 /usr/bin/../lib/gcc/arm-none-eabi/8.3.1/../../../../arm-none-eabi/lib/thumb/v7e-m+fp/hard/libc_nano.a(lib_a-strlen.o)
                0x00000000080001e8                strlen
 .text          0x00000000080001f8       0x30 /usr/bin/../lib/gcc/arm-none-eabi/8.3.1/thumb/v7e-m+fp/hard/libgcc.a(_aeabi_uldivmod.o)
                0x00000000080001f8                __aeabi_uldivmod
 .text          0x0000000008000228      0x2d0 /usr/bin/../lib/gcc/arm-none-eabi/8.3.1/thumb/v7e-m+fp/hard/libgcc.a(_udivmoddi4.o)
                0x0000000008000228                __udivmoddi4
 .text          0x00000000080004f8        0x4 /usr/bin/../lib/gcc/arm-none-eabi/8.3.1/thumb/v7e-m+fp/hard/libgcc.a(_dvmd_tls.o)
                0x00000000080004f8                __aeabi_ldiv0
                0x00000000080004f8                __aeabi_idiv0
 *(.text*)
 .text.MX_GPIO_Init
                0x00000000080004fc       0xcc build/main.o
 .text.MX_DMA_Init
                0x00000000080005c8       0x44 build/main.o
 .text.HAL_UART_TxCpltCallback
                0x000000000800060c       0x1c build/main.o
                0x000000000800060c                HAL_UART_TxCpltCallback
 .text.HAL_UART_RxCpltCallback
                0x0000000008000628       0x60 build/main.o
                0x0000000008000628                HAL_UART_RxCpltCallback
 .text.Error_Handler
                0x0000000008000688        0x4 build/main.o
                0x0000000008000688                Error_Handler
 .text.MX_TIM3_Init
                0x000000000800068c       0xe0 build/main.o
 .text.MX_USART1_UART_Init
                0x000000000800076c       0x34 build/main.o
 .text.SystemClock_Config
                0x00000000080007a0       0xa8 build/main.o
                0x00000000080007a0                SystemClock_Config
 .text.main     0x0000000008000848      0x13c build/main.o
                0x0000000008000848                main
 .text.NMI_Handler
                0x0000000008000984        0x2 build/stm32f4xx_it.o
                0x0000000008000984                NMI_Handler
 .text.HardFault_Handler
                0x0000000008000986        0x2 build/stm32f4xx_it.o
                0x0000000008000986                HardFault_Handler
 .text.MemManage_Handler
                0x0000000008000988        0x2 build/stm32f4xx_it.o
                0x0000000008000988                MemManage_Handler
 .text.BusFault_Handler
                0x000000000800098a        0x2 build/stm32f4xx_it.o
                0x000000000800098a                BusFault_Handler
 .text.UsageFault_Handler
                0x000000000800098c        0x2 build/stm32f4xx_it.o
                0x000000000800098c                UsageFault_Handler
 .text.SVC_Handler
                0x000000000800098e        0x2 build/stm32f4xx_it.o
                0x000000000800098e                SVC_Handler
 .text.DebugMon_Handler
                0x0000000008000990        0x2 build/stm32f4xx_it.o
                0x0000000008000990                DebugMon_Handler
 .text.PendSV_Handler
                0x0000000008000992        0x2 build/stm32f4xx_it.o
                0x0000000008000992                PendSV_Handler
 .text.SysTick_Handler
                0x0000000008000994        0x8 build/stm32f4xx_it.o
                0x0000000008000994                SysTick_Handler
 .text.USART1_IRQHandler
                0x000000000800099c       0x10 build/stm32f4xx_it.o
                0x000000000800099c                USART1_IRQHandler
 .text.DMA2_Stream2_IRQHandler
                0x00000000080009ac       0x10 build/stm32f4xx_it.o
                0x00000000080009ac                DMA2_Stream2_IRQHandler
 .text.DMA2_Stream7_IRQHandler
                0x00000000080009bc       0x10 build/stm32f4xx_it.o
                0x00000000080009bc                DMA2_Stream7_IRQHandler
 .text.HAL_MspInit
                0x00000000080009cc       0x38 build/stm32f4xx_hal_msp.o
                0x00000000080009cc                HAL_MspInit
 .text.HAL_TIM_Base_MspInit
                0x0000000008000a04       0x30 build/stm32f4xx_hal_msp.o
                0x0000000008000a04                HAL_TIM_Base_MspInit
 .text.HAL_TIM_MspPostInit
                0x0000000008000a34       0x80 build/stm32f4xx_hal_msp.o
                0x0000000008000a34                HAL_TIM_MspPostInit
 .text.HAL_UART_MspInit
                0x0000000008000ab4       0xfc build/stm32f4xx_hal_msp.o
                0x0000000008000ab4                HAL_UART_MspInit
 .text.TIM_OC1_SetConfig
                0x0000000008000bb0       0x5c build/stm32f4xx_hal_tim.o
 .text.TIM_OC3_SetConfig
                0x0000000008000c0c       0x64 build/stm32f4xx_hal_tim.o
 .text.TIM_OC4_SetConfig
                0x0000000008000c70       0x48 build/stm32f4xx_hal_tim.o
 .text.TIM_TI1_ConfigInputStage
                0x0000000008000cb8       0x26 build/stm32f4xx_hal_tim.o
 .text.TIM_TI2_ConfigInputStage
                0x0000000008000cde       0x28 build/stm32f4xx_hal_tim.o
 .text.TIM_ITRx_SetConfig
                0x0000000008000d06       0x10 build/stm32f4xx_hal_tim.o
 .text.HAL_TIM_PWM_MspInit
                0x0000000008000d16        0x2 build/stm32f4xx_hal_tim.o
                0x0000000008000d16                HAL_TIM_PWM_MspInit
 .text.TIM_Base_SetConfig
                0x0000000008000d18       0xac build/stm32f4xx_hal_tim.o
                0x0000000008000d18                TIM_Base_SetConfig
 .text.HAL_TIM_Base_Init
                0x0000000008000dc4       0x58 build/stm32f4xx_hal_tim.o
                0x0000000008000dc4                HAL_TIM_Base_Init
 .text.HAL_TIM_PWM_Init
                0x0000000008000e1c       0x58 build/stm32f4xx_hal_tim.o
                0x0000000008000e1c                HAL_TIM_PWM_Init
 .text.TIM_OC2_SetConfig
                0x0000000008000e74       0x64 build/stm32f4xx_hal_tim.o
                0x0000000008000e74                TIM_OC2_SetConfig
 .text.HAL_TIM_PWM_ConfigChannel
                0x0000000008000ed8       0xdc build/stm32f4xx_hal_tim.o
                0x0000000008000ed8                HAL_TIM_PWM_ConfigChannel
 .text.TIM_ETR_SetConfig
                0x0000000008000fb4       0x18 build/stm32f4xx_hal_tim.o
                0x0000000008000fb4                TIM_ETR_SetConfig
 .text.HAL_TIM_ConfigClockSource
                0x0000000008000fcc      0x100 build/stm32f4xx_hal_tim.o
                0x0000000008000fcc                HAL_TIM_ConfigClockSource
 .text.TIM_CCxChannelCmd
                0x00000000080010cc       0x22 build/stm32f4xx_hal_tim.o
                0x00000000080010cc                TIM_CCxChannelCmd
 *fill*         0x00000000080010ee        0x2 
 .text.HAL_TIM_PWM_Start
                0x00000000080010f0       0xf8 build/stm32f4xx_hal_tim.o
                0x00000000080010f0                HAL_TIM_PWM_Start
 .text.HAL_TIM_PWM_Stop
                0x00000000080011e8       0x84 build/stm32f4xx_hal_tim.o
                0x00000000080011e8                HAL_TIM_PWM_Stop
 .text.HAL_TIMEx_MasterConfigSynchronization
                0x000000000800126c       0x78 build/stm32f4xx_hal_tim_ex.o
                0x000000000800126c                HAL_TIMEx_MasterConfigSynchronization
 .text.HAL_RCC_OscConfig
                0x00000000080012e4      0x3f8 build/stm32f4xx_hal_rcc.o
                0x00000000080012e4                HAL_RCC_OscConfig
 .text.HAL_RCC_GetSysClockFreq
                0x00000000080016dc       0xa4 build/stm32f4xx_hal_rcc.o
                0x00000000080016dc                HAL_RCC_GetSysClockFreq
 .text.HAL_RCC_ClockConfig
                0x0000000008001780      0x160 build/stm32f4xx_hal_rcc.o
                0x0000000008001780                HAL_RCC_ClockConfig
 .text.HAL_RCC_GetHCLKFreq
                0x00000000080018e0        0xc build/stm32f4xx_hal_rcc.o
                0x00000000080018e0                HAL_RCC_GetHCLKFreq
 .text.HAL_RCC_GetPCLK1Freq
                0x00000000080018ec       0x20 build/stm32f4xx_hal_rcc.o
                0x00000000080018ec                HAL_RCC_GetPCLK1Freq
 .text.HAL_RCC_GetPCLK2Freq
                0x000000000800190c       0x20 build/stm32f4xx_hal_rcc.o
                0x000000000800190c                HAL_RCC_GetPCLK2Freq
 .text.HAL_GPIO_Init
                0x000000000800192c      0x1b0 build/stm32f4xx_hal_gpio.o
                0x000000000800192c                HAL_GPIO_Init
 .text.HAL_GPIO_ReadPin
                0x0000000008001adc        0xe build/stm32f4xx_hal_gpio.o
                0x0000000008001adc                HAL_GPIO_ReadPin
 .text.HAL_GPIO_WritePin
                0x0000000008001aea        0xc build/stm32f4xx_hal_gpio.o
                0x0000000008001aea                HAL_GPIO_WritePin
 *fill*         0x0000000008001af6        0x2 
 .text.DMA_CalcBaseAndBitshift
                0x0000000008001af8       0x44 build/stm32f4xx_hal_dma.o
 .text.DMA_CheckFifoParam
                0x0000000008001b3c       0x8e build/stm32f4xx_hal_dma.o
 *fill*         0x0000000008001bca        0x2 
 .text.HAL_DMA_Init
                0x0000000008001bcc       0xcc build/stm32f4xx_hal_dma.o
                0x0000000008001bcc                HAL_DMA_Init
 .text.HAL_DMA_Abort
                0x0000000008001c98       0x94 build/stm32f4xx_hal_dma.o
                0x0000000008001c98                HAL_DMA_Abort
 .text.HAL_DMA_Abort_IT
                0x0000000008001d2c       0x26 build/stm32f4xx_hal_dma.o
                0x0000000008001d2c                HAL_DMA_Abort_IT
 *fill*         0x0000000008001d52        0x2 
 .text.HAL_DMA_IRQHandler
                0x0000000008001d54      0x1dc build/stm32f4xx_hal_dma.o
                0x0000000008001d54                HAL_DMA_IRQHandler
 .text.HAL_NVIC_SetPriorityGrouping
                0x0000000008001f30       0x24 build/stm32f4xx_hal_cortex.o
                0x0000000008001f30                HAL_NVIC_SetPriorityGrouping
 .text.HAL_NVIC_SetPriority
                0x0000000008001f54       0x68 build/stm32f4xx_hal_cortex.o
                0x0000000008001f54                HAL_NVIC_SetPriority
 .text.HAL_NVIC_EnableIRQ
                0x0000000008001fbc       0x1c build/stm32f4xx_hal_cortex.o
                0x0000000008001fbc                HAL_NVIC_EnableIRQ
 .text.HAL_SYSTICK_Config
                0x0000000008001fd8       0x2c build/stm32f4xx_hal_cortex.o
                0x0000000008001fd8                HAL_SYSTICK_Config
 .text.HAL_InitTick
                0x0000000008002004       0x4c build/stm32f4xx_hal.o
                0x0000000008002004                HAL_InitTick
 .text.HAL_Init
                0x0000000008002050       0x34 build/stm32f4xx_hal.o
                0x0000000008002050                HAL_Init
 .text.HAL_IncTick
                0x0000000008002084       0x18 build/stm32f4xx_hal.o
                0x0000000008002084                HAL_IncTick
 .text.HAL_GetTick
                0x000000000800209c        0xc build/stm32f4xx_hal.o
                0x000000000800209c                HAL_GetTick
 .text.HAL_Delay
                0x00000000080020a8       0x28 build/stm32f4xx_hal.o
                0x00000000080020a8                HAL_Delay
 .text.SystemInit
                0x00000000080020d0       0x14 build/system_stm32f4xx.o
                0x00000000080020d0                SystemInit
 .text.UART_EndRxTransfer
                0x00000000080020e4       0x5c build/stm32f4xx_hal_uart.o
 .text.UART_Transmit_IT
                0x0000000008002140       0x5e build/stm32f4xx_hal_uart.o
 *fill*         0x000000000800219e        0x2 
 .text.UART_SetConfig
                0x00000000080021a0      0x11c build/stm32f4xx_hal_uart.o
 .text.UART_WaitOnFlagUntilTimeout
                0x00000000080022bc       0x80 build/stm32f4xx_hal_uart.o
 .text.HAL_UART_Init
                0x000000000800233c       0x60 build/stm32f4xx_hal_uart.o
                0x000000000800233c                HAL_UART_Init
 .text.HAL_UART_Transmit
                0x000000000800239c       0xce build/stm32f4xx_hal_uart.o
                0x000000000800239c                HAL_UART_Transmit
 .text.HAL_UART_Transmit_IT
                0x000000000800246a       0x38 build/stm32f4xx_hal_uart.o
                0x000000000800246a                HAL_UART_Transmit_IT
 .text.UART_EndTransmit_IT
                0x00000000080024a2       0x1a build/stm32f4xx_hal_uart.o
 .text.HAL_UART_ErrorCallback
                0x00000000080024bc        0x2 build/stm32f4xx_hal_uart.o
                0x00000000080024bc                HAL_UART_ErrorCallback
 .text.UART_DMAAbortOnError
                0x00000000080024be       0x10 build/stm32f4xx_hal_uart.o
 .text.HAL_UARTEx_RxEventCallback
                0x00000000080024ce        0x2 build/stm32f4xx_hal_uart.o
                0x00000000080024ce                HAL_UARTEx_RxEventCallback
 .text.UART_Receive_IT
                0x00000000080024d0       0xe4 build/stm32f4xx_hal_uart.o
 .text.HAL_UART_IRQHandler
                0x00000000080025b4      0x284 build/stm32f4xx_hal_uart.o
                0x00000000080025b4                HAL_UART_IRQHandler
 .text.UART_Start_Receive_IT
                0x0000000008002838       0x36 build/stm32f4xx_hal_uart.o
                0x0000000008002838                UART_Start_Receive_IT
 .text.HAL_UART_Receive_IT
                0x000000000800286e       0x26 build/stm32f4xx_hal_uart.o
                0x000000000800286e                HAL_UART_Receive_IT
 .text.Clear_Buffer
                0x0000000008002894       0x1c build/command_line.o
                0x0000000008002894                Clear_Buffer
 .text.Get_Command
                0x00000000080028b0      0x238 build/command_line.o
                0x00000000080028b0                Get_Command
 .text.Set_motor_Speed
                0x0000000008002ae8       0x10 build/motor.o
                0x0000000008002ae8                Set_motor_Speed
 .text.Motor_Init
                0x0000000008002af8       0x30 build/motor.o
                0x0000000008002af8                Motor_Init
 .text.Motor_Deinit
                0x0000000008002b28       0x30 build/motor.o
                0x0000000008002b28                Motor_Deinit
 .text.Set_Direction
                0x0000000008002b58       0xdc build/motor.o
                0x0000000008002b58                Set_Direction
 .text.Reset_Handler
                0x0000000008002c34       0x50 build/startup_stm32f401xc.o
                0x0000000008002c34                Reset_Handler
 .text.Default_Handler
                0x0000000008002c84        0x2 build/startup_stm32f401xc.o
                0x0000000008002c84                RTC_Alarm_IRQHandler
                0x0000000008002c84                EXTI2_IRQHandler
                0x0000000008002c84                SPI4_IRQHandler
                0x0000000008002c84                TIM1_CC_IRQHandler
                0x0000000008002c84                DMA2_Stream5_IRQHandler
                0x0000000008002c84                DMA1_Stream5_IRQHandler
                0x0000000008002c84                PVD_IRQHandler
                0x0000000008002c84                SDIO_IRQHandler
                0x0000000008002c84                TAMP_STAMP_IRQHandler
                0x0000000008002c84                EXTI3_IRQHandler
                0x0000000008002c84                TIM1_UP_TIM10_IRQHandler
                0x0000000008002c84                I2C3_ER_IRQHandler
                0x0000000008002c84                EXTI0_IRQHandler
                0x0000000008002c84                I2C2_EV_IRQHandler
                0x0000000008002c84                DMA1_Stream2_IRQHandler
                0x0000000008002c84                FPU_IRQHandler
                0x0000000008002c84                SPI1_IRQHandler
                0x0000000008002c84                TIM1_BRK_TIM9_IRQHandler
                0x0000000008002c84                DMA2_Stream3_IRQHandler
                0x0000000008002c84                USART6_IRQHandler
                0x0000000008002c84                DMA2_Stream0_IRQHandler
                0x0000000008002c84                TIM4_IRQHandler
                0x0000000008002c84                I2C1_EV_IRQHandler
                0x0000000008002c84                DMA1_Stream6_IRQHandler
                0x0000000008002c84                DMA1_Stream1_IRQHandler
                0x0000000008002c84                TIM3_IRQHandler
                0x0000000008002c84                RCC_IRQHandler
                0x0000000008002c84                Default_Handler
                0x0000000008002c84                EXTI15_10_IRQHandler
                0x0000000008002c84                ADC_IRQHandler
                0x0000000008002c84                DMA1_Stream7_IRQHandler
                0x0000000008002c84                TIM5_IRQHandler
                0x0000000008002c84                I2C3_EV_IRQHandler
                0x0000000008002c84                EXTI9_5_IRQHandler
                0x0000000008002c84                RTC_WKUP_IRQHandler
                0x0000000008002c84                SPI2_IRQHandler
                0x0000000008002c84                DMA1_Stream0_IRQHandler
                0x0000000008002c84                EXTI4_IRQHandler
                0x0000000008002c84                WWDG_IRQHandler
                0x0000000008002c84                TIM2_IRQHandler
                0x0000000008002c84                OTG_FS_WKUP_IRQHandler
                0x0000000008002c84                TIM1_TRG_COM_TIM11_IRQHandler
                0x0000000008002c84                EXTI1_IRQHandler
                0x0000000008002c84                USART2_IRQHandler
                0x0000000008002c84                I2C2_ER_IRQHandler
                0x0000000008002c84                DMA2_Stream1_IRQHandler
                0x0000000008002c84                FLASH_IRQHandler
                0x0000000008002c84                DMA2_Stream4_IRQHandler
                0x0000000008002c84                OTG_FS_IRQHandler
                0x0000000008002c84                SPI3_IRQHandler
                0x0000000008002c84                DMA1_Stream4_IRQHandler
                0x0000000008002c84                I2C1_ER_IRQHandler
                0x0000000008002c84                DMA2_Stream6_IRQHandler
                0x0000000008002c84                DMA1_Stream3_IRQHandler
 *fill*         0x0000000008002c86        0x2 
 .text.__libc_init_array
                0x0000000008002c88       0x48 /usr/bin/../lib/gcc/arm-none-eabi/8.3.1/../../../../arm-none-eabi/lib/thumb/v7e-m+fp/hard/libc_nano.a(lib_a-init.o)
                0x0000000008002c88                __libc_init_array
 .text.memset   0x0000000008002cd0       0x10 /usr/bin/../lib/gcc/arm-none-eabi/8.3.1/../../../../arm-none-eabi/lib/thumb/v7e-m+fp/hard/libc_nano.a(lib_a-memset.o)
                0x0000000008002cd0                memset
 *(.glue_7)
 .glue_7        0x0000000008002ce0        0x0 linker stubs
 *(.glue_7t)
 .glue_7t       0x0000000008002ce0        0x0 linker stubs
 *(.eh_frame)
 .eh_frame      0x0000000008002ce0        0x0 /usr/bin/../lib/gcc/arm-none-eabi/8.3.1/thumb/v7e-m+fp/hard/crtbegin.o
 *(.init)
 .init          0x0000000008002ce0        0x4 /usr/bin/../lib/gcc/arm-none-eabi/8.3.1/thumb/v7e-m+fp/hard/crti.o
                0x0000000008002ce0                _init
 .init          0x0000000008002ce4        0x8 /usr/bin/../lib/gcc/arm-none-eabi/8.3.1/thumb/v7e-m+fp/hard/crtn.o
 *(.fini)
 .fini          0x0000000008002cec        0x4 /usr/bin/../lib/gcc/arm-none-eabi/8.3.1/thumb/v7e-m+fp/hard/crti.o
                0x0000000008002cec                _fini
 .fini          0x0000000008002cf0        0x8 /usr/bin/../lib/gcc/arm-none-eabi/8.3.1/thumb/v7e-m+fp/hard/crtn.o
                0x0000000008002cf8                . = ALIGN (0x4)
                0x0000000008002cf8                _etext = .

.vfp11_veneer   0x0000000008002cf8        0x0
 .vfp11_veneer  0x0000000008002cf8        0x0 linker stubs

.v4_bx          0x0000000008002cf8        0x0
 .v4_bx         0x0000000008002cf8        0x0 linker stubs

.iplt           0x0000000008002cf8        0x0
 .iplt          0x0000000008002cf8        0x0 /usr/bin/../lib/gcc/arm-none-eabi/8.3.1/thumb/v7e-m+fp/hard/crtbegin.o

.rodata         0x0000000008002cf8       0x68
                0x0000000008002cf8                . = ALIGN (0x4)
 *(.rodata)
 *(.rodata*)
 .rodata.HAL_UART_RxCpltCallback.str1.4
                0x0000000008002cf8        0x3 build/main.o
 *fill*         0x0000000008002cfb        0x1 
 .rodata.str1.4
                0x0000000008002cfc       0x1d build/main.o
 *fill*         0x0000000008002d19        0x3 
 .rodata.flagBitshiftOffset.8194
                0x0000000008002d1c        0x8 build/stm32f4xx_hal_dma.o
 .rodata.AHBPrescTable
                0x0000000008002d24       0x10 build/system_stm32f4xx.o
                0x0000000008002d24                AHBPrescTable
 .rodata.APBPrescTable
                0x0000000008002d34        0x8 build/system_stm32f4xx.o
                0x0000000008002d34                APBPrescTable
 .rodata.Get_Command.str1.4
                0x0000000008002d3c       0x24 build/command_line.o
                0x0000000008002d60                . = ALIGN (0x4)

.ARM.extab
 *(.ARM.extab* .gnu.linkonce.armextab.*)

.ARM            0x0000000008002d60        0x8
                0x0000000008002d60                __exidx_start = .
 *(.ARM.exidx*)
 .ARM.exidx     0x0000000008002d60        0x8 /usr/bin/../lib/gcc/arm-none-eabi/8.3.1/thumb/v7e-m+fp/hard/libgcc.a(_udivmoddi4.o)
                0x0000000008002d68                __exidx_end = .

.rel.dyn        0x0000000008002d68        0x0
 .rel.iplt      0x0000000008002d68        0x0 /usr/bin/../lib/gcc/arm-none-eabi/8.3.1/thumb/v7e-m+fp/hard/crtbegin.o

.preinit_array  0x0000000008002d68        0x0
                0x0000000008002d68                PROVIDE (__preinit_array_start = .)
 *(.preinit_array*)
                0x0000000008002d68                PROVIDE (__preinit_array_end = .)

.init_array     0x0000000008002d68        0x4
                0x0000000008002d68                PROVIDE (__init_array_start = .)
 *(SORT_BY_NAME(.init_array.*))
 *(.init_array*)
 .init_array    0x0000000008002d68        0x4 /usr/bin/../lib/gcc/arm-none-eabi/8.3.1/thumb/v7e-m+fp/hard/crtbegin.o
                0x0000000008002d6c                PROVIDE (__init_array_end = .)

.fini_array     0x0000000008002d6c        0x4
                [!provide]                        PROVIDE (__fini_array_start = .)
 *(SORT_BY_NAME(.fini_array.*))
 *(.fini_array*)
 .fini_array    0x0000000008002d6c        0x4 /usr/bin/../lib/gcc/arm-none-eabi/8.3.1/thumb/v7e-m+fp/hard/crtbegin.o
                [!provide]                        PROVIDE (__fini_array_end = .)
                0x0000000008002d70                _sidata = LOADADDR (.data)

.data           0x0000000020000000       0x58 load address 0x0000000008002d70
                0x0000000020000000                . = ALIGN (0x4)
                0x0000000020000000                _sdata = .
 *(.data)
 *(.data*)
 .data.user_data
                0x0000000020000000        0x4 build/main.o
                0x0000000020000000                user_data
 .data.uwTickFreq
                0x0000000020000004        0x1 build/stm32f4xx_hal.o
                0x0000000020000004                uwTickFreq
 *fill*         0x0000000020000005        0x3 
 .data.uwTickPrio
                0x0000000020000008        0x4 build/stm32f4xx_hal.o
                0x0000000020000008                uwTickPrio
 .data.SystemCoreClock
                0x000000002000000c        0x4 build/system_stm32f4xx.o
                0x000000002000000c                SystemCoreClock
 .data.command_back
                0x0000000020000010        0x5 build/command_line.o
                0x0000000020000010                command_back
 *fill*         0x0000000020000015        0x3 
 .data.command_forward
                0x0000000020000018        0x8 build/command_line.o
                0x0000000020000018                command_forward
 .data.command_left
                0x0000000020000020        0x5 build/command_line.o
                0x0000000020000020                command_left
 *fill*         0x0000000020000025        0x3 
 .data.command_right
                0x0000000020000028        0x6 build/command_line.o
                0x0000000020000028                command_right
 *fill*         0x000000002000002e        0x2 
 .data.command_speeddown
                0x0000000020000030        0xa build/command_line.o
                0x0000000020000030                command_speeddown
 *fill*         0x000000002000003a        0x2 
 .data.command_speedup
                0x000000002000003c        0x8 build/command_line.o
                0x000000002000003c                command_speedup
 .data.command_start
                0x0000000020000044        0x6 build/command_line.o
                0x0000000020000044                command_start
 *fill*         0x000000002000004a        0x2 
 .data.command_stop
                0x000000002000004c        0x5 build/command_line.o
                0x000000002000004c                command_stop
 *fill*         0x0000000020000051        0x3 
 .data.MotorSpeed
                0x0000000020000054        0x4 build/motor.o
                0x0000000020000054                MotorSpeed
                0x0000000020000058                . = ALIGN (0x4)
                0x0000000020000058                _edata = .

.igot.plt       0x0000000020000058        0x0 load address 0x0000000008002dc8
 .igot.plt      0x0000000020000058        0x0 /usr/bin/../lib/gcc/arm-none-eabi/8.3.1/thumb/v7e-m+fp/hard/crtbegin.o
                0x0000000020000058                . = ALIGN (0x4)

.bss            0x0000000020000058      0x1e4 load address 0x0000000008002dc8
                0x0000000020000058                _sbss = .
                0x0000000020000058                __bss_start__ = _sbss
 *(.bss)
 .bss           0x0000000020000058       0x1c /usr/bin/../lib/gcc/arm-none-eabi/8.3.1/thumb/v7e-m+fp/hard/crtbegin.o
 *(.bss*)
 .bss.command_flag
                0x0000000020000074        0x1 build/main.o
                0x0000000020000074                command_flag
 *fill*         0x0000000020000075        0x3 
 .bss.count     0x0000000020000078        0x4 build/main.o
                0x0000000020000078                count
 *(COMMON)
 COMMON         0x000000002000007c      0x1bc build/main.o
                0x000000002000007c                recvd_data
                0x0000000020000080                command
                0x0000000020000084                htim3
                0x00000000200000cc                hdma_usart1_tx
                0x000000002000012c                hdma_usart1_rx
                0x000000002000018c                huart1
                0x00000000200001d4                data_buffer
 COMMON         0x0000000020000238        0x4 build/stm32f4xx_hal.o
                0x0000000020000238                uwTick
                0x000000002000023c                . = ALIGN (0x4)
                0x000000002000023c                _ebss = .
                0x000000002000023c                __bss_end__ = _ebss

._user_heap_stack
                0x000000002000023c      0x604 load address 0x0000000008002dc8
                0x0000000020000240                . = ALIGN (0x8)
 *fill*         0x000000002000023c        0x4 
                [!provide]                        PROVIDE (end = .)
                0x0000000020000240                PROVIDE (_end = .)
                0x0000000020000440                . = (. + _Min_Heap_Size)
 *fill*         0x0000000020000240      0x200 
                0x0000000020000840                . = (. + _Min_Stack_Size)
 *fill*         0x0000000020000440      0x400 
                0x0000000020000840                . = ALIGN (0x8)

/DISCARD/
 libc.a(*)
 libm.a(*)
 libgcc.a(*)

.ARM.attributes
                0x0000000000000000       0x30
 *(.ARM.attributes)
 .ARM.attributes
                0x0000000000000000       0x1e /usr/bin/../lib/gcc/arm-none-eabi/8.3.1/thumb/v7e-m+fp/hard/crti.o
 .ARM.attributes
                0x000000000000001e       0x34 /usr/bin/../lib/gcc/arm-none-eabi/8.3.1/thumb/v7e-m+fp/hard/crtbegin.o
 .ARM.attributes
                0x0000000000000052       0x34 build/main.o
 .ARM.attributes
                0x0000000000000086       0x34 build/stm32f4xx_it.o
 .ARM.attributes
                0x00000000000000ba       0x34 build/stm32f4xx_hal_msp.o
 .ARM.attributes
                0x00000000000000ee       0x34 build/stm32f4xx_hal_tim.o
 .ARM.attributes
                0x0000000000000122       0x34 build/stm32f4xx_hal_tim_ex.o
 .ARM.attributes
                0x0000000000000156       0x34 build/stm32f4xx_hal_rcc.o
 .ARM.attributes
                0x000000000000018a       0x34 build/stm32f4xx_hal_gpio.o
 .ARM.attributes
                0x00000000000001be       0x34 build/stm32f4xx_hal_dma.o
 .ARM.attributes
                0x00000000000001f2       0x34 build/stm32f4xx_hal_cortex.o
 .ARM.attributes
                0x0000000000000226       0x34 build/stm32f4xx_hal.o
 .ARM.attributes
                0x000000000000025a       0x34 build/system_stm32f4xx.o
 .ARM.attributes
                0x000000000000028e       0x34 build/stm32f4xx_hal_uart.o
 .ARM.attributes
                0x00000000000002c2       0x34 build/command_line.o
 .ARM.attributes
                0x00000000000002f6       0x34 build/motor.o
 .ARM.attributes
                0x000000000000032a       0x21 build/startup_stm32f401xc.o
 .ARM.attributes
                0x000000000000034b       0x34 /usr/bin/../lib/gcc/arm-none-eabi/8.3.1/../../../../arm-none-eabi/lib/thumb/v7e-m+fp/hard/libc_nano.a(lib_a-init.o)
 .ARM.attributes
                0x000000000000037f       0x34 /usr/bin/../lib/gcc/arm-none-eabi/8.3.1/../../../../arm-none-eabi/lib/thumb/v7e-m+fp/hard/libc_nano.a(lib_a-memset.o)
 .ARM.attributes
                0x00000000000003b3       0x1c /usr/bin/../lib/gcc/arm-none-eabi/8.3.1/../../../../arm-none-eabi/lib/thumb/v7e-m+fp/hard/libc_nano.a(lib_a-strcmp.o)
 .ARM.attributes
                0x00000000000003cf       0x17 /usr/bin/../lib/gcc/arm-none-eabi/8.3.1/../../../../arm-none-eabi/lib/thumb/v7e-m+fp/hard/libc_nano.a(lib_a-strlen.o)
 .ARM.attributes
                0x00000000000003e6       0x1e /usr/bin/../lib/gcc/arm-none-eabi/8.3.1/thumb/v7e-m+fp/hard/libgcc.a(_aeabi_uldivmod.o)
 .ARM.attributes
                0x0000000000000404       0x34 /usr/bin/../lib/gcc/arm-none-eabi/8.3.1/thumb/v7e-m+fp/hard/libgcc.a(_udivmoddi4.o)
 .ARM.attributes
                0x0000000000000438       0x1e /usr/bin/../lib/gcc/arm-none-eabi/8.3.1/thumb/v7e-m+fp/hard/libgcc.a(_dvmd_tls.o)
 .ARM.attributes
                0x0000000000000456       0x1e /usr/bin/../lib/gcc/arm-none-eabi/8.3.1/thumb/v7e-m+fp/hard/crtn.o
OUTPUT(build/StepOne.elf elf32-littlearm)

.debug_info     0x0000000000000000    0x1515b
 .debug_info    0x0000000000000000     0x2643 build/main.o
 .debug_info    0x0000000000002643      0x88e build/stm32f4xx_it.o
 .debug_info    0x0000000000002ed1     0x12f7 build/stm32f4xx_hal_msp.o
 .debug_info    0x00000000000041c8     0x4174 build/stm32f4xx_hal_tim.o
 .debug_info    0x000000000000833c     0x1d22 build/stm32f4xx_hal_tim_ex.o
 .debug_info    0x000000000000a05e      0xc70 build/stm32f4xx_hal_rcc.o
 .debug_info    0x000000000000acce      0x954 build/stm32f4xx_hal_gpio.o
 .debug_info    0x000000000000b622      0xc7e build/stm32f4xx_hal_dma.o
 .debug_info    0x000000000000c2a0     0x120c build/stm32f4xx_hal_cortex.o
 .debug_info    0x000000000000d4ac      0xaee build/stm32f4xx_hal.o
 .debug_info    0x000000000000df9a      0x66e build/system_stm32f4xx.o
 .debug_info    0x000000000000e608     0x4896 build/stm32f4xx_hal_uart.o
 .debug_info    0x0000000000012e9e     0x15cc build/command_line.o
 .debug_info    0x000000000001446a      0xccf build/motor.o
 .debug_info    0x0000000000015139       0x22 build/startup_stm32f401xc.o

.debug_abbrev   0x0000000000000000     0x24ac
 .debug_abbrev  0x0000000000000000      0x355 build/main.o
 .debug_abbrev  0x0000000000000355      0x1a8 build/stm32f4xx_it.o
 .debug_abbrev  0x00000000000004fd      0x234 build/stm32f4xx_hal_msp.o
 .debug_abbrev  0x0000000000000731      0x2d1 build/stm32f4xx_hal_tim.o
 .debug_abbrev  0x0000000000000a02      0x2cd build/stm32f4xx_hal_tim_ex.o
 .debug_abbrev  0x0000000000000ccf      0x2cd build/stm32f4xx_hal_rcc.o
 .debug_abbrev  0x0000000000000f9c      0x258 build/stm32f4xx_hal_gpio.o
 .debug_abbrev  0x00000000000011f4      0x2d2 build/stm32f4xx_hal_dma.o
 .debug_abbrev  0x00000000000014c6      0x3aa build/stm32f4xx_hal_cortex.o
 .debug_abbrev  0x0000000000001870      0x24d build/stm32f4xx_hal.o
 .debug_abbrev  0x0000000000001abd      0x14a build/system_stm32f4xx.o
 .debug_abbrev  0x0000000000001c07      0x3ab build/stm32f4xx_hal_uart.o
 .debug_abbrev  0x0000000000001fb2      0x2a0 build/command_line.o
 .debug_abbrev  0x0000000000002252      0x248 build/motor.o
 .debug_abbrev  0x000000000000249a       0x12 build/startup_stm32f401xc.o

.debug_loc      0x0000000000000000    0x10161
 .debug_loc     0x0000000000000000      0x1e4 build/main.o
 .debug_loc     0x00000000000001e4       0x80 build/stm32f4xx_it.o
 .debug_loc     0x0000000000000264      0x1b3 build/stm32f4xx_hal_msp.o
 .debug_loc     0x0000000000000417     0x6516 build/stm32f4xx_hal_tim.o
 .debug_loc     0x000000000000692d     0x244e build/stm32f4xx_hal_tim_ex.o
 .debug_loc     0x0000000000008d7b      0x6bc build/stm32f4xx_hal_rcc.o
 .debug_loc     0x0000000000009437      0x5eb build/stm32f4xx_hal_gpio.o
 .debug_loc     0x0000000000009a22      0xe23 build/stm32f4xx_hal_dma.o
 .debug_loc     0x000000000000a845      0x790 build/stm32f4xx_hal_cortex.o
 .debug_loc     0x000000000000afd5      0x1e1 build/stm32f4xx_hal.o
 .debug_loc     0x000000000000b1b6      0x16c build/system_stm32f4xx.o
 .debug_loc     0x000000000000b322     0x4c33 build/stm32f4xx_hal_uart.o
 .debug_loc     0x000000000000ff55      0x187 build/command_line.o
 .debug_loc     0x00000000000100dc       0x85 build/motor.o

.debug_aranges  0x0000000000000000      0xc38
 .debug_aranges
                0x0000000000000000       0x60 build/main.o
 .debug_aranges
                0x0000000000000060       0x78 build/stm32f4xx_it.o
 .debug_aranges
                0x00000000000000d8       0x48 build/stm32f4xx_hal_msp.o
 .debug_aranges
                0x0000000000000120      0x3d0 build/stm32f4xx_hal_tim.o
 .debug_aranges
                0x00000000000004f0      0x168 build/stm32f4xx_hal_tim_ex.o
 .debug_aranges
                0x0000000000000658       0x88 build/stm32f4xx_hal_rcc.o
 .debug_aranges
                0x00000000000006e0       0x58 build/stm32f4xx_hal_gpio.o
 .debug_aranges
                0x0000000000000738       0x90 build/stm32f4xx_hal_dma.o
 .debug_aranges
                0x00000000000007c8       0xc0 build/stm32f4xx_hal_cortex.o
 .debug_aranges
                0x0000000000000888       0xf0 build/stm32f4xx_hal.o
 .debug_aranges
                0x0000000000000978       0x28 build/system_stm32f4xx.o
 .debug_aranges
                0x00000000000009a0      0x208 build/stm32f4xx_hal_uart.o
 .debug_aranges
                0x0000000000000ba8       0x30 build/command_line.o
 .debug_aranges
                0x0000000000000bd8       0x38 build/motor.o
 .debug_aranges
                0x0000000000000c10       0x28 build/startup_stm32f401xc.o

.debug_ranges   0x0000000000000000      0xbc8
 .debug_ranges  0x0000000000000000       0x50 build/main.o
 .debug_ranges  0x0000000000000050       0x68 build/stm32f4xx_it.o
 .debug_ranges  0x00000000000000b8       0x38 build/stm32f4xx_hal_msp.o
 .debug_ranges  0x00000000000000f0      0x3c0 build/stm32f4xx_hal_tim.o
 .debug_ranges  0x00000000000004b0      0x158 build/stm32f4xx_hal_tim_ex.o
 .debug_ranges  0x0000000000000608       0x90 build/stm32f4xx_hal_rcc.o
 .debug_ranges  0x0000000000000698       0x48 build/stm32f4xx_hal_gpio.o
 .debug_ranges  0x00000000000006e0       0x80 build/stm32f4xx_hal_dma.o
 .debug_ranges  0x0000000000000760       0xf8 build/stm32f4xx_hal_cortex.o
 .debug_ranges  0x0000000000000858       0xe0 build/stm32f4xx_hal.o
 .debug_ranges  0x0000000000000938       0x18 build/system_stm32f4xx.o
 .debug_ranges  0x0000000000000950      0x210 build/stm32f4xx_hal_uart.o
 .debug_ranges  0x0000000000000b60       0x20 build/command_line.o
 .debug_ranges  0x0000000000000b80       0x28 build/motor.o
 .debug_ranges  0x0000000000000ba8       0x20 build/startup_stm32f401xc.o

.debug_line     0x0000000000000000     0xe0e4
 .debug_line    0x0000000000000000      0x6d1 build/main.o
 .debug_line    0x00000000000006d1      0x2bf build/stm32f4xx_it.o
 .debug_line    0x0000000000000990      0x445 build/stm32f4xx_hal_msp.o
 .debug_line    0x0000000000000dd5     0x465e build/stm32f4xx_hal_tim.o
 .debug_line    0x0000000000005433     0x1b26 build/stm32f4xx_hal_tim_ex.o
 .debug_line    0x0000000000006f59      0xacd build/stm32f4xx_hal_rcc.o
 .debug_line    0x0000000000007a26      0x68e build/stm32f4xx_hal_gpio.o
 .debug_line    0x00000000000080b4      0xda7 build/stm32f4xx_hal_dma.o
 .debug_line    0x0000000000008e5b      0x76f build/stm32f4xx_hal_cortex.o
 .debug_line    0x00000000000095ca      0x502 build/stm32f4xx_hal.o
 .debug_line    0x0000000000009acc      0x22a build/system_stm32f4xx.o
 .debug_line    0x0000000000009cf6     0x3d5d build/stm32f4xx_hal_uart.o
 .debug_line    0x000000000000da53      0x3c3 build/command_line.o
 .debug_line    0x000000000000de16      0x258 build/motor.o
 .debug_line    0x000000000000e06e       0x76 build/startup_stm32f401xc.o

.debug_str      0x0000000000000000     0x3fc3
 .debug_str     0x0000000000000000     0x168f build/main.o
                                       0x17d0 (size before relaxing)
 .debug_str     0x000000000000168f      0x11d build/stm32f4xx_it.o
                                        0x804 (size before relaxing)
 .debug_str     0x00000000000017ac       0xc8 build/stm32f4xx_hal_msp.o
                                       0x100a (size before relaxing)
 .debug_str     0x0000000000001874      0xe07 build/stm32f4xx_hal_tim.o
                                       0x179f (size before relaxing)
 .debug_str     0x000000000000267b      0x521 build/stm32f4xx_hal_tim_ex.o
                                        0xf90 (size before relaxing)
 .debug_str     0x0000000000002b9c      0x1e7 build/stm32f4xx_hal_rcc.o
                                        0x794 (size before relaxing)
 .debug_str     0x0000000000002d83      0x114 build/stm32f4xx_hal_gpio.o
                                        0x5b6 (size before relaxing)
 .debug_str     0x0000000000002e97      0x2af build/stm32f4xx_hal_dma.o
                                        0x82a (size before relaxing)
 .debug_str     0x0000000000003146      0x509 build/stm32f4xx_hal_cortex.o
                                        0xbc5 (size before relaxing)
 .debug_str     0x000000000000364f      0x21f build/stm32f4xx_hal.o
                                        0xa4f (size before relaxing)
 .debug_str     0x000000000000386e       0x47 build/system_stm32f4xx.o
                                        0x41f (size before relaxing)
 .debug_str     0x00000000000038b5      0x58e build/stm32f4xx_hal_uart.o
                                        0xe4e (size before relaxing)
 .debug_str     0x0000000000003e43      0x141 build/command_line.o
                                        0xc40 (size before relaxing)
 .debug_str     0x0000000000003f84       0x1b build/motor.o
                                        0x8c1 (size before relaxing)
 .debug_str     0x0000000000003f9f       0x24 build/startup_stm32f401xc.o
                                         0x44 (size before relaxing)

.comment        0x0000000000000000       0x76
 .comment       0x0000000000000000       0x76 build/main.o
                                         0x77 (size before relaxing)
 .comment       0x0000000000000076       0x77 build/stm32f4xx_it.o
 .comment       0x0000000000000076       0x77 build/stm32f4xx_hal_msp.o
 .comment       0x0000000000000076       0x77 build/stm32f4xx_hal_tim.o
 .comment       0x0000000000000076       0x77 build/stm32f4xx_hal_tim_ex.o
 .comment       0x0000000000000076       0x77 build/stm32f4xx_hal_rcc.o
 .comment       0x0000000000000076       0x77 build/stm32f4xx_hal_gpio.o
 .comment       0x0000000000000076       0x77 build/stm32f4xx_hal_dma.o
 .comment       0x0000000000000076       0x77 build/stm32f4xx_hal_cortex.o
 .comment       0x0000000000000076       0x77 build/stm32f4xx_hal.o
 .comment       0x0000000000000076       0x77 build/system_stm32f4xx.o
 .comment       0x0000000000000076       0x77 build/stm32f4xx_hal_uart.o
 .comment       0x0000000000000076       0x77 build/command_line.o
 .comment       0x0000000000000076       0x77 build/motor.o

.debug_frame    0x0000000000000000     0x25b0
 .debug_frame   0x0000000000000000      0x124 build/main.o
 .debug_frame   0x0000000000000124      0x100 build/stm32f4xx_it.o
 .debug_frame   0x0000000000000224       0xbc build/stm32f4xx_hal_msp.o
 .debug_frame   0x00000000000002e0      0xd54 build/stm32f4xx_hal_tim.o
 .debug_frame   0x0000000000001034      0x528 build/stm32f4xx_hal_tim_ex.o
 .debug_frame   0x000000000000155c      0x1b0 build/stm32f4xx_hal_rcc.o
 .debug_frame   0x000000000000170c       0xec build/stm32f4xx_hal_gpio.o
 .debug_frame   0x00000000000017f8      0x1cc build/stm32f4xx_hal_dma.o
 .debug_frame   0x00000000000019c4      0x19c build/stm32f4xx_hal_cortex.o
 .debug_frame   0x0000000000001b60      0x200 build/stm32f4xx_hal.o
 .debug_frame   0x0000000000001d60       0x30 build/system_stm32f4xx.o
 .debug_frame   0x0000000000001d90      0x678 build/stm32f4xx_hal_uart.o
 .debug_frame   0x0000000000002408       0x68 build/command_line.o
 .debug_frame   0x0000000000002470       0x74 build/motor.o
 .debug_frame   0x00000000000024e4       0x2c /usr/bin/../lib/gcc/arm-none-eabi/8.3.1/../../../../arm-none-eabi/lib/thumb/v7e-m+fp/hard/libc_nano.a(lib_a-init.o)
 .debug_frame   0x0000000000002510       0x20 /usr/bin/../lib/gcc/arm-none-eabi/8.3.1/../../../../arm-none-eabi/lib/thumb/v7e-m+fp/hard/libc_nano.a(lib_a-memset.o)
 .debug_frame   0x0000000000002530       0x20 /usr/bin/../lib/gcc/arm-none-eabi/8.3.1/../../../../arm-none-eabi/lib/thumb/v7e-m+fp/hard/libc_nano.a(lib_a-strcmp.o)
 .debug_frame   0x0000000000002550       0x2c /usr/bin/../lib/gcc/arm-none-eabi/8.3.1/thumb/v7e-m+fp/hard/libgcc.a(_aeabi_uldivmod.o)
 .debug_frame   0x000000000000257c       0x34 /usr/bin/../lib/gcc/arm-none-eabi/8.3.1/thumb/v7e-m+fp/hard/libgcc.a(_udivmoddi4.o)

Cross Reference Table

Symbol                                            File
ADC_IRQHandler                                    build/startup_stm32f401xc.o
AHBPrescTable                                     build/system_stm32f4xx.o
                                                  build/stm32f4xx_hal_rcc.o
APBPrescTable                                     build/system_stm32f4xx.o
                                                  build/stm32f4xx_hal_rcc.o
BusFault_Handler                                  build/stm32f4xx_it.o
Clear_Buffer                                      build/command_line.o
DMA1_Stream0_IRQHandler                           build/startup_stm32f401xc.o
DMA1_Stream1_IRQHandler                           build/startup_stm32f401xc.o
DMA1_Stream2_IRQHandler                           build/startup_stm32f401xc.o
DMA1_Stream3_IRQHandler                           build/startup_stm32f401xc.o
DMA1_Stream4_IRQHandler                           build/startup_stm32f401xc.o
DMA1_Stream5_IRQHandler                           build/startup_stm32f401xc.o
DMA1_Stream6_IRQHandler                           build/startup_stm32f401xc.o
DMA1_Stream7_IRQHandler                           build/startup_stm32f401xc.o
DMA2_Stream0_IRQHandler                           build/startup_stm32f401xc.o
DMA2_Stream1_IRQHandler                           build/startup_stm32f401xc.o
DMA2_Stream2_IRQHandler                           build/stm32f4xx_it.o
DMA2_Stream3_IRQHandler                           build/startup_stm32f401xc.o
DMA2_Stream4_IRQHandler                           build/startup_stm32f401xc.o
DMA2_Stream5_IRQHandler                           build/startup_stm32f401xc.o
DMA2_Stream6_IRQHandler                           build/startup_stm32f401xc.o
DMA2_Stream7_IRQHandler                           build/stm32f4xx_it.o
DebugMon_Handler                                  build/stm32f4xx_it.o
Default_Handler                                   build/startup_stm32f401xc.o
EXTI0_IRQHandler                                  build/startup_stm32f401xc.o
EXTI15_10_IRQHandler                              build/startup_stm32f401xc.o
EXTI1_IRQHandler                                  build/startup_stm32f401xc.o
EXTI2_IRQHandler                                  build/startup_stm32f401xc.o
EXTI3_IRQHandler                                  build/startup_stm32f401xc.o
EXTI4_IRQHandler                                  build/startup_stm32f401xc.o
EXTI9_5_IRQHandler                                build/startup_stm32f401xc.o
Error_Handler                                     build/main.o
                                                  build/stm32f4xx_hal_msp.o
FLASH_Erase_Sector                                build/stm32f4xx_hal_flash_ex.o
                                                  build/stm32f4xx_hal_flash.o
FLASH_FlushCaches                                 build/stm32f4xx_hal_flash_ex.o
                                                  build/stm32f4xx_hal_flash.o
FLASH_IRQHandler                                  build/startup_stm32f401xc.o
FLASH_WaitForLastOperation                        build/stm32f4xx_hal_flash.o
                                                  build/stm32f4xx_hal_flash_ex.o
FPU_IRQHandler                                    build/startup_stm32f401xc.o
Get_Command                                       build/command_line.o
                                                  build/main.o
HAL_CORTEX_ClearEvent                             build/stm32f4xx_hal_cortex.o
HAL_DBGMCU_DisableDBGSleepMode                    build/stm32f4xx_hal.o
HAL_DBGMCU_DisableDBGStandbyMode                  build/stm32f4xx_hal.o
HAL_DBGMCU_DisableDBGStopMode                     build/stm32f4xx_hal.o
HAL_DBGMCU_EnableDBGSleepMode                     build/stm32f4xx_hal.o
HAL_DBGMCU_EnableDBGStandbyMode                   build/stm32f4xx_hal.o
HAL_DBGMCU_EnableDBGStopMode                      build/stm32f4xx_hal.o
HAL_DMAEx_ChangeMemory                            build/stm32f4xx_hal_dma_ex.o
HAL_DMAEx_MultiBufferStart                        build/stm32f4xx_hal_dma_ex.o
HAL_DMAEx_MultiBufferStart_IT                     build/stm32f4xx_hal_dma_ex.o
HAL_DMA_Abort                                     build/stm32f4xx_hal_dma.o
                                                  build/stm32f4xx_hal_uart.o
HAL_DMA_Abort_IT                                  build/stm32f4xx_hal_dma.o
                                                  build/stm32f4xx_hal_uart.o
                                                  build/stm32f4xx_hal_tim_ex.o
                                                  build/stm32f4xx_hal_tim.o
HAL_DMA_DeInit                                    build/stm32f4xx_hal_dma.o
                                                  build/stm32f4xx_hal_msp.o
HAL_DMA_GetError                                  build/stm32f4xx_hal_dma.o
                                                  build/stm32f4xx_hal_uart.o
HAL_DMA_GetState                                  build/stm32f4xx_hal_dma.o
HAL_DMA_IRQHandler                                build/stm32f4xx_hal_dma.o
                                                  build/stm32f4xx_it.o
HAL_DMA_Init                                      build/stm32f4xx_hal_dma.o
                                                  build/stm32f4xx_hal_msp.o
HAL_DMA_PollForTransfer                           build/stm32f4xx_hal_dma.o
HAL_DMA_RegisterCallback                          build/stm32f4xx_hal_dma.o
HAL_DMA_Start                                     build/stm32f4xx_hal_dma.o
HAL_DMA_Start_IT                                  build/stm32f4xx_hal_dma.o
                                                  build/stm32f4xx_hal_uart.o
                                                  build/stm32f4xx_hal_tim_ex.o
                                                  build/stm32f4xx_hal_tim.o
HAL_DMA_UnRegisterCallback                        build/stm32f4xx_hal_dma.o
HAL_DeInit                                        build/stm32f4xx_hal.o
HAL_Delay                                         build/stm32f4xx_hal.o
                                                  build/motor.o
                                                  build/main.o
HAL_DisableCompensationCell                       build/stm32f4xx_hal.o
HAL_EXTI_ClearConfigLine                          build/stm32f4xx_hal_exti.o
HAL_EXTI_ClearPending                             build/stm32f4xx_hal_exti.o
HAL_EXTI_GenerateSWI                              build/stm32f4xx_hal_exti.o
HAL_EXTI_GetConfigLine                            build/stm32f4xx_hal_exti.o
HAL_EXTI_GetHandle                                build/stm32f4xx_hal_exti.o
HAL_EXTI_GetPending                               build/stm32f4xx_hal_exti.o
HAL_EXTI_IRQHandler                               build/stm32f4xx_hal_exti.o
HAL_EXTI_RegisterCallback                         build/stm32f4xx_hal_exti.o
HAL_EXTI_SetConfigLine                            build/stm32f4xx_hal_exti.o
HAL_EnableCompensationCell                        build/stm32f4xx_hal.o
HAL_FLASHEx_AdvOBGetConfig                        build/stm32f4xx_hal_flash_ex.o
HAL_FLASHEx_AdvOBProgram                          build/stm32f4xx_hal_flash_ex.o
HAL_FLASHEx_Erase                                 build/stm32f4xx_hal_flash_ex.o
HAL_FLASHEx_Erase_IT                              build/stm32f4xx_hal_flash_ex.o
HAL_FLASHEx_OBGetConfig                           build/stm32f4xx_hal_flash_ex.o
HAL_FLASHEx_OBProgram                             build/stm32f4xx_hal_flash_ex.o
HAL_FLASHEx_OB_DeSelectPCROP                      build/stm32f4xx_hal_flash_ex.o
HAL_FLASHEx_OB_SelectPCROP                        build/stm32f4xx_hal_flash_ex.o
HAL_FLASH_EndOfOperationCallback                  build/stm32f4xx_hal_flash.o
HAL_FLASH_GetError                                build/stm32f4xx_hal_flash.o
HAL_FLASH_IRQHandler                              build/stm32f4xx_hal_flash.o
HAL_FLASH_Lock                                    build/stm32f4xx_hal_flash.o
HAL_FLASH_OB_Launch                               build/stm32f4xx_hal_flash.o
HAL_FLASH_OB_Lock                                 build/stm32f4xx_hal_flash.o
HAL_FLASH_OB_Unlock                               build/stm32f4xx_hal_flash.o
HAL_FLASH_OperationErrorCallback                  build/stm32f4xx_hal_flash.o
HAL_FLASH_Program                                 build/stm32f4xx_hal_flash.o
HAL_FLASH_Program_IT                              build/stm32f4xx_hal_flash.o
HAL_FLASH_Unlock                                  build/stm32f4xx_hal_flash.o
HAL_GPIO_DeInit                                   build/stm32f4xx_hal_gpio.o
                                                  build/stm32f4xx_hal_msp.o
HAL_GPIO_EXTI_Callback                            build/stm32f4xx_hal_gpio.o
HAL_GPIO_EXTI_IRQHandler                          build/stm32f4xx_hal_gpio.o
HAL_GPIO_Init                                     build/stm32f4xx_hal_gpio.o
                                                  build/stm32f4xx_hal_rcc.o
                                                  build/stm32f4xx_hal_msp.o
                                                  build/main.o
HAL_GPIO_LockPin                                  build/stm32f4xx_hal_gpio.o
HAL_GPIO_ReadPin                                  build/stm32f4xx_hal_gpio.o
                                                  build/main.o
HAL_GPIO_TogglePin                                build/stm32f4xx_hal_gpio.o
HAL_GPIO_WritePin                                 build/stm32f4xx_hal_gpio.o
                                                  build/motor.o
                                                  build/main.o
HAL_GetDEVID                                      build/stm32f4xx_hal.o
HAL_GetHalVersion                                 build/stm32f4xx_hal.o
HAL_GetREVID                                      build/stm32f4xx_hal.o
HAL_GetTick                                       build/stm32f4xx_hal.o
                                                  build/stm32f4xx_hal_uart.o
                                                  build/stm32f4xx_hal_pwr_ex.o
                                                  build/stm32f4xx_hal_dma.o
                                                  build/stm32f4xx_hal_flash.o
                                                  build/stm32f4xx_hal_rcc_ex.o
                                                  build/stm32f4xx_hal_rcc.o
HAL_GetTickFreq                                   build/stm32f4xx_hal.o
HAL_GetTickPrio                                   build/stm32f4xx_hal.o
HAL_GetUIDw0                                      build/stm32f4xx_hal.o
HAL_GetUIDw1                                      build/stm32f4xx_hal.o
HAL_GetUIDw2                                      build/stm32f4xx_hal.o
HAL_HalfDuplex_EnableReceiver                     build/stm32f4xx_hal_uart.o
HAL_HalfDuplex_EnableTransmitter                  build/stm32f4xx_hal_uart.o
HAL_HalfDuplex_Init                               build/stm32f4xx_hal_uart.o
HAL_IncTick                                       build/stm32f4xx_hal.o
                                                  build/stm32f4xx_it.o
HAL_Init                                          build/stm32f4xx_hal.o
                                                  build/main.o
HAL_InitTick                                      build/stm32f4xx_hal.o
                                                  build/stm32f4xx_hal_rcc_ex.o
                                                  build/stm32f4xx_hal_rcc.o
HAL_LIN_Init                                      build/stm32f4xx_hal_uart.o
HAL_LIN_SendBreak                                 build/stm32f4xx_hal_uart.o
HAL_MPU_ConfigRegion                              build/stm32f4xx_hal_cortex.o
HAL_MPU_Disable                                   build/stm32f4xx_hal_cortex.o
HAL_MPU_DisableRegion                             build/stm32f4xx_hal_cortex.o
HAL_MPU_Enable                                    build/stm32f4xx_hal_cortex.o
HAL_MPU_EnableRegion                              build/stm32f4xx_hal_cortex.o
HAL_MspDeInit                                     build/stm32f4xx_hal.o
HAL_MspInit                                       build/stm32f4xx_hal_msp.o
HAL_MultiProcessor_EnterMuteMode                  build/stm32f4xx_hal_uart.o
HAL_MultiProcessor_ExitMuteMode                   build/stm32f4xx_hal_uart.o
HAL_MultiProcessor_Init                           build/stm32f4xx_hal_uart.o
HAL_NVIC_ClearPendingIRQ                          build/stm32f4xx_hal_cortex.o
HAL_NVIC_DisableIRQ                               build/stm32f4xx_hal_cortex.o
                                                  build/stm32f4xx_hal_msp.o
HAL_NVIC_EnableIRQ                                build/stm32f4xx_hal_cortex.o
                                                  build/stm32f4xx_hal_msp.o
                                                  build/main.o
HAL_NVIC_GetActive                                build/stm32f4xx_hal_cortex.o
HAL_NVIC_GetPendingIRQ                            build/stm32f4xx_hal_cortex.o
HAL_NVIC_GetPriority                              build/stm32f4xx_hal_cortex.o
HAL_NVIC_GetPriorityGrouping                      build/stm32f4xx_hal_cortex.o
HAL_NVIC_SetPendingIRQ                            build/stm32f4xx_hal_cortex.o
HAL_NVIC_SetPriority                              build/stm32f4xx_hal_cortex.o
                                                  build/stm32f4xx_hal.o
                                                  build/stm32f4xx_hal_msp.o
                                                  build/main.o
HAL_NVIC_SetPriorityGrouping                      build/stm32f4xx_hal_cortex.o
                                                  build/stm32f4xx_hal.o
HAL_NVIC_SystemReset                              build/stm32f4xx_hal_cortex.o
HAL_PWREx_ControlVoltageScaling                   build/stm32f4xx_hal_pwr_ex.o
HAL_PWREx_DisableBkUpReg                          build/stm32f4xx_hal_pwr_ex.o
HAL_PWREx_DisableFlashPowerDown                   build/stm32f4xx_hal_pwr_ex.o
HAL_PWREx_DisableLowRegulatorLowVoltage           build/stm32f4xx_hal_pwr_ex.o
HAL_PWREx_DisableMainRegulatorLowVoltage          build/stm32f4xx_hal_pwr_ex.o
HAL_PWREx_EnableBkUpReg                           build/stm32f4xx_hal_pwr_ex.o
HAL_PWREx_EnableFlashPowerDown                    build/stm32f4xx_hal_pwr_ex.o
HAL_PWREx_EnableLowRegulatorLowVoltage            build/stm32f4xx_hal_pwr_ex.o
HAL_PWREx_EnableMainRegulatorLowVoltage           build/stm32f4xx_hal_pwr_ex.o
HAL_PWREx_GetVoltageRange                         build/stm32f4xx_hal_pwr_ex.o
HAL_PWR_ConfigPVD                                 build/stm32f4xx_hal_pwr.o
HAL_PWR_DeInit                                    build/stm32f4xx_hal_pwr.o
HAL_PWR_DisableBkUpAccess                         build/stm32f4xx_hal_pwr.o
HAL_PWR_DisablePVD                                build/stm32f4xx_hal_pwr.o
HAL_PWR_DisableSEVOnPend                          build/stm32f4xx_hal_pwr.o
HAL_PWR_DisableSleepOnExit                        build/stm32f4xx_hal_pwr.o
HAL_PWR_DisableWakeUpPin                          build/stm32f4xx_hal_pwr.o
HAL_PWR_EnableBkUpAccess                          build/stm32f4xx_hal_pwr.o
HAL_PWR_EnablePVD                                 build/stm32f4xx_hal_pwr.o
HAL_PWR_EnableSEVOnPend                           build/stm32f4xx_hal_pwr.o
HAL_PWR_EnableSleepOnExit                         build/stm32f4xx_hal_pwr.o
HAL_PWR_EnableWakeUpPin                           build/stm32f4xx_hal_pwr.o
HAL_PWR_EnterSLEEPMode                            build/stm32f4xx_hal_pwr.o
HAL_PWR_EnterSTANDBYMode                          build/stm32f4xx_hal_pwr.o
HAL_PWR_EnterSTOPMode                             build/stm32f4xx_hal_pwr.o
HAL_PWR_PVDCallback                               build/stm32f4xx_hal_pwr.o
HAL_PWR_PVD_IRQHandler                            build/stm32f4xx_hal_pwr.o
HAL_RCCEx_DisablePLLI2S                           build/stm32f4xx_hal_rcc_ex.o
HAL_RCCEx_EnablePLLI2S                            build/stm32f4xx_hal_rcc_ex.o
HAL_RCCEx_GetPeriphCLKConfig                      build/stm32f4xx_hal_rcc_ex.o
HAL_RCCEx_GetPeriphCLKFreq                        build/stm32f4xx_hal_rcc_ex.o
HAL_RCCEx_PeriphCLKConfig                         build/stm32f4xx_hal_rcc_ex.o
HAL_RCC_CSSCallback                               build/stm32f4xx_hal_rcc.o
HAL_RCC_ClockConfig                               build/stm32f4xx_hal_rcc.o
                                                  build/main.o
HAL_RCC_DeInit                                    build/stm32f4xx_hal_rcc_ex.o
                                                  build/stm32f4xx_hal_rcc.o
HAL_RCC_DisableCSS                                build/stm32f4xx_hal_rcc.o
HAL_RCC_EnableCSS                                 build/stm32f4xx_hal_rcc.o
HAL_RCC_GetClockConfig                            build/stm32f4xx_hal_rcc.o
HAL_RCC_GetHCLKFreq                               build/stm32f4xx_hal_rcc.o
HAL_RCC_GetOscConfig                              build/stm32f4xx_hal_rcc.o
HAL_RCC_GetPCLK1Freq                              build/stm32f4xx_hal_rcc.o
                                                  build/stm32f4xx_hal_uart.o
HAL_RCC_GetPCLK2Freq                              build/stm32f4xx_hal_rcc.o
                                                  build/stm32f4xx_hal_uart.o
HAL_RCC_GetSysClockFreq                           build/stm32f4xx_hal_rcc.o
HAL_RCC_MCOConfig                                 build/stm32f4xx_hal_rcc.o
HAL_RCC_NMI_IRQHandler                            build/stm32f4xx_hal_rcc.o
HAL_RCC_OscConfig                                 build/stm32f4xx_hal_rcc.o
                                                  build/main.o
HAL_ResumeTick                                    build/stm32f4xx_hal.o
HAL_SYSTICK_CLKSourceConfig                       build/stm32f4xx_hal_cortex.o
HAL_SYSTICK_Callback                              build/stm32f4xx_hal_cortex.o
HAL_SYSTICK_Config                                build/stm32f4xx_hal_cortex.o
                                                  build/stm32f4xx_hal.o
HAL_SYSTICK_IRQHandler                            build/stm32f4xx_hal_cortex.o
HAL_SetTickFreq                                   build/stm32f4xx_hal.o
HAL_SuspendTick                                   build/stm32f4xx_hal.o
HAL_TIMEx_BreakCallback                           build/stm32f4xx_hal_tim_ex.o
                                                  build/stm32f4xx_hal_tim.o
HAL_TIMEx_CommutCallback                          build/stm32f4xx_hal_tim_ex.o
                                                  build/stm32f4xx_hal_tim.o
HAL_TIMEx_CommutHalfCpltCallback                  build/stm32f4xx_hal_tim_ex.o
HAL_TIMEx_ConfigBreakDeadTime                     build/stm32f4xx_hal_tim_ex.o
HAL_TIMEx_ConfigCommutEvent                       build/stm32f4xx_hal_tim_ex.o
HAL_TIMEx_ConfigCommutEvent_DMA                   build/stm32f4xx_hal_tim_ex.o
HAL_TIMEx_ConfigCommutEvent_IT                    build/stm32f4xx_hal_tim_ex.o
HAL_TIMEx_GetChannelNState                        build/stm32f4xx_hal_tim_ex.o
HAL_TIMEx_HallSensor_DeInit                       build/stm32f4xx_hal_tim_ex.o
HAL_TIMEx_HallSensor_GetState                     build/stm32f4xx_hal_tim_ex.o
HAL_TIMEx_HallSensor_Init                         build/stm32f4xx_hal_tim_ex.o
HAL_TIMEx_HallSensor_MspDeInit                    build/stm32f4xx_hal_tim_ex.o
HAL_TIMEx_HallSensor_MspInit                      build/stm32f4xx_hal_tim_ex.o
HAL_TIMEx_HallSensor_Start                        build/stm32f4xx_hal_tim_ex.o
HAL_TIMEx_HallSensor_Start_DMA                    build/stm32f4xx_hal_tim_ex.o
HAL_TIMEx_HallSensor_Start_IT                     build/stm32f4xx_hal_tim_ex.o
HAL_TIMEx_HallSensor_Stop                         build/stm32f4xx_hal_tim_ex.o
HAL_TIMEx_HallSensor_Stop_DMA                     build/stm32f4xx_hal_tim_ex.o
HAL_TIMEx_HallSensor_Stop_IT                      build/stm32f4xx_hal_tim_ex.o
HAL_TIMEx_MasterConfigSynchronization             build/stm32f4xx_hal_tim_ex.o
                                                  build/main.o
HAL_TIMEx_OCN_Start                               build/stm32f4xx_hal_tim_ex.o
HAL_TIMEx_OCN_Start_DMA                           build/stm32f4xx_hal_tim_ex.o
HAL_TIMEx_OCN_Start_IT                            build/stm32f4xx_hal_tim_ex.o
HAL_TIMEx_OCN_Stop                                build/stm32f4xx_hal_tim_ex.o
HAL_TIMEx_OCN_Stop_DMA                            build/stm32f4xx_hal_tim_ex.o
HAL_TIMEx_OCN_Stop_IT                             build/stm32f4xx_hal_tim_ex.o
HAL_TIMEx_OnePulseN_Start                         build/stm32f4xx_hal_tim_ex.o
HAL_TIMEx_OnePulseN_Start_IT                      build/stm32f4xx_hal_tim_ex.o
HAL_TIMEx_OnePulseN_Stop                          build/stm32f4xx_hal_tim_ex.o
HAL_TIMEx_OnePulseN_Stop_IT                       build/stm32f4xx_hal_tim_ex.o
HAL_TIMEx_PWMN_Start                              build/stm32f4xx_hal_tim_ex.o
HAL_TIMEx_PWMN_Start_DMA                          build/stm32f4xx_hal_tim_ex.o
HAL_TIMEx_PWMN_Start_IT                           build/stm32f4xx_hal_tim_ex.o
HAL_TIMEx_PWMN_Stop                               build/stm32f4xx_hal_tim_ex.o
HAL_TIMEx_PWMN_Stop_DMA                           build/stm32f4xx_hal_tim_ex.o
HAL_TIMEx_PWMN_Stop_IT                            build/stm32f4xx_hal_tim_ex.o
HAL_TIMEx_RemapConfig                             build/stm32f4xx_hal_tim_ex.o
HAL_TIM_Base_DeInit                               build/stm32f4xx_hal_tim.o
HAL_TIM_Base_GetState                             build/stm32f4xx_hal_tim.o
HAL_TIM_Base_Init                                 build/stm32f4xx_hal_tim.o
                                                  build/main.o
HAL_TIM_Base_MspDeInit                            build/stm32f4xx_hal_msp.o
HAL_TIM_Base_MspInit                              build/stm32f4xx_hal_msp.o
HAL_TIM_Base_Start                                build/stm32f4xx_hal_tim.o
HAL_TIM_Base_Start_DMA                            build/stm32f4xx_hal_tim.o
HAL_TIM_Base_Start_IT                             build/stm32f4xx_hal_tim.o
HAL_TIM_Base_Stop                                 build/stm32f4xx_hal_tim.o
HAL_TIM_Base_Stop_DMA                             build/stm32f4xx_hal_tim.o
HAL_TIM_Base_Stop_IT                              build/stm32f4xx_hal_tim.o
HAL_TIM_ConfigClockSource                         build/stm32f4xx_hal_tim.o
                                                  build/main.o
HAL_TIM_ConfigOCrefClear                          build/stm32f4xx_hal_tim.o
HAL_TIM_ConfigTI1Input                            build/stm32f4xx_hal_tim.o
HAL_TIM_DMABurstState                             build/stm32f4xx_hal_tim.o
HAL_TIM_DMABurst_MultiReadStart                   build/stm32f4xx_hal_tim.o
HAL_TIM_DMABurst_MultiWriteStart                  build/stm32f4xx_hal_tim.o
HAL_TIM_DMABurst_ReadStart                        build/stm32f4xx_hal_tim.o
HAL_TIM_DMABurst_ReadStop                         build/stm32f4xx_hal_tim.o
HAL_TIM_DMABurst_WriteStart                       build/stm32f4xx_hal_tim.o
HAL_TIM_DMABurst_WriteStop                        build/stm32f4xx_hal_tim.o
HAL_TIM_Encoder_DeInit                            build/stm32f4xx_hal_tim.o
HAL_TIM_Encoder_GetState                          build/stm32f4xx_hal_tim.o
HAL_TIM_Encoder_Init                              build/stm32f4xx_hal_tim.o
HAL_TIM_Encoder_MspDeInit                         build/stm32f4xx_hal_tim.o
HAL_TIM_Encoder_MspInit                           build/stm32f4xx_hal_tim.o
HAL_TIM_Encoder_Start                             build/stm32f4xx_hal_tim.o
HAL_TIM_Encoder_Start_DMA                         build/stm32f4xx_hal_tim.o
HAL_TIM_Encoder_Start_IT                          build/stm32f4xx_hal_tim.o
HAL_TIM_Encoder_Stop                              build/stm32f4xx_hal_tim.o
HAL_TIM_Encoder_Stop_DMA                          build/stm32f4xx_hal_tim.o
HAL_TIM_Encoder_Stop_IT                           build/stm32f4xx_hal_tim.o
HAL_TIM_ErrorCallback                             build/stm32f4xx_hal_tim.o
                                                  build/stm32f4xx_hal_tim_ex.o
HAL_TIM_GenerateEvent                             build/stm32f4xx_hal_tim.o
HAL_TIM_GetActiveChannel                          build/stm32f4xx_hal_tim.o
HAL_TIM_GetChannelState                           build/stm32f4xx_hal_tim.o
HAL_TIM_IC_CaptureCallback                        build/stm32f4xx_hal_tim.o
HAL_TIM_IC_CaptureHalfCpltCallback                build/stm32f4xx_hal_tim.o
HAL_TIM_IC_ConfigChannel                          build/stm32f4xx_hal_tim.o
HAL_TIM_IC_DeInit                                 build/stm32f4xx_hal_tim.o
HAL_TIM_IC_GetState                               build/stm32f4xx_hal_tim.o
HAL_TIM_IC_Init                                   build/stm32f4xx_hal_tim.o
HAL_TIM_IC_MspDeInit                              build/stm32f4xx_hal_tim.o
HAL_TIM_IC_MspInit                                build/stm32f4xx_hal_tim.o
HAL_TIM_IC_Start                                  build/stm32f4xx_hal_tim.o
HAL_TIM_IC_Start_DMA                              build/stm32f4xx_hal_tim.o
HAL_TIM_IC_Start_IT                               build/stm32f4xx_hal_tim.o
HAL_TIM_IC_Stop                                   build/stm32f4xx_hal_tim.o
HAL_TIM_IC_Stop_DMA                               build/stm32f4xx_hal_tim.o
HAL_TIM_IC_Stop_IT                                build/stm32f4xx_hal_tim.o
HAL_TIM_IRQHandler                                build/stm32f4xx_hal_tim.o
HAL_TIM_MspPostInit                               build/stm32f4xx_hal_msp.o
                                                  build/main.o
HAL_TIM_OC_ConfigChannel                          build/stm32f4xx_hal_tim.o
HAL_TIM_OC_DeInit                                 build/stm32f4xx_hal_tim.o
HAL_TIM_OC_DelayElapsedCallback                   build/stm32f4xx_hal_tim.o
HAL_TIM_OC_GetState                               build/stm32f4xx_hal_tim.o
HAL_TIM_OC_Init                                   build/stm32f4xx_hal_tim.o
HAL_TIM_OC_MspDeInit                              build/stm32f4xx_hal_tim.o
HAL_TIM_OC_MspInit                                build/stm32f4xx_hal_tim.o
HAL_TIM_OC_Start                                  build/stm32f4xx_hal_tim.o
HAL_TIM_OC_Start_DMA                              build/stm32f4xx_hal_tim.o
HAL_TIM_OC_Start_IT                               build/stm32f4xx_hal_tim.o
HAL_TIM_OC_Stop                                   build/stm32f4xx_hal_tim.o
HAL_TIM_OC_Stop_DMA                               build/stm32f4xx_hal_tim.o
HAL_TIM_OC_Stop_IT                                build/stm32f4xx_hal_tim.o
HAL_TIM_OnePulse_ConfigChannel                    build/stm32f4xx_hal_tim.o
HAL_TIM_OnePulse_DeInit                           build/stm32f4xx_hal_tim.o
HAL_TIM_OnePulse_GetState                         build/stm32f4xx_hal_tim.o
HAL_TIM_OnePulse_Init                             build/stm32f4xx_hal_tim.o
HAL_TIM_OnePulse_MspDeInit                        build/stm32f4xx_hal_tim.o
HAL_TIM_OnePulse_MspInit                          build/stm32f4xx_hal_tim.o
HAL_TIM_OnePulse_Start                            build/stm32f4xx_hal_tim.o
HAL_TIM_OnePulse_Start_IT                         build/stm32f4xx_hal_tim.o
HAL_TIM_OnePulse_Stop                             build/stm32f4xx_hal_tim.o
HAL_TIM_OnePulse_Stop_IT                          build/stm32f4xx_hal_tim.o
HAL_TIM_PWM_ConfigChannel                         build/stm32f4xx_hal_tim.o
                                                  build/main.o
HAL_TIM_PWM_DeInit                                build/stm32f4xx_hal_tim.o
HAL_TIM_PWM_GetState                              build/stm32f4xx_hal_tim.o
HAL_TIM_PWM_Init                                  build/stm32f4xx_hal_tim.o
                                                  build/main.o
HAL_TIM_PWM_MspDeInit                             build/stm32f4xx_hal_tim.o
HAL_TIM_PWM_MspInit                               build/stm32f4xx_hal_tim.o
HAL_TIM_PWM_PulseFinishedCallback                 build/stm32f4xx_hal_tim.o
                                                  build/stm32f4xx_hal_tim_ex.o
HAL_TIM_PWM_PulseFinishedHalfCpltCallback         build/stm32f4xx_hal_tim.o
HAL_TIM_PWM_Start                                 build/stm32f4xx_hal_tim.o
                                                  build/motor.o
                                                  build/main.o
HAL_TIM_PWM_Start_DMA                             build/stm32f4xx_hal_tim.o
HAL_TIM_PWM_Start_IT                              build/stm32f4xx_hal_tim.o
HAL_TIM_PWM_Stop                                  build/stm32f4xx_hal_tim.o
                                                  build/motor.o
                                                  build/main.o
HAL_TIM_PWM_Stop_DMA                              build/stm32f4xx_hal_tim.o
HAL_TIM_PWM_Stop_IT                               build/stm32f4xx_hal_tim.o
HAL_TIM_PeriodElapsedCallback                     build/stm32f4xx_hal_tim.o
HAL_TIM_PeriodElapsedHalfCpltCallback             build/stm32f4xx_hal_tim.o
HAL_TIM_ReadCapturedValue                         build/stm32f4xx_hal_tim.o
HAL_TIM_SlaveConfigSynchro                        build/stm32f4xx_hal_tim.o
HAL_TIM_SlaveConfigSynchro_IT                     build/stm32f4xx_hal_tim.o
HAL_TIM_TriggerCallback                           build/stm32f4xx_hal_tim.o
HAL_TIM_TriggerHalfCpltCallback                   build/stm32f4xx_hal_tim.o
HAL_UARTEx_GetRxEventType                         build/stm32f4xx_hal_uart.o
HAL_UARTEx_ReceiveToIdle                          build/stm32f4xx_hal_uart.o
HAL_UARTEx_ReceiveToIdle_DMA                      build/stm32f4xx_hal_uart.o
HAL_UARTEx_ReceiveToIdle_IT                       build/stm32f4xx_hal_uart.o
HAL_UARTEx_RxEventCallback                        build/stm32f4xx_hal_uart.o
HAL_UART_Abort                                    build/stm32f4xx_hal_uart.o
HAL_UART_AbortCpltCallback                        build/stm32f4xx_hal_uart.o
HAL_UART_AbortReceive                             build/stm32f4xx_hal_uart.o
HAL_UART_AbortReceiveCpltCallback                 build/stm32f4xx_hal_uart.o
HAL_UART_AbortReceive_IT                          build/stm32f4xx_hal_uart.o
HAL_UART_AbortTransmit                            build/stm32f4xx_hal_uart.o
HAL_UART_AbortTransmitCpltCallback                build/stm32f4xx_hal_uart.o
HAL_UART_AbortTransmit_IT                         build/stm32f4xx_hal_uart.o
HAL_UART_Abort_IT                                 build/stm32f4xx_hal_uart.o
HAL_UART_DMAPause                                 build/stm32f4xx_hal_uart.o
HAL_UART_DMAResume                                build/stm32f4xx_hal_uart.o
HAL_UART_DMAStop                                  build/stm32f4xx_hal_uart.o
HAL_UART_DeInit                                   build/stm32f4xx_hal_uart.o
HAL_UART_ErrorCallback                            build/stm32f4xx_hal_uart.o
HAL_UART_GetError                                 build/stm32f4xx_hal_uart.o
HAL_UART_GetState                                 build/stm32f4xx_hal_uart.o
HAL_UART_IRQHandler                               build/stm32f4xx_hal_uart.o
                                                  build/stm32f4xx_it.o
HAL_UART_Init                                     build/stm32f4xx_hal_uart.o
                                                  build/main.o
HAL_UART_MspDeInit                                build/stm32f4xx_hal_msp.o
HAL_UART_MspInit                                  build/stm32f4xx_hal_msp.o
HAL_UART_Receive                                  build/stm32f4xx_hal_uart.o
HAL_UART_Receive_DMA                              build/stm32f4xx_hal_uart.o
HAL_UART_Receive_IT                               build/stm32f4xx_hal_uart.o
                                                  build/main.o
HAL_UART_RxCpltCallback                           build/main.o
HAL_UART_RxHalfCpltCallback                       build/stm32f4xx_hal_uart.o
HAL_UART_Transmit                                 build/stm32f4xx_hal_uart.o
                                                  build/command_line.o
                                                  build/main.o
HAL_UART_Transmit_DMA                             build/stm32f4xx_hal_uart.o
HAL_UART_Transmit_IT                              build/stm32f4xx_hal_uart.o
                                                  build/main.o
HAL_UART_TxCpltCallback                           build/main.o
HAL_UART_TxHalfCpltCallback                       build/stm32f4xx_hal_uart.o
HardFault_Handler                                 build/stm32f4xx_it.o
I2C1_ER_IRQHandler                                build/startup_stm32f401xc.o
I2C1_EV_IRQHandler                                build/startup_stm32f401xc.o
I2C2_ER_IRQHandler                                build/startup_stm32f401xc.o
I2C2_EV_IRQHandler                                build/startup_stm32f401xc.o
I2C3_ER_IRQHandler                                build/startup_stm32f401xc.o
I2C3_EV_IRQHandler                                build/startup_stm32f401xc.o
MemManage_Handler                                 build/stm32f4xx_it.o
MotorSpeed                                        build/motor.o
                                                  build/command_line.o
Motor_Deinit                                      build/motor.o
                                                  build/command_line.o
Motor_Init                                        build/motor.o
                                                  build/command_line.o
NMI_Handler                                       build/stm32f4xx_it.o
OTG_FS_IRQHandler                                 build/startup_stm32f401xc.o
OTG_FS_WKUP_IRQHandler                            build/startup_stm32f401xc.o
PVD_IRQHandler                                    build/startup_stm32f401xc.o
PendSV_Handler                                    build/stm32f4xx_it.o
Print_To_Cli                                      build/command_line.o
RCC_IRQHandler                                    build/startup_stm32f401xc.o
RTC_Alarm_IRQHandler                              build/startup_stm32f401xc.o
RTC_WKUP_IRQHandler                               build/startup_stm32f401xc.o
Reset_Handler                                     build/startup_stm32f401xc.o
SDIO_IRQHandler                                   build/startup_stm32f401xc.o
SPI1_IRQHandler                                   build/startup_stm32f401xc.o
SPI2_IRQHandler                                   build/startup_stm32f401xc.o
SPI3_IRQHandler                                   build/startup_stm32f401xc.o
SPI4_IRQHandler                                   build/startup_stm32f401xc.o
SVC_Handler                                       build/stm32f4xx_it.o
Set_Direction                                     build/motor.o
                                                  build/command_line.o
Set_motor_Speed                                   build/motor.o
                                                  build/command_line.o
SysTick_Handler                                   build/stm32f4xx_it.o
SystemClock_Config                                build/main.o
SystemCoreClock                                   build/system_stm32f4xx.o
                                                  build/stm32f4xx_hal.o
                                                  build/stm32f4xx_hal_dma.o
                                                  build/stm32f4xx_hal_rcc_ex.o
                                                  build/stm32f4xx_hal_rcc.o
SystemCoreClockUpdate                             build/system_stm32f4xx.o
SystemInit                                        build/system_stm32f4xx.o
                                                  build/startup_stm32f401xc.o
TAMP_STAMP_IRQHandler                             build/startup_stm32f401xc.o
TIM1_BRK_TIM9_IRQHandler                          build/startup_stm32f401xc.o
TIM1_CC_IRQHandler                                build/startup_stm32f401xc.o
TIM1_TRG_COM_TIM11_IRQHandler                     build/startup_stm32f401xc.o
TIM1_UP_TIM10_IRQHandler                          build/startup_stm32f401xc.o
TIM2_IRQHandler                                   build/startup_stm32f401xc.o
TIM3_IRQHandler                                   build/startup_stm32f401xc.o
TIM4_IRQHandler                                   build/startup_stm32f401xc.o
TIM5_IRQHandler                                   build/startup_stm32f401xc.o
TIMEx_DMACommutationCplt                          build/stm32f4xx_hal_tim_ex.o
                                                  build/stm32f4xx_hal_tim.o
TIMEx_DMACommutationHalfCplt                      build/stm32f4xx_hal_tim_ex.o
                                                  build/stm32f4xx_hal_tim.o
TIM_Base_SetConfig                                build/stm32f4xx_hal_tim.o
                                                  build/stm32f4xx_hal_tim_ex.o
TIM_CCxChannelCmd                                 build/stm32f4xx_hal_tim.o
                                                  build/stm32f4xx_hal_tim_ex.o
TIM_DMACaptureCplt                                build/stm32f4xx_hal_tim.o
                                                  build/stm32f4xx_hal_tim_ex.o
TIM_DMACaptureHalfCplt                            build/stm32f4xx_hal_tim.o
                                                  build/stm32f4xx_hal_tim_ex.o
TIM_DMADelayPulseHalfCplt                         build/stm32f4xx_hal_tim.o
                                                  build/stm32f4xx_hal_tim_ex.o
TIM_DMAError                                      build/stm32f4xx_hal_tim.o
                                                  build/stm32f4xx_hal_tim_ex.o
TIM_ETR_SetConfig                                 build/stm32f4xx_hal_tim.o
TIM_OC2_SetConfig                                 build/stm32f4xx_hal_tim.o
                                                  build/stm32f4xx_hal_tim_ex.o
TIM_TI1_SetConfig                                 build/stm32f4xx_hal_tim.o
                                                  build/stm32f4xx_hal_tim_ex.o
UART_Start_Receive_DMA                            build/stm32f4xx_hal_uart.o
UART_Start_Receive_IT                             build/stm32f4xx_hal_uart.o
USART1_IRQHandler                                 build/stm32f4xx_it.o
USART2_IRQHandler                                 build/startup_stm32f401xc.o
USART6_IRQHandler                                 build/startup_stm32f401xc.o
UsageFault_Handler                                build/stm32f4xx_it.o
WWDG_IRQHandler                                   build/startup_stm32f401xc.o
_Min_Stack_Size                                   build/sysmem.o
__aeabi_idiv0                                     /usr/bin/../lib/gcc/arm-none-eabi/8.3.1/thumb/v7e-m+fp/hard/libgcc.a(_dvmd_tls.o)
__aeabi_ldiv0                                     /usr/bin/../lib/gcc/arm-none-eabi/8.3.1/thumb/v7e-m+fp/hard/libgcc.a(_dvmd_tls.o)
                                                  /usr/bin/../lib/gcc/arm-none-eabi/8.3.1/thumb/v7e-m+fp/hard/libgcc.a(_aeabi_uldivmod.o)
__aeabi_uldivmod                                  /usr/bin/../lib/gcc/arm-none-eabi/8.3.1/thumb/v7e-m+fp/hard/libgcc.a(_aeabi_uldivmod.o)
                                                  build/stm32f4xx_hal_uart.o
                                                  build/stm32f4xx_hal_rcc.o
__bss_end__                                       /usr/bin/../lib/gcc/arm-none-eabi/8.3.1/../../../../arm-none-eabi/lib/thumb/v7e-m+fp/hard/crt0.o
__bss_start__                                     /usr/bin/../lib/gcc/arm-none-eabi/8.3.1/../../../../arm-none-eabi/lib/thumb/v7e-m+fp/hard/crt0.o
__call_exitprocs                                  /usr/bin/../lib/gcc/arm-none-eabi/8.3.1/../../../../arm-none-eabi/lib/thumb/v7e-m+fp/hard/libc_nano.a(lib_a-exit.o)
__deregister_frame_info                           /usr/bin/../lib/gcc/arm-none-eabi/8.3.1/thumb/v7e-m+fp/hard/crtbegin.o
__dso_handle                                      /usr/bin/../lib/gcc/arm-none-eabi/8.3.1/thumb/v7e-m+fp/hard/crtbegin.o
__env                                             build/syscalls.o
__errno                                           /usr/bin/../lib/gcc/arm-none-eabi/8.3.1/../../../../arm-none-eabi/lib/thumb/v7e-m+fp/hard/libc_nano.a(lib_a-errno.o)
                                                  build/syscalls.o
                                                  build/sysmem.o
__init_array_end                                  /usr/bin/../lib/gcc/arm-none-eabi/8.3.1/../../../../arm-none-eabi/lib/thumb/v7e-m+fp/hard/libc_nano.a(lib_a-init.o)
__init_array_start                                /usr/bin/../lib/gcc/arm-none-eabi/8.3.1/../../../../arm-none-eabi/lib/thumb/v7e-m+fp/hard/libc_nano.a(lib_a-init.o)
__io_getchar                                      build/syscalls.o
__io_putchar                                      build/syscalls.o
__libc_fini_array                                 /usr/bin/../lib/gcc/arm-none-eabi/8.3.1/../../../../arm-none-eabi/lib/thumb/v7e-m+fp/hard/crt0.o
__libc_init_array                                 /usr/bin/../lib/gcc/arm-none-eabi/8.3.1/../../../../arm-none-eabi/lib/thumb/v7e-m+fp/hard/libc_nano.a(lib_a-init.o)
                                                  build/startup_stm32f401xc.o
                                                  /usr/bin/../lib/gcc/arm-none-eabi/8.3.1/../../../../arm-none-eabi/lib/thumb/v7e-m+fp/hard/crt0.o
__preinit_array_end                               /usr/bin/../lib/gcc/arm-none-eabi/8.3.1/../../../../arm-none-eabi/lib/thumb/v7e-m+fp/hard/libc_nano.a(lib_a-init.o)
__preinit_array_start                             /usr/bin/../lib/gcc/arm-none-eabi/8.3.1/../../../../arm-none-eabi/lib/thumb/v7e-m+fp/hard/libc_nano.a(lib_a-init.o)
__register_frame_info                             /usr/bin/../lib/gcc/arm-none-eabi/8.3.1/thumb/v7e-m+fp/hard/crtbegin.o
__sf_fake_stderr                                  /usr/bin/../lib/gcc/arm-none-eabi/8.3.1/../../../../arm-none-eabi/lib/thumb/v7e-m+fp/hard/libc_nano.a(lib_a-impure.o)
__sf_fake_stdin                                   /usr/bin/../lib/gcc/arm-none-eabi/8.3.1/../../../../arm-none-eabi/lib/thumb/v7e-m+fp/hard/libc_nano.a(lib_a-impure.o)
__sf_fake_stdout                                  /usr/bin/../lib/gcc/arm-none-eabi/8.3.1/../../../../arm-none-eabi/lib/thumb/v7e-m+fp/hard/libc_nano.a(lib_a-impure.o)
__stack                                           /usr/bin/../lib/gcc/arm-none-eabi/8.3.1/../../../../arm-none-eabi/lib/thumb/v7e-m+fp/hard/crt0.o
__udivmoddi4                                      /usr/bin/../lib/gcc/arm-none-eabi/8.3.1/thumb/v7e-m+fp/hard/libgcc.a(_udivmoddi4.o)
                                                  /usr/bin/../lib/gcc/arm-none-eabi/8.3.1/thumb/v7e-m+fp/hard/libgcc.a(_aeabi_uldivmod.o)
_close                                            build/syscalls.o
_ebss                                             build/startup_stm32f401xc.o
_edata                                            build/startup_stm32f401xc.o
_end                                              build/sysmem.o
_estack                                           build/startup_stm32f401xc.o
                                                  build/sysmem.o
_execve                                           build/syscalls.o
_exit                                             build/syscalls.o
                                                  /usr/bin/../lib/gcc/arm-none-eabi/8.3.1/../../../../arm-none-eabi/lib/thumb/v7e-m+fp/hard/libc_nano.a(lib_a-exit.o)
_fini                                             /usr/bin/../lib/gcc/arm-none-eabi/8.3.1/thumb/v7e-m+fp/hard/crti.o
_fork                                             build/syscalls.o
_fstat                                            build/syscalls.o
_getpid                                           build/syscalls.o
_global_impure_ptr                                /usr/bin/../lib/gcc/arm-none-eabi/8.3.1/../../../../arm-none-eabi/lib/thumb/v7e-m+fp/hard/libc_nano.a(lib_a-impure.o)
                                                  /usr/bin/../lib/gcc/arm-none-eabi/8.3.1/../../../../arm-none-eabi/lib/thumb/v7e-m+fp/hard/libc_nano.a(lib_a-exit.o)
_impure_ptr                                       /usr/bin/../lib/gcc/arm-none-eabi/8.3.1/../../../../arm-none-eabi/lib/thumb/v7e-m+fp/hard/libc_nano.a(lib_a-impure.o)
                                                  /usr/bin/../lib/gcc/arm-none-eabi/8.3.1/../../../../arm-none-eabi/lib/thumb/v7e-m+fp/hard/libc_nano.a(lib_a-errno.o)
_init                                             /usr/bin/../lib/gcc/arm-none-eabi/8.3.1/thumb/v7e-m+fp/hard/crti.o
                                                  /usr/bin/../lib/gcc/arm-none-eabi/8.3.1/../../../../arm-none-eabi/lib/thumb/v7e-m+fp/hard/libc_nano.a(lib_a-init.o)
_isatty                                           build/syscalls.o
_kill                                             build/syscalls.o
_link                                             build/syscalls.o
_lseek                                            build/syscalls.o
_mainCRTStartup                                   /usr/bin/../lib/gcc/arm-none-eabi/8.3.1/../../../../arm-none-eabi/lib/thumb/v7e-m+fp/hard/crt0.o
_open                                             build/syscalls.o
_read                                             build/syscalls.o
_sbrk                                             build/sysmem.o
_sbss                                             build/startup_stm32f401xc.o
_sdata                                            build/startup_stm32f401xc.o
_sidata                                           build/startup_stm32f401xc.o
_start                                            /usr/bin/../lib/gcc/arm-none-eabi/8.3.1/../../../../arm-none-eabi/lib/thumb/v7e-m+fp/hard/crt0.o
_stat                                             build/syscalls.o
_times                                            build/syscalls.o
_unlink                                           build/syscalls.o
_wait                                             build/syscalls.o
_write                                            build/syscalls.o
atexit                                            /usr/bin/../lib/gcc/arm-none-eabi/8.3.1/../../../../arm-none-eabi/lib/thumb/v7e-m+fp/hard/crt0.o
command                                           build/main.o
command_back                                      build/command_line.o
command_flag                                      build/main.o
                                                  build/command_line.o
command_forward                                   build/command_line.o
command_left                                      build/command_line.o
command_right                                     build/command_line.o
command_speeddown                                 build/command_line.o
command_speedup                                   build/command_line.o
command_start                                     build/command_line.o
command_stop                                      build/command_line.o
count                                             build/main.o
                                                  build/command_line.o
data_buffer                                       build/main.o
                                                  build/command_line.o
environ                                           build/syscalls.o
exit                                              /usr/bin/../lib/gcc/arm-none-eabi/8.3.1/../../../../arm-none-eabi/lib/thumb/v7e-m+fp/hard/libc_nano.a(lib_a-exit.o)
                                                  /usr/bin/../lib/gcc/arm-none-eabi/8.3.1/../../../../arm-none-eabi/lib/thumb/v7e-m+fp/hard/crt0.o
g_pfnVectors                                      build/startup_stm32f401xc.o
hardware_init_hook                                /usr/bin/../lib/gcc/arm-none-eabi/8.3.1/../../../../arm-none-eabi/lib/thumb/v7e-m+fp/hard/crt0.o
hdma_usart1_rx                                    build/main.o
                                                  build/stm32f4xx_hal_msp.o
                                                  build/stm32f4xx_it.o
hdma_usart1_tx                                    build/main.o
                                                  build/stm32f4xx_hal_msp.o
                                                  build/stm32f4xx_it.o
htim3                                             build/main.o
                                                  build/motor.o
huart1                                            build/main.o
                                                  build/command_line.o
                                                  build/stm32f4xx_it.o
initialise_monitor_handles                        build/syscalls.o
main                                              build/main.o
                                                  build/startup_stm32f401xc.o
                                                  /usr/bin/../lib/gcc/arm-none-eabi/8.3.1/../../../../arm-none-eabi/lib/thumb/v7e-m+fp/hard/crt0.o